Archive member included to satisfy reference by file (symbol)

c:/program files (x86)/atmel/studio/7.0/toolchain/arm/arm-gnu-toolchain/bin/../lib/gcc/arm-none-eabi/6.3.1/../../../../arm-none-eabi/lib/thumb/v7e-m\libc.a(lib_a-exit.o)
                              c:/program files (x86)/atmel/studio/7.0/toolchain/arm/arm-gnu-toolchain/bin/../lib/gcc/arm-none-eabi/6.3.1/../../../../arm-none-eabi/lib/thumb/v7e-m/crt0.o (exit)
c:/program files (x86)/atmel/studio/7.0/toolchain/arm/arm-gnu-toolchain/bin/../lib/gcc/arm-none-eabi/6.3.1/../../../../arm-none-eabi/lib/thumb/v7e-m\libc.a(lib_a-impure.o)
                              c:/program files (x86)/atmel/studio/7.0/toolchain/arm/arm-gnu-toolchain/bin/../lib/gcc/arm-none-eabi/6.3.1/../../../../arm-none-eabi/lib/thumb/v7e-m\libc.a(lib_a-exit.o) (_global_impure_ptr)
c:/program files (x86)/atmel/studio/7.0/toolchain/arm/arm-gnu-toolchain/bin/../lib/gcc/arm-none-eabi/6.3.1/../../../../arm-none-eabi/lib/thumb/v7e-m\libc.a(lib_a-init.o)
                              c:/program files (x86)/atmel/studio/7.0/toolchain/arm/arm-gnu-toolchain/bin/../lib/gcc/arm-none-eabi/6.3.1/../../../../arm-none-eabi/lib/thumb/v7e-m/crt0.o (__libc_init_array)
c:/program files (x86)/atmel/studio/7.0/toolchain/arm/arm-gnu-toolchain/bin/../lib/gcc/arm-none-eabi/6.3.1/../../../../arm-none-eabi/lib/thumb/v7e-m\libc.a(lib_a-memset.o)
                              c:/program files (x86)/atmel/studio/7.0/toolchain/arm/arm-gnu-toolchain/bin/../lib/gcc/arm-none-eabi/6.3.1/../../../../arm-none-eabi/lib/thumb/v7e-m/crt0.o (memset)
c:/program files (x86)/atmel/studio/7.0/toolchain/arm/arm-gnu-toolchain/bin/../lib/gcc/arm-none-eabi/6.3.1/../../../../arm-none-eabi/lib/thumb/v7e-m\libc.a(lib_a-__call_atexit.o)
                              c:/program files (x86)/atmel/studio/7.0/toolchain/arm/arm-gnu-toolchain/bin/../lib/gcc/arm-none-eabi/6.3.1/../../../../arm-none-eabi/lib/thumb/v7e-m\libc.a(lib_a-exit.o) (__call_exitprocs)
c:/program files (x86)/atmel/studio/7.0/toolchain/arm/arm-gnu-toolchain/bin/../lib/gcc/arm-none-eabi/6.3.1/../../../../arm-none-eabi/lib/thumb/v7e-m\libc.a(lib_a-atexit.o)
                              c:/program files (x86)/atmel/studio/7.0/toolchain/arm/arm-gnu-toolchain/bin/../lib/gcc/arm-none-eabi/6.3.1/../../../../arm-none-eabi/lib/thumb/v7e-m\libc.a(lib_a-__call_atexit.o) (atexit)
c:/program files (x86)/atmel/studio/7.0/toolchain/arm/arm-gnu-toolchain/bin/../lib/gcc/arm-none-eabi/6.3.1/../../../../arm-none-eabi/lib/thumb/v7e-m\libc.a(lib_a-fini.o)
                              c:/program files (x86)/atmel/studio/7.0/toolchain/arm/arm-gnu-toolchain/bin/../lib/gcc/arm-none-eabi/6.3.1/../../../../arm-none-eabi/lib/thumb/v7e-m\libc.a(lib_a-__call_atexit.o) (__libc_fini_array)
c:/program files (x86)/atmel/studio/7.0/toolchain/arm/arm-gnu-toolchain/bin/../lib/gcc/arm-none-eabi/6.3.1/../../../../arm-none-eabi/lib/thumb/v7e-m\libc.a(lib_a-lock.o)
                              c:/program files (x86)/atmel/studio/7.0/toolchain/arm/arm-gnu-toolchain/bin/../lib/gcc/arm-none-eabi/6.3.1/../../../../arm-none-eabi/lib/thumb/v7e-m\libc.a(lib_a-__call_atexit.o) (__retarget_lock_acquire_recursive)
c:/program files (x86)/atmel/studio/7.0/toolchain/arm/arm-gnu-toolchain/bin/../lib/gcc/arm-none-eabi/6.3.1/../../../../arm-none-eabi/lib/thumb/v7e-m\libc.a(lib_a-__atexit.o)
                              c:/program files (x86)/atmel/studio/7.0/toolchain/arm/arm-gnu-toolchain/bin/../lib/gcc/arm-none-eabi/6.3.1/../../../../arm-none-eabi/lib/thumb/v7e-m\libc.a(lib_a-atexit.o) (__register_exitproc)

Allocating common symbols
Common symbol       size              file

__lock___atexit_recursive_mutex
                    0x1               c:/program files (x86)/atmel/studio/7.0/toolchain/arm/arm-gnu-toolchain/bin/../lib/gcc/arm-none-eabi/6.3.1/../../../../arm-none-eabi/lib/thumb/v7e-m\libc.a(lib_a-lock.o)
__lock___arc4random_mutex
                    0x1               c:/program files (x86)/atmel/studio/7.0/toolchain/arm/arm-gnu-toolchain/bin/../lib/gcc/arm-none-eabi/6.3.1/../../../../arm-none-eabi/lib/thumb/v7e-m\libc.a(lib_a-lock.o)
__lock___env_recursive_mutex
                    0x1               c:/program files (x86)/atmel/studio/7.0/toolchain/arm/arm-gnu-toolchain/bin/../lib/gcc/arm-none-eabi/6.3.1/../../../../arm-none-eabi/lib/thumb/v7e-m\libc.a(lib_a-lock.o)
__lock___sinit_recursive_mutex
                    0x1               c:/program files (x86)/atmel/studio/7.0/toolchain/arm/arm-gnu-toolchain/bin/../lib/gcc/arm-none-eabi/6.3.1/../../../../arm-none-eabi/lib/thumb/v7e-m\libc.a(lib_a-lock.o)
__lock___malloc_recursive_mutex
                    0x1               c:/program files (x86)/atmel/studio/7.0/toolchain/arm/arm-gnu-toolchain/bin/../lib/gcc/arm-none-eabi/6.3.1/../../../../arm-none-eabi/lib/thumb/v7e-m\libc.a(lib_a-lock.o)
pio_capture_enable_flag
                    0x4               src/ASF/sam/drivers/pio/pio.o
g_ili9488_display_opt
                    0x10              src/main.o
[...]
Memory Configuration

Name             Origin             Length             Attributes
rom              0x00400000         0x00200000         xr
ram              0x20400000         0x00060000         xrw
*default*        0x00000000         0xffffffff

Linker script and memory map

LOAD c:/program files (x86)/atmel/studio/7.0/toolchain/arm/arm-gnu-toolchain/bin/../lib/gcc/arm-none-eabi/6.3.1/thumb/v7e-m/crti.o
LOAD c:/program files (x86)/atmel/studio/7.0/toolchain/arm/arm-gnu-toolchain/bin/../lib/gcc/arm-none-eabi/6.3.1/thumb/v7e-m/crtbegin.o
LOAD c:/program files (x86)/atmel/studio/7.0/toolchain/arm/arm-gnu-toolchain/bin/../lib/gcc/arm-none-eabi/6.3.1/../../../../arm-none-eabi/lib/thumb/v7e-m/crt0.o
LOAD src/ASF/sam/drivers/tc/tc.o
LOAD src/main.o
LOAD src/ASF/common/services/delay/sam/cycle_counter.o
LOAD src/ASF/common/services/spi/sam_spi/spi_master.o
LOAD src/ASF/sam/components/display/ili9488/ili9488.o
LOAD src/ASF/sam/drivers/spi/spi.o
LOAD src/ASF/common/services/clock/same70/sysclk.o
LOAD src/ASF/common/utils/interrupt/interrupt_sam_nvic.o
LOAD src/ASF/sam/boards/same70_xplained/init.o
LOAD src/ASF/sam/drivers/mpu/mpu.o
LOAD src/ASF/sam/drivers/pio/pio.o
LOAD src/ASF/sam/drivers/pio/pio_handler.o
LOAD src/ASF/sam/drivers/pmc/pmc.o
LOAD src/ASF/sam/drivers/pmc/sleep.o
LOAD src/ASF/sam/utils/cmsis/same70/source/templates/gcc/startup_same70.o
LOAD src/ASF/sam/utils/cmsis/same70/source/templates/system_same70.o
LOAD src/ASF/sam/utils/syscalls/gcc/syscalls.o
START GROUP
LOAD ../src/ASF/thirdparty/CMSIS/Lib/GCC\libarm_cortexM7lfsp_math_softfp.a
LOAD c:/program files (x86)/atmel/studio/7.0/toolchain/arm/arm-gnu-toolchain/bin/../lib/gcc/arm-none-eabi/6.3.1/../../../../arm-none-eabi/lib/thumb/v7e-m\libm.a
END GROUP
START GROUP
LOAD c:/program files (x86)/atmel/studio/7.0/toolchain/arm/arm-gnu-toolchain/bin/../lib/gcc/arm-none-eabi/6.3.1/thumb/v7e-m\libgcc.a
LOAD c:/program files (x86)/atmel/studio/7.0/toolchain/arm/arm-gnu-toolchain/bin/../lib/gcc/arm-none-eabi/6.3.1/../../../../arm-none-eabi/lib/thumb/v7e-m\libc.a
END GROUP
LOAD c:/program files (x86)/atmel/studio/7.0/toolchain/arm/arm-gnu-toolchain/bin/../lib/gcc/arm-none-eabi/6.3.1/thumb/v7e-m/crtend.o
LOAD c:/program files (x86)/atmel/studio/7.0/toolchain/arm/arm-gnu-toolchain/bin/../lib/gcc/arm-none-eabi/6.3.1/thumb/v7e-m/crtn.o
                0x00002000                STACK_SIZE = DEFINED (STACK_SIZE)?STACK_SIZE:0x2000
                0x2045fffc                __ram_end__ = ((ORIGIN (ram) + LENGTH (ram)) - 0x4)
                0x00000200                HEAP_SIZE = DEFINED (HEAP_SIZE)?HEAP_SIZE:0x200

.text           0x00400000    0x1b760
                0x00400000                . = ALIGN (0x4)
                0x00400000                _sfixed = .
 *(.vectors .vectors.*)
 .vectors       0x00400000      0x168 src/ASF/sam/utils/cmsis/same70/source/templates/gcc/startup_same70.o
                0x00400000                exception_table
 *(.text .text.* .gnu.linkonce.t.*)
 .text          0x00400168       0x6c c:/program files (x86)/atmel/studio/7.0/toolchain/arm/arm-gnu-toolchain/bin/../lib/gcc/arm-none-eabi/6.3.1/thumb/v7e-m/crtbegin.o
 .text.NVIC_EnableIRQ
                0x004001d4       0x34 src/main.o
 .text.NVIC_SetPriority
                0x00400208       0x54 src/main.o
 .text.Button_callback
                0x0040025c       0x20 src/main.o
 .text.BUT_init
                0x0040027c       0x6c src/main.o
                0x0040027c                BUT_init
 .text.configure_lcd
                0x004002e8       0x4c src/main.o
                0x004002e8                configure_lcd
 .text.font_draw_text
                0x00400334       0x88 src/main.o
                0x00400334                font_draw_text
 .text.main     0x004003bc       0x5c src/main.o
                0x004003bc                main
 .text.osc_get_rate
                0x00400418       0x74 src/ASF/common/services/spi/sam_spi/spi_master.o
 .text.sysclk_get_main_hz
                0x0040048c       0x20 src/ASF/common/services/spi/sam_spi/spi_master.o
 .text.sysclk_get_peripheral_hz
                0x004004ac       0x14 src/ASF/common/services/spi/sam_spi/spi_master.o
 .text.spi_reset
                0x004004c0       0x1a src/ASF/common/services/spi/sam_spi/spi_master.o
 .text.spi_set_master_mode
                0x004004da       0x20 src/ASF/common/services/spi/sam_spi/spi_master.o
 .text.spi_set_fixed_peripheral_select
                0x004004fa       0x20 src/ASF/common/services/spi/sam_spi/spi_master.o
 .text.spi_disable_peripheral_select_decode
                0x0040051a       0x20 src/ASF/common/services/spi/sam_spi/spi_master.o
 .text.spi_get_peripheral_select_decode_setting
                0x0040053a       0x26 src/ASF/common/services/spi/sam_spi/spi_master.o
 .text.spi_disable_mode_fault_detect
                0x00400560       0x20 src/ASF/common/services/spi/sam_spi/spi_master.o
 .text.spi_disable_loopback
                0x00400580       0x20 src/ASF/common/services/spi/sam_spi/spi_master.o
 .text.spi_put  0x004005a0       0x1e src/ASF/common/services/spi/sam_spi/spi_master.o
 .text.spi_get  0x004005be       0x1a src/ASF/common/services/spi/sam_spi/spi_master.o
 .text.spi_is_tx_ready
                0x004005d8       0x26 src/ASF/common/services/spi/sam_spi/spi_master.o
 .text.spi_is_rx_ready
                0x004005fe       0x2c src/ASF/common/services/spi/sam_spi/spi_master.o
 *fill*         0x0040062a        0x2 
 .text.spi_write_single
                0x0040062c       0x24 src/ASF/common/services/spi/sam_spi/spi_master.o
 .text.spi_read_single
                0x00400650       0x24 src/ASF/common/services/spi/sam_spi/spi_master.o
 .text.spi_master_init
                0x00400674       0x70 src/ASF/common/services/spi/sam_spi/spi_master.o
                0x00400674                spi_master_init
 .text.spi_master_setup_device
                0x004006e4       0xb4 src/ASF/common/services/spi/sam_spi/spi_master.o
                0x004006e4                spi_master_setup_device
 .text.spi_select_device
                0x00400798       0x58 src/ASF/common/services/spi/sam_spi/spi_master.o
                0x00400798                spi_select_device
 .text.spi_write_packet
                0x004007f0       0x74 src/ASF/common/services/spi/sam_spi/spi_master.o
                0x004007f0                spi_write_packet
 .text.spi_read_packet
                0x00400864       0xac src/ASF/common/services/spi/sam_spi/spi_master.o
                0x00400864                spi_read_packet
 .text.spi_enable
                0x00400910       0x1a src/ASF/sam/components/display/ili9488/ili9488.o
 .text.spi_enable_interrupt
                0x0040092a       0x1c src/ASF/sam/components/display/ili9488/ili9488.o
 *fill*         0x00400946        0x2 
 .text.ili9488_write_ram_prepare
                0x00400948       0x40 src/ASF/sam/components/display/ili9488/ili9488.o
 .text.ili9488_write_ram_buffer
                0x00400988       0x40 src/ASF/sam/components/display/ili9488/ili9488.o
 .text.ili9488_write_register
                0x004009c8       0x78 src/ASF/sam/components/display/ili9488/ili9488.o
 .text.ili9488_read_chipid
                0x00400a40       0xcc src/ASF/sam/components/display/ili9488/ili9488.o
 .text.ili9488_delay
                0x00400b0c       0x40 src/ASF/sam/components/display/ili9488/ili9488.o
                0x00400b0c                ili9488_delay
 .text.ili9488_check_box_coordinates
                0x00400b4c       0xa2 src/ASF/sam/components/display/ili9488/ili9488.o
 *fill*         0x00400bee        0x2 
 .text.ili9488_set_display_direction
                0x00400bf0       0x34 src/ASF/sam/components/display/ili9488/ili9488.o
                0x00400bf0                ili9488_set_display_direction
 .text.ili9488_set_window
                0x00400c24       0xc8 src/ASF/sam/components/display/ili9488/ili9488.o
                0x00400c24                ili9488_set_window
 .text.ili9488_init
                0x00400cec      0x15c src/ASF/sam/components/display/ili9488/ili9488.o
                0x00400cec                ili9488_init
 .text.ili9488_display_on
                0x00400e48       0x18 src/ASF/sam/components/display/ili9488/ili9488.o
                0x00400e48                ili9488_display_on
 .text.ili9488_set_foreground_color
                0x00400e60       0x54 src/ASF/sam/components/display/ili9488/ili9488.o
                0x00400e60                ili9488_set_foreground_color
 .text.ili9488_set_cursor_position
                0x00400eb4       0x84 src/ASF/sam/components/display/ili9488/ili9488.o
                0x00400eb4                ili9488_set_cursor_position
 .text.ili9488_draw_filled_rectangle
                0x00400f38       0xdc src/ASF/sam/components/display/ili9488/ili9488.o
                0x00400f38                ili9488_draw_filled_rectangle
 .text.ili9488_draw_pixmap
                0x00401014       0xb4 src/ASF/sam/components/display/ili9488/ili9488.o
                0x00401014                ili9488_draw_pixmap
 .text.spi_get_peripheral_select_mode
                0x004010c8       0x26 src/ASF/sam/drivers/spi/spi.o
 *fill*         0x004010ee        0x2 
 .text.sysclk_enable_peripheral_clock
                0x004010f0       0x1c src/ASF/sam/drivers/spi/spi.o
 .text.spi_enable_clock
                0x0040110c       0x3c src/ASF/sam/drivers/spi/spi.o
                0x0040110c                spi_enable_clock
 .text.spi_set_peripheral_chip_select_value
                0x00401148       0x34 src/ASF/sam/drivers/spi/spi.o
                0x00401148                spi_set_peripheral_chip_select_value
 .text.spi_set_delay_between_chip_select
                0x0040117c       0x30 src/ASF/sam/drivers/spi/spi.o
                0x0040117c                spi_set_delay_between_chip_select
 .text.spi_write
                0x004011ac       0x80 src/ASF/sam/drivers/spi/spi.o
                0x004011ac                spi_write
 .text.spi_set_clock_polarity
                0x0040122c       0x50 src/ASF/sam/drivers/spi/spi.o
                0x0040122c                spi_set_clock_polarity
 .text.spi_set_clock_phase
                0x0040127c       0x50 src/ASF/sam/drivers/spi/spi.o
                0x0040127c                spi_set_clock_phase
 .text.spi_configure_cs_behavior
                0x004012cc       0xa6 src/ASF/sam/drivers/spi/spi.o
                0x004012cc                spi_configure_cs_behavior
 .text.spi_set_bits_per_transfer
                0x00401372       0x4a src/ASF/sam/drivers/spi/spi.o
                0x00401372                spi_set_bits_per_transfer
 .text.spi_calc_baudrate_div
                0x004013bc       0x3c src/ASF/sam/drivers/spi/spi.o
                0x004013bc                spi_calc_baudrate_div
 .text.spi_set_baudrate_div
                0x004013f8       0x5e src/ASF/sam/drivers/spi/spi.o
                0x004013f8                spi_set_baudrate_div
 .text.spi_set_transfer_delay
                0x00401456       0x5e src/ASF/sam/drivers/spi/spi.o
                0x00401456                spi_set_transfer_delay
 .text.osc_enable
                0x004014b4       0x88 src/ASF/common/services/clock/same70/sysclk.o
 .text.osc_is_ready
                0x0040153c       0x70 src/ASF/common/services/clock/same70/sysclk.o
 .text.osc_get_rate
                0x004015ac       0x74 src/ASF/common/services/clock/same70/sysclk.o
 .text.osc_wait_ready
                0x00401620       0x2c src/ASF/common/services/clock/same70/sysclk.o
 .text.pll_config_init
                0x0040164c       0x6c src/ASF/common/services/clock/same70/sysclk.o
 .text.pll_enable
                0x004016b8       0x40 src/ASF/common/services/clock/same70/sysclk.o
 .text.pll_is_locked
                0x004016f8       0x2c src/ASF/common/services/clock/same70/sysclk.o
 .text.pll_enable_source
                0x00401724       0x38 src/ASF/common/services/clock/same70/sysclk.o
 .text.pll_wait_for_lock
                0x0040175c       0x24 src/ASF/common/services/clock/same70/sysclk.o
 .text.sysclk_get_main_hz
                0x00401780       0x20 src/ASF/common/services/clock/same70/sysclk.o
 .text.sysclk_get_cpu_hz
                0x004017a0       0x14 src/ASF/common/services/clock/same70/sysclk.o
 .text.sysclk_init
                0x004017b4       0x7c src/ASF/common/services/clock/same70/sysclk.o
                0x004017b4                sysclk_init
 .text.sysclk_enable_peripheral_clock
                0x00401830       0x1c src/ASF/sam/boards/same70_xplained/init.o
 .text.ioport_init
                0x0040184c       0x2c src/ASF/sam/boards/same70_xplained/init.o
 .text.ioport_disable_pin
                0x00401878       0x4c src/ASF/sam/boards/same70_xplained/init.o
 .text.ioport_set_pin_mode
                0x004018c4      0x11c src/ASF/sam/boards/same70_xplained/init.o
 .text.ioport_set_pin_dir
                0x004019e0       0x88 src/ASF/sam/boards/same70_xplained/init.o
 .text.ioport_set_pin_level
                0x00401a68       0x6c src/ASF/sam/boards/same70_xplained/init.o
 .text.ioport_set_pin_sense_mode
                0x00401ad4       0xd0 src/ASF/sam/boards/same70_xplained/init.o
 .text.tcm_disable
                0x00401ba4       0x44 src/ASF/sam/boards/same70_xplained/init.o
 .text.board_init
                0x00401be8       0xa8 src/ASF/sam/boards/same70_xplained/init.o
                0x00401be8                board_init
 .text.pio_pull_up
                0x00401c90       0x2c src/ASF/sam/drivers/pio/pio.o
                0x00401c90                pio_pull_up
 .text.pio_set_input
                0x00401cbc       0x80 src/ASF/sam/drivers/pio/pio.o
                0x00401cbc                pio_set_input
 .text.pio_configure_interrupt
                0x00401d3c       0x6c src/ASF/sam/drivers/pio/pio.o
                0x00401d3c                pio_configure_interrupt
 .text.pio_enable_interrupt
                0x00401da8       0x1c src/ASF/sam/drivers/pio/pio.o
                0x00401da8                pio_enable_interrupt
 .text.pio_disable_interrupt
                0x00401dc4       0x1c src/ASF/sam/drivers/pio/pio.o
                0x00401dc4                pio_disable_interrupt
 .text.pio_get_interrupt_status
                0x00401de0       0x18 src/ASF/sam/drivers/pio/pio.o
                0x00401de0                pio_get_interrupt_status
 .text.pio_get_interrupt_mask
                0x00401df8       0x18 src/ASF/sam/drivers/pio/pio.o
                0x00401df8                pio_get_interrupt_mask
 .text.pio_set_pin_high
                0x00401e10       0x30 src/ASF/sam/drivers/pio/pio.o
                0x00401e10                pio_set_pin_high
 .text.pio_set_pin_low
                0x00401e40       0x30 src/ASF/sam/drivers/pio/pio.o
                0x00401e40                pio_set_pin_low
 .text.pio_get_pin_group
                0x00401e70       0x28 src/ASF/sam/drivers/pio/pio.o
                0x00401e70                pio_get_pin_group
 .text.pio_handler_process
                0x00401e98       0xb4 src/ASF/sam/drivers/pio/pio_handler.o
                0x00401e98                pio_handler_process
 .text.pio_handler_set
                0x00401f4c       0xa0 src/ASF/sam/drivers/pio/pio_handler.o
                0x00401f4c                pio_handler_set
 .text.PIOA_Handler
                0x00401fec       0x18 src/ASF/sam/drivers/pio/pio_handler.o
                0x00401fec                PIOA_Handler
 .text.PIOB_Handler
                0x00402004       0x18 src/ASF/sam/drivers/pio/pio_handler.o
                0x00402004                PIOB_Handler
 .text.PIOC_Handler
                0x0040201c       0x18 src/ASF/sam/drivers/pio/pio_handler.o
                0x0040201c                PIOC_Handler
 .text.PIOD_Handler
                0x00402034       0x18 src/ASF/sam/drivers/pio/pio_handler.o
                0x00402034                PIOD_Handler
 .text.PIOE_Handler
                0x0040204c       0x18 src/ASF/sam/drivers/pio/pio_handler.o
                0x0040204c                PIOE_Handler
 .text.pmc_mck_set_division
                0x00402064       0x7c src/ASF/sam/drivers/pmc/pmc.o
                0x00402064                pmc_mck_set_division
 .text.pmc_switch_mck_to_pllack
                0x004020e0       0x84 src/ASF/sam/drivers/pmc/pmc.o
                0x004020e0                pmc_switch_mck_to_pllack
 .text.pmc_switch_sclk_to_32kxtal
                0x00402164       0x38 src/ASF/sam/drivers/pmc/pmc.o
                0x00402164                pmc_switch_sclk_to_32kxtal
 .text.pmc_osc_is_ready_32kxtal
                0x0040219c       0x34 src/ASF/sam/drivers/pmc/pmc.o
                0x0040219c                pmc_osc_is_ready_32kxtal
 .text.pmc_switch_mainck_to_fastrc
                0x004021d0       0x70 src/ASF/sam/drivers/pmc/pmc.o
                0x004021d0                pmc_switch_mainck_to_fastrc
 .text.pmc_switch_mainck_to_xtal
                0x00402240       0x78 src/ASF/sam/drivers/pmc/pmc.o
                0x00402240                pmc_switch_mainck_to_xtal
 .text.pmc_osc_is_ready_mainck
                0x004022b8       0x1c src/ASF/sam/drivers/pmc/pmc.o
                0x004022b8                pmc_osc_is_ready_mainck
 .text.pmc_disable_pllack
                0x004022d4       0x1c src/ASF/sam/drivers/pmc/pmc.o
                0x004022d4                pmc_disable_pllack
 .text.pmc_is_locked_pllack
                0x004022f0       0x1c src/ASF/sam/drivers/pmc/pmc.o
                0x004022f0                pmc_is_locked_pllack
 .text.pmc_is_locked_upll
                0x0040230c       0x1c src/ASF/sam/drivers/pmc/pmc.o
                0x0040230c                pmc_is_locked_upll
 .text.pmc_enable_periph_clk
                0x00402328       0x3c src/ASF/sam/drivers/pmc/pmc.o
                0x00402328                pmc_enable_periph_clk
 .text.pmc_set_flash_in_wait_mode
                0x00402364       0x20 src/ASF/sam/drivers/pmc/pmc.o
                0x00402364                pmc_set_flash_in_wait_mode
 .text.pmc_enable_waitmode
                0x00402384       0x90 src/ASF/sam/drivers/pmc/pmc.o
                0x00402384                pmc_enable_waitmode
 .text.pmc_sleep
                0x00402414      0x398 src/ASF/sam/drivers/pmc/sleep.o
                0x00402414                pmc_sleep
 .text.cpu_irq_save
                0x004027ac       0x38 src/ASF/sam/utils/cmsis/same70/source/templates/gcc/startup_same70.o
 .text.cpu_irq_is_enabled_flags
                0x004027e4       0x20 src/ASF/sam/utils/cmsis/same70/source/templates/gcc/startup_same70.o
 .text.cpu_irq_restore
                0x00402804       0x30 src/ASF/sam/utils/cmsis/same70/source/templates/gcc/startup_same70.o
 .text.Reset_Handler
                0x00402834       0xb0 src/ASF/sam/utils/cmsis/same70/source/templates/gcc/startup_same70.o
                0x00402834                Reset_Handler
 .text.Dummy_Handler
                0x004028e4        0x6 src/ASF/sam/utils/cmsis/same70/source/templates/gcc/startup_same70.o
                0x004028e4                DACC_Handler
                0x004028e4                DebugMon_Handler
                0x004028e4                UART3_Handler
                0x004028e4                UART2_Handler
                0x004028e4                TRNG_Handler
                0x004028e4                HardFault_Handler
                0x004028e4                TC2_Handler
                0x004028e4                SysTick_Handler
                0x004028e4                AFEC1_Handler
                0x004028e4                PendSV_Handler
                0x004028e4                NMI_Handler
                0x004028e4                TC7_Handler
                0x004028e4                QSPI_Handler
                0x004028e4                ISI_Handler
                0x004028e4                MCAN0_INT0_Handler
                0x004028e4                TC9_Handler
                0x004028e4                RSWDT_Handler
                0x004028e4                USART0_Handler
                0x004028e4                RTT_Handler
                0x004028e4                USBHS_Handler
                0x004028e4                IXC_Handler
                0x004028e4                CCF_Handler
                0x004028e4                RTC_Handler
                0x004028e4                UsageFault_Handler
                0x004028e4                TC6_Handler
                0x004028e4                WDT_Handler
                0x004028e4                MCAN1_INT1_Handler
                0x004028e4                TC4_Handler
                0x004028e4                TC1_Handler
                0x004028e4                HSMCI_Handler
                0x004028e4                UART1_Handler
                0x004028e4                TC3_Handler
                0x004028e4                Dummy_Handler
                0x004028e4                TWIHS1_Handler
                0x004028e4                XDMAC_Handler
                0x004028e4                UART4_Handler
                0x004028e4                PWM1_Handler
                0x004028e4                USART1_Handler
                0x004028e4                PWM0_Handler
                0x004028e4                AFEC0_Handler
                0x004028e4                CCW_Handler
                0x004028e4                TC11_Handler
                0x004028e4                SSC_Handler
                0x004028e4                ACC_Handler
                0x004028e4                PMC_Handler
                0x004028e4                GMAC_Handler
                0x004028e4                MCAN0_INT1_Handler
                0x004028e4                GMAC_Q5_Handler
                0x004028e4                MemManage_Handler
                0x004028e4                SUPC_Handler
                0x004028e4                SVC_Handler
                0x004028e4                TC8_Handler
                0x004028e4                MCAN1_INT0_Handler
                0x004028e4                EFC_Handler
                0x004028e4                GMAC_Q1_Handler
                0x004028e4                USART2_Handler
                0x004028e4                SDRAMC_Handler
                0x004028e4                GMAC_Q2_Handler
                0x004028e4                SPI1_Handler
                0x004028e4                TC10_Handler
                0x004028e4                GMAC_Q3_Handler
                0x004028e4                TWIHS2_Handler
                0x004028e4                I2SC0_Handler
                0x004028e4                UART0_Handler
                0x004028e4                I2SC1_Handler
                0x004028e4                GMAC_Q4_Handler
                0x004028e4                FPU_Handler
                0x004028e4                BusFault_Handler
                0x004028e4                RSTC_Handler
                0x004028e4                TC0_Handler
                0x004028e4                TC5_Handler
                0x004028e4                AES_Handler
                0x004028e4                ICM_Handler
                0x004028e4                TWIHS0_Handler
                0x004028e4                SPI0_Handler
 *fill*         0x004028ea        0x2 
 .text.SystemCoreClockUpdate
                0x004028ec      0x168 src/ASF/sam/utils/cmsis/same70/source/templates/system_same70.o
                0x004028ec                SystemCoreClockUpdate
 .text.system_init_flash
                0x00402a54       0xb0 src/ASF/sam/utils/cmsis/same70/source/templates/system_same70.o
                0x00402a54                system_init_flash
 .text.__libc_init_array
                0x00402b04       0x50 c:/program files (x86)/atmel/studio/7.0/toolchain/arm/arm-gnu-toolchain/bin/../lib/gcc/arm-none-eabi/6.3.1/../../../../arm-none-eabi/lib/thumb/v7e-m\libc.a(lib_a-init.o)
                0x00402b04                __libc_init_array
 .text.startup.register_fini
                0x00402b54       0x14 c:/program files (x86)/atmel/studio/7.0/toolchain/arm/arm-gnu-toolchain/bin/../lib/gcc/arm-none-eabi/6.3.1/../../../../arm-none-eabi/lib/thumb/v7e-m\libc.a(lib_a-__call_atexit.o)
 .text.atexit   0x00402b68        0xc c:/program files (x86)/atmel/studio/7.0/toolchain/arm/arm-gnu-toolchain/bin/../lib/gcc/arm-none-eabi/6.3.1/../../../../arm-none-eabi/lib/thumb/v7e-m\libc.a(lib_a-atexit.o)
                0x00402b68                atexit
 .text.__libc_fini_array
                0x00402b74       0x34 c:/program files (x86)/atmel/studio/7.0/toolchain/arm/arm-gnu-toolchain/bin/../lib/gcc/arm-none-eabi/6.3.1/../../../../arm-none-eabi/lib/thumb/v7e-m\libc.a(lib_a-fini.o)
                0x00402b74                __libc_fini_array
 .text.__retarget_lock_acquire_recursive
                0x00402ba8        0x4 c:/program files (x86)/atmel/studio/7.0/toolchain/arm/arm-gnu-toolchain/bin/../lib/gcc/arm-none-eabi/6.3.1/../../../../arm-none-eabi/lib/thumb/v7e-m\libc.a(lib_a-lock.o)
                0x00402ba8                __retarget_lock_acquire_recursive
 .text.__retarget_lock_release_recursive
                0x00402bac        0x4 c:/program files (x86)/atmel/studio/7.0/toolchain/arm/arm-gnu-toolchain/bin/../lib/gcc/arm-none-eabi/6.3.1/../../../../arm-none-eabi/lib/thumb/v7e-m\libc.a(lib_a-lock.o)
                0x00402bac                __retarget_lock_release_recursive
 .text.__register_exitproc
                0x00402bb0       0xc4 c:/program files (x86)/atmel/studio/7.0/toolchain/arm/arm-gnu-toolchain/bin/../lib/gcc/arm-none-eabi/6.3.1/../../../../arm-none-eabi/lib/thumb/v7e-m\libc.a(lib_a-__atexit.o)
                0x00402bb0                __register_exitproc
 *(.glue_7t)
 .glue_7t       0x00402c74        0x0 linker stubs
 *(.glue_7)
 .glue_7        0x00402c74        0x0 linker stubs
 *(.rodata .rodata* .gnu.linkonce.r.*)
 .rodata.image_data_arial_72_0x30
                0x00402c74     0x2760 src/main.o
 .rodata.arial_72_0x30
                0x004053d4       0x10 src/main.o
 .rodata.image_data_arial_72_0x31
                0x004053e4     0x2760 src/main.o
 .rodata.arial_72_0x31
                0x00407b44       0x10 src/main.o
 .rodata.image_data_arial_72_0x32
                0x00407b54     0x2760 src/main.o
 .rodata.arial_72_0x32
                0x0040a2b4       0x10 src/main.o
 .rodata.image_data_arial_72_0x33
                0x0040a2c4     0x2760 src/main.o
 .rodata.arial_72_0x33
                0x0040ca24       0x10 src/main.o
 .rodata.image_data_arial_72_0x34
                0x0040ca34     0x2760 src/main.o
 .rodata.arial_72_0x34
                0x0040f194       0x10 src/main.o
 .rodata.image_data_arial_72_0x35
                0x0040f1a4     0x2760 src/main.o
 .rodata.arial_72_0x35
                0x00411904       0x10 src/main.o
 .rodata.image_data_arial_72_0x36
                0x00411914     0x2760 src/main.o
 .rodata.arial_72_0x36
                0x00414074       0x10 src/main.o
 .rodata.image_data_arial_72_0x37
                0x00414084     0x2760 src/main.o
 .rodata.arial_72_0x37
                0x004167e4       0x10 src/main.o
 .rodata.image_data_arial_72_0x38
                0x004167f4     0x2760 src/main.o
 .rodata.arial_72_0x38
                0x00418f54       0x10 src/main.o
 .rodata.image_data_arial_72_0x39
                0x00418f64     0x2760 src/main.o
 .rodata.arial_72_0x39
                0x0041b6c4       0x10 src/main.o
 .rodata.arial_72_array
                0x0041b6d4       0x50 src/main.o
 .rodata.arial_72
                0x0041b724        0xc src/main.o
                0x0041b724                arial_72
 .rodata        0x0041b730        0x7 src/main.o
 *fill*         0x0041b737        0x1 
 .rodata._global_impure_ptr
                0x0041b738        0x4 c:/program files (x86)/atmel/studio/7.0/toolchain/arm/arm-gnu-toolchain/bin/../lib/gcc/arm-none-eabi/6.3.1/../../../../arm-none-eabi/lib/thumb/v7e-m\libc.a(lib_a-impure.o)
                0x0041b738                _global_impure_ptr
 *(.ARM.extab* .gnu.linkonce.armextab.*)
                0x0041b73c                . = ALIGN (0x4)
 *(.init)
 .init          0x0041b73c        0x4 c:/program files (x86)/atmel/studio/7.0/toolchain/arm/arm-gnu-toolchain/bin/../lib/gcc/arm-none-eabi/6.3.1/thumb/v7e-m/crti.o
                0x0041b73c                _init
 .init          0x0041b740        0x8 c:/program files (x86)/atmel/studio/7.0/toolchain/arm/arm-gnu-toolchain/bin/../lib/gcc/arm-none-eabi/6.3.1/thumb/v7e-m/crtn.o
                0x0041b748                . = ALIGN (0x4)
                0x0041b748                __preinit_array_start = .
 *(.preinit_array)
                0x0041b748                __preinit_array_end = .
                0x0041b748                . = ALIGN (0x4)
                0x0041b748                __init_array_start = .
 *(SORT(.init_array.*))
 .init_array.00000
                0x0041b748        0x4 c:/program files (x86)/atmel/studio/7.0/toolchain/arm/arm-gnu-toolchain/bin/../lib/gcc/arm-none-eabi/6.3.1/../../../../arm-none-eabi/lib/thumb/v7e-m\libc.a(lib_a-__call_atexit.o)
 *(.init_array)
 .init_array    0x0041b74c        0x4 c:/program files (x86)/atmel/studio/7.0/toolchain/arm/arm-gnu-toolchain/bin/../lib/gcc/arm-none-eabi/6.3.1/thumb/v7e-m/crtbegin.o
                0x0041b750                __init_array_end = .
                0x0041b750                . = ALIGN (0x4)
 *crtbegin.o(.ctors)
 *(EXCLUDE_FILE(*crtend.o) .ctors)
 *(SORT(.ctors.*))
 *crtend.o(.ctors)
                0x0041b750                . = ALIGN (0x4)
 *(.fini)
 .fini          0x0041b750        0x4 c:/program files (x86)/atmel/studio/7.0/toolchain/arm/arm-gnu-toolchain/bin/../lib/gcc/arm-none-eabi/6.3.1/thumb/v7e-m/crti.o
                0x0041b750                _fini
 .fini          0x0041b754        0x8 c:/program files (x86)/atmel/studio/7.0/toolchain/arm/arm-gnu-toolchain/bin/../lib/gcc/arm-none-eabi/6.3.1/thumb/v7e-m/crtn.o
                0x0041b75c                . = ALIGN (0x4)
                0x0041b75c                __fini_array_start = .
 *(.fini_array)
 .fini_array    0x0041b75c        0x4 c:/program files (x86)/atmel/studio/7.0/toolchain/arm/arm-gnu-toolchain/bin/../lib/gcc/arm-none-eabi/6.3.1/thumb/v7e-m/crtbegin.o
 *(SORT(.fini_array.*))
                0x0041b760                __fini_array_end = .
 *crtbegin.o(.dtors)
 *(EXCLUDE_FILE(*crtend.o) .dtors)
 *(SORT(.dtors.*))
 *crtend.o(.dtors)
                0x0041b760                . = ALIGN (0x4)
                0x0041b760                _efixed = .
                [!provide]                PROVIDE (__exidx_start, .)

.vfp11_veneer   0x0041b760        0x0
 .vfp11_veneer  0x0041b760        0x0 linker stubs

.v4_bx          0x0041b760        0x0
 .v4_bx         0x0041b760        0x0 linker stubs

.iplt           0x0041b760        0x0
 .iplt          0x0041b760        0x0 c:/program files (x86)/atmel/studio/7.0/toolchain/arm/arm-gnu-toolchain/bin/../lib/gcc/arm-none-eabi/6.3.1/thumb/v7e-m/crtbegin.o

.eh_frame       0x0041b760        0x0
 .eh_frame      0x0041b760        0x0 c:/program files (x86)/atmel/studio/7.0/toolchain/arm/arm-gnu-toolchain/bin/../lib/gcc/arm-none-eabi/6.3.1/thumb/v7e-m/crtbegin.o

.rel.dyn        0x0041b760        0x0
 .rel.iplt      0x0041b760        0x0 c:/program files (x86)/atmel/studio/7.0/toolchain/arm/arm-gnu-toolchain/bin/../lib/gcc/arm-none-eabi/6.3.1/thumb/v7e-m/crtbegin.o

.jcr            0x0041b760        0x0
 .jcr           0x0041b760        0x0 c:/program files (x86)/atmel/studio/7.0/toolchain/arm/arm-gnu-toolchain/bin/../lib/gcc/arm-none-eabi/6.3.1/thumb/v7e-m/crtbegin.o

.igot.plt       0x0041b760        0x0
 .igot.plt      0x0041b760        0x0 c:/program files (x86)/atmel/studio/7.0/toolchain/arm/arm-gnu-toolchain/bin/../lib/gcc/arm-none-eabi/6.3.1/thumb/v7e-m/crtbegin.o

.ARM.exidx
 *(.ARM.exidx* .gnu.linkonce.armexidx.*)
                [!provide]                PROVIDE (__exidx_end, .)
                0x0041b760                . = ALIGN (0x4)
                0x0041b760                _etext = .

.relocate       0x20400000      0x43c load address 0x0041b760
                0x20400000                . = ALIGN (0x4)
                0x20400000                _srelocate = .
 *(.ramfunc .ramfunc.*)
 *(.data .data.*)
 .data.g_interrupt_enabled
                0x20400000        0x1 src/ASF/common/utils/interrupt/interrupt_sam_nvic.o
                0x20400000                g_interrupt_enabled
 *fill*         0x20400001        0x3 
 .data.ul_flash_in_wait_mode
                0x20400004        0x4 src/ASF/sam/drivers/pmc/pmc.o
 .data.SystemCoreClock
                0x20400008        0x4 src/ASF/sam/utils/cmsis/same70/source/templates/system_same70.o
                0x20400008                SystemCoreClock
 *fill*         0x2040000c        0x4 
 .data.impure_data
                0x20400010      0x428 c:/program files (x86)/atmel/studio/7.0/toolchain/arm/arm-gnu-toolchain/bin/../lib/gcc/arm-none-eabi/6.3.1/../../../../arm-none-eabi/lib/thumb/v7e-m\libc.a(lib_a-impure.o)
 .data.__atexit_recursive_mutex
                0x20400438        0x4 c:/program files (x86)/atmel/studio/7.0/toolchain/arm/arm-gnu-toolchain/bin/../lib/gcc/arm-none-eabi/6.3.1/../../../../arm-none-eabi/lib/thumb/v7e-m\libc.a(lib_a-__call_atexit.o)
                0x20400438                __atexit_recursive_mutex
                0x2040043c                . = ALIGN (0x4)
                0x2040043c                _erelocate = .

.bss            0x2040043c      0x490 load address 0x0041bb9c
                0x2040043c                . = ALIGN (0x4)
                0x2040043c                _sbss = .
                0x2040043c                _szero = .
 *(.bss .bss.*)
 .bss           0x2040043c       0x1c c:/program files (x86)/atmel/studio/7.0/toolchain/arm/arm-gnu-toolchain/bin/../lib/gcc/arm-none-eabi/6.3.1/thumb/v7e-m/crtbegin.o
 .bss.pulsos    0x20400458        0x1 src/main.o
                0x20400458                pulsos
 *fill*         0x20400459        0x3 
 .bss.g_ul_pixel_cache
                0x2040045c      0x3c0 src/ASF/sam/components/display/ili9488/ili9488.o
 .bss.gs_interrupt_sources
                0x2040081c       0x70 src/ASF/sam/drivers/pio/pio_handler.o
 .bss.gs_ul_nb_sources
                0x2040088c        0x4 src/ASF/sam/drivers/pio/pio_handler.o
 .bss.b_is_sleep_clock_used
                0x20400890        0x1 src/ASF/sam/drivers/pmc/sleep.o
 *fill*         0x20400891        0x3 
 .bss.callback_clocks_restored
                0x20400894        0x4 src/ASF/sam/drivers/pmc/sleep.o
 *(COMMON)
 COMMON         0x20400898       0x10 src/main.o
                0x20400898                g_ili9488_display_opt
 COMMON         0x204008a8       0x21 c:/program files (x86)/atmel/studio/7.0/toolchain/arm/arm-gnu-toolchain/bin/../lib/gcc/arm-none-eabi/6.3.1/../../../../arm-none-eabi/lib/thumb/v7e-m\libc.a(lib_a-lock.o)
                0x204008a8                __lock___atexit_recursive_mutex
                0x204008ac                __lock___arc4random_mutex
                0x204008b0                __lock___env_recursive_mutex
                0x204008b4                __lock___sinit_recursive_mutex
                0x204008b8                __lock___malloc_recursive_mutex
                0x204008bc                __lock___at_quick_exit_mutex
                0x204008c0                __lock___dd_hash_mutex
                0x204008c4                __lock___tz_mutex
                0x204008c8                __lock___sfp_recursive_mutex
                0x204008cc                . = ALIGN (0x4)
 *fill*         0x204008c9        0x3 
                0x204008cc                _ebss = .
                0x204008cc                _ezero = .

.stack          0x204008cc     0x2004 load address 0x0041c02c
                0x204008d0                . = ALIGN (0x8)
 *fill*         0x204008cc        0x4 
                0x204008d0                _sstack = .
                0x204028d0                . = (. + STACK_SIZE)
 *fill*         0x204008d0     0x2000 
                0x204028d0                . = ALIGN (0x8)
                0x204028d0                _estack = .

.heap           0x204028d0      0x200 load address 0x0041e030
                0x204028d0                . = ALIGN (0x8)
                0x204028d0                _sheap = .
                0x20402ad0                . = (. + HEAP_SIZE)
 *fill*         0x204028d0      0x200 
                0x20402ad0                . = ALIGN (0x8)
                0x20402ad0                _eheap = .
                0x20402ad0                . = ALIGN (0x4)
                0x20402ad0                _end = .
                0x2045ffff                _ram_end_ = ((ORIGIN (ram) + LENGTH (ram)) - 0x1)
OUTPUT(SAME70_FONTS.elf elf32-littlearm)

.ARM.attributes
                0x00000000       0x2e
 .ARM.attributes
                0x00000000       0x1e c:/program files (x86)/atmel/studio/7.0/toolchain/arm/arm-gnu-toolchain/bin/../lib/gcc/arm-none-eabi/6.3.1/thumb/v7e-m/crti.o
 .ARM.attributes
                0x0000001e       0x2e c:/program files (x86)/atmel/studio/7.0/toolchain/arm/arm-gnu-toolchain/bin/../lib/gcc/arm-none-eabi/6.3.1/thumb/v7e-m/crtbegin.o
 .ARM.attributes
                0x0000004c       0x37 src/main.o
 .ARM.attributes
                0x00000083       0x37 src/ASF/common/services/spi/sam_spi/spi_master.o
 .ARM.attributes
                0x000000ba       0x37 src/ASF/sam/components/display/ili9488/ili9488.o
 .ARM.attributes
                0x000000f1       0x37 src/ASF/sam/drivers/spi/spi.o
 .ARM.attributes
                0x00000128       0x37 src/ASF/common/services/clock/same70/sysclk.o
 .ARM.attributes
                0x0000015f       0x37 src/ASF/common/utils/interrupt/interrupt_sam_nvic.o
 .ARM.attributes
                0x00000196       0x37 src/ASF/sam/boards/same70_xplained/init.o
 .ARM.attributes
                0x000001cd       0x37 src/ASF/sam/drivers/pio/pio.o
 .ARM.attributes
                0x00000204       0x37 src/ASF/sam/drivers/pio/pio_handler.o
 .ARM.attributes
                0x0000023b       0x37 src/ASF/sam/drivers/pmc/pmc.o
 .ARM.attributes
                0x00000272       0x37 src/ASF/sam/drivers/pmc/sleep.o
 .ARM.attributes
                0x000002a9       0x37 src/ASF/sam/utils/cmsis/same70/source/templates/gcc/startup_same70.o
 .ARM.attributes
                0x000002e0       0x37 src/ASF/sam/utils/cmsis/same70/source/templates/system_same70.o
 .ARM.attributes
                0x00000317       0x2e c:/program files (x86)/atmel/studio/7.0/toolchain/arm/arm-gnu-toolchain/bin/../lib/gcc/arm-none-eabi/6.3.1/../../../../arm-none-eabi/lib/thumb/v7e-m\libc.a(lib_a-impure.o)
 .ARM.attributes
                0x00000345       0x2e c:/program files (x86)/atmel/studio/7.0/toolchain/arm/arm-gnu-toolchain/bin/../lib/gcc/arm-none-eabi/6.3.1/../../../../arm-none-eabi/lib/thumb/v7e-m\libc.a(lib_a-init.o)
 .ARM.attributes
                0x00000373       0x2e c:/program files (x86)/atmel/studio/7.0/toolchain/arm/arm-gnu-toolchain/bin/../lib/gcc/arm-none-eabi/6.3.1/../../../../arm-none-eabi/lib/thumb/v7e-m\libc.a(lib_a-__call_atexit.o)
 .ARM.attributes
                0x000003a1       0x2e c:/program files (x86)/atmel/studio/7.0/toolchain/arm/arm-gnu-toolchain/bin/../lib/gcc/arm-none-eabi/6.3.1/../../../../arm-none-eabi/lib/thumb/v7e-m\libc.a(lib_a-atexit.o)
 .ARM.attributes
                0x000003cf       0x2e c:/program files (x86)/atmel/studio/7.0/toolchain/arm/arm-gnu-toolchain/bin/../lib/gcc/arm-none-eabi/6.3.1/../../../../arm-none-eabi/lib/thumb/v7e-m\libc.a(lib_a-fini.o)
 .ARM.attributes
                0x000003fd       0x2e c:/program files (x86)/atmel/studio/7.0/toolchain/arm/arm-gnu-toolchain/bin/../lib/gcc/arm-none-eabi/6.3.1/../../../../arm-none-eabi/lib/thumb/v7e-m\libc.a(lib_a-lock.o)
 .ARM.attributes
                0x0000042b       0x2e c:/program files (x86)/atmel/studio/7.0/toolchain/arm/arm-gnu-toolchain/bin/../lib/gcc/arm-none-eabi/6.3.1/../../../../arm-none-eabi/lib/thumb/v7e-m\libc.a(lib_a-__atexit.o)
 .ARM.attributes
                0x00000459       0x1e c:/program files (x86)/atmel/studio/7.0/toolchain/arm/arm-gnu-toolchain/bin/../lib/gcc/arm-none-eabi/6.3.1/thumb/v7e-m/crtn.o

.comment        0x00000000       0x59
 .comment       0x00000000       0x59 src/main.o
                                 0x5a (size before relaxing)
 .comment       0x00000059       0x5a src/ASF/common/services/spi/sam_spi/spi_master.o
 .comment       0x00000059       0x5a src/ASF/sam/components/display/ili9488/ili9488.o
 .comment       0x00000059       0x5a src/ASF/sam/drivers/spi/spi.o
 .comment       0x00000059       0x5a src/ASF/common/services/clock/same70/sysclk.o
 .comment       0x00000059       0x5a src/ASF/common/utils/interrupt/interrupt_sam_nvic.o
 .comment       0x00000059       0x5a src/ASF/sam/boards/same70_xplained/init.o
 .comment       0x00000059       0x5a src/ASF/sam/drivers/pio/pio.o
 .comment       0x00000059       0x5a src/ASF/sam/drivers/pio/pio_handler.o
 .comment       0x00000059       0x5a src/ASF/sam/drivers/pmc/pmc.o
 .comment       0x00000059       0x5a src/ASF/sam/drivers/pmc/sleep.o
 .comment       0x00000059       0x5a src/ASF/sam/utils/cmsis/same70/source/templates/gcc/startup_same70.o
 .comment       0x00000059       0x5a src/ASF/sam/utils/cmsis/same70/source/templates/system_same70.o

.debug_info     0x00000000    0x13b09
 .debug_info    0x00000000     0x2f7b src/main.o
 .debug_info    0x00002f7b     0x143e src/ASF/common/services/spi/sam_spi/spi_master.o
 .debug_info    0x000043b9     0x208c src/ASF/sam/components/display/ili9488/ili9488.o
 .debug_info    0x00006445     0x1123 src/ASF/sam/drivers/spi/spi.o
 .debug_info    0x00007568     0x1311 src/ASF/common/services/clock/same70/sysclk.o
 .debug_info    0x00008879      0xb06 src/ASF/common/utils/interrupt/interrupt_sam_nvic.o
 .debug_info    0x0000937f     0x1ea1 src/ASF/sam/boards/same70_xplained/init.o
 .debug_info    0x0000b220     0x1ce3 src/ASF/sam/drivers/pio/pio.o
 .debug_info    0x0000cf03     0x1a74 src/ASF/sam/drivers/pio/pio_handler.o
 .debug_info    0x0000e977     0x1eed src/ASF/sam/drivers/pmc/pmc.o
 .debug_info    0x00010864     0x16bf src/ASF/sam/drivers/pmc/sleep.o
 .debug_info    0x00011f23     0x1612 src/ASF/sam/utils/cmsis/same70/source/templates/gcc/startup_same70.o
 .debug_info    0x00013535      0x5d4 src/ASF/sam/utils/cmsis/same70/source/templates/system_same70.o

.debug_abbrev   0x00000000     0x230e
 .debug_abbrev  0x00000000      0x2f7 src/main.o
 .debug_abbrev  0x000002f7      0x305 src/ASF/common/services/spi/sam_spi/spi_master.o
 .debug_abbrev  0x000005fc      0x2f4 src/ASF/sam/components/display/ili9488/ili9488.o
 .debug_abbrev  0x000008f0      0x2cf src/ASF/sam/drivers/spi/spi.o
 .debug_abbrev  0x00000bbf      0x296 src/ASF/common/services/clock/same70/sysclk.o
 .debug_abbrev  0x00000e55      0x214 src/ASF/common/utils/interrupt/interrupt_sam_nvic.o
 .debug_abbrev  0x00001069      0x3af src/ASF/sam/boards/same70_xplained/init.o
 .debug_abbrev  0x00001418      0x296 src/ASF/sam/drivers/pio/pio.o
 .debug_abbrev  0x000016ae      0x2c9 src/ASF/sam/drivers/pio/pio_handler.o
 .debug_abbrev  0x00001977      0x2ce src/ASF/sam/drivers/pmc/pmc.o
 .debug_abbrev  0x00001c45      0x2df src/ASF/sam/drivers/pmc/sleep.o
 .debug_abbrev  0x00001f24      0x2e8 src/ASF/sam/utils/cmsis/same70/source/templates/gcc/startup_same70.o
 .debug_abbrev  0x0000220c      0x102 src/ASF/sam/utils/cmsis/same70/source/templates/system_same70.o

.debug_loc      0x00000000     0x54f2
 .debug_loc     0x00000000      0x200 src/main.o
 .debug_loc     0x00000200      0x830 src/ASF/common/services/spi/sam_spi/spi_master.o
 .debug_loc     0x00000a30      0xd20 src/ASF/sam/components/display/ili9488/ili9488.o
 .debug_loc     0x00001750      0x630 src/ASF/sam/drivers/spi/spi.o
 .debug_loc     0x00001d80      0x4a0 src/ASF/common/services/clock/same70/sysclk.o
 .debug_loc     0x00002220       0xa0 src/ASF/common/utils/interrupt/interrupt_sam_nvic.o
 .debug_loc     0x000022c0      0x2b8 src/ASF/sam/boards/same70_xplained/init.o
 .debug_loc     0x00002578     0x1174 src/ASF/sam/drivers/pio/pio.o
 .debug_loc     0x000036ec      0x38c src/ASF/sam/drivers/pio/pio_handler.o
 .debug_loc     0x00003a78     0x1744 src/ASF/sam/drivers/pmc/pmc.o
 .debug_loc     0x000051bc       0xe6 src/ASF/sam/drivers/pmc/sleep.o
 .debug_loc     0x000052a2      0x16c src/ASF/sam/utils/cmsis/same70/source/templates/gcc/startup_same70.o
 .debug_loc     0x0000540e       0xe4 src/ASF/sam/utils/cmsis/same70/source/templates/system_same70.o

.debug_aranges  0x00000000      0x978
 .debug_aranges
                0x00000000       0x50 src/main.o
 .debug_aranges
                0x00000050       0xe0 src/ASF/common/services/spi/sam_spi/spi_master.o
 .debug_aranges
                0x00000130      0x168 src/ASF/sam/components/display/ili9488/ili9488.o
 .debug_aranges
                0x00000298       0xa8 src/ASF/sam/drivers/spi/spi.o
 .debug_aranges
                0x00000340       0x98 src/ASF/common/services/clock/same70/sysclk.o
 .debug_aranges
                0x000003d8       0x28 src/ASF/common/utils/interrupt/interrupt_sam_nvic.o
 .debug_aranges
                0x00000400       0x60 src/ASF/sam/boards/same70_xplained/init.o
 .debug_aranges
                0x00000460      0x1a8 src/ASF/sam/drivers/pio/pio.o
 .debug_aranges
                0x00000608       0x80 src/ASF/sam/drivers/pio/pio_handler.o
 .debug_aranges
                0x00000688      0x250 src/ASF/sam/drivers/pmc/pmc.o
 .debug_aranges
                0x000008d8       0x30 src/ASF/sam/drivers/pmc/sleep.o
 .debug_aranges
                0x00000908       0x40 src/ASF/sam/utils/cmsis/same70/source/templates/gcc/startup_same70.o
 .debug_aranges
                0x00000948       0x30 src/ASF/sam/utils/cmsis/same70/source/templates/system_same70.o

.debug_ranges   0x00000000      0x920
 .debug_ranges  0x00000000       0x40 src/main.o
 .debug_ranges  0x00000040       0xd0 src/ASF/common/services/spi/sam_spi/spi_master.o
 .debug_ranges  0x00000110      0x158 src/ASF/sam/components/display/ili9488/ili9488.o
 .debug_ranges  0x00000268       0x98 src/ASF/sam/drivers/spi/spi.o
 .debug_ranges  0x00000300       0x88 src/ASF/common/services/clock/same70/sysclk.o
 .debug_ranges  0x00000388       0x18 src/ASF/common/utils/interrupt/interrupt_sam_nvic.o
 .debug_ranges  0x000003a0       0xc8 src/ASF/sam/boards/same70_xplained/init.o
 .debug_ranges  0x00000468      0x198 src/ASF/sam/drivers/pio/pio.o
 .debug_ranges  0x00000600       0x70 src/ASF/sam/drivers/pio/pio_handler.o
 .debug_ranges  0x00000670      0x240 src/ASF/sam/drivers/pmc/pmc.o
 .debug_ranges  0x000008b0       0x20 src/ASF/sam/drivers/pmc/sleep.o
 .debug_ranges  0x000008d0       0x30 src/ASF/sam/utils/cmsis/same70/source/templates/gcc/startup_same70.o
 .debug_ranges  0x00000900       0x20 src/ASF/sam/utils/cmsis/same70/source/templates/system_same70.o

.debug_macro    0x00000000     0x7573
 .debug_macro   0x00000000      0x805 src/main.o
 .debug_macro   0x00000805       0x87 src/main.o
 .debug_macro   0x0000088c       0x51 src/main.o
 .debug_macro   0x000008dd       0x58 src/main.o
 .debug_macro   0x00000935       0x16 src/main.o
 .debug_macro   0x0000094b       0x3a src/main.o
 .debug_macro   0x00000985      0x2c3 src/main.o
 .debug_macro   0x00000c48      0xa91 src/main.o
 .debug_macro   0x000016d9       0x70 src/main.o
 .debug_macro   0x00001749       0x64 src/main.o
 .debug_macro   0x000017ad       0x5f src/main.o
 .debug_macro   0x0000180c       0xac src/main.o
 .debug_macro   0x000018b8       0x28 src/main.o
 .debug_macro   0x000018e0       0x22 src/main.o
 .debug_macro   0x00001902       0x16 src/main.o
 .debug_macro   0x00001918      0x41e src/main.o
 .debug_macro   0x00001d36       0x94 src/main.o
 .debug_macro   0x00001dca       0x40 src/main.o
 .debug_macro   0x00001e0a       0x88 src/main.o
 .debug_macro   0x00001e92      0x1c8 src/main.o
 .debug_macro   0x0000205a       0x34 src/main.o
 .debug_macro   0x0000208e       0x16 src/main.o
 .debug_macro   0x000020a4       0x1c src/main.o
 .debug_macro   0x000020c0       0x16 src/main.o
 .debug_macro   0x000020d6       0x28 src/main.o
 .debug_macro   0x000020fe       0x2e src/main.o
 .debug_macro   0x0000212c      0x733 src/ASF/common/services/spi/sam_spi/spi_master.o
 .debug_macro   0x0000285f      0x772 src/ASF/sam/components/display/ili9488/ili9488.o
 .debug_macro   0x00002fd1       0x16 src/ASF/sam/components/display/ili9488/ili9488.o
 .debug_macro   0x00002fe7      0x6fb src/ASF/sam/drivers/spi/spi.o
 .debug_macro   0x000036e2       0x10 src/ASF/sam/drivers/spi/spi.o
 .debug_macro   0x000036f2      0x6f2 src/ASF/common/services/clock/same70/sysclk.o
 .debug_macro   0x00003de4      0x2bd src/ASF/common/services/clock/same70/sysclk.o
 .debug_macro   0x000040a1      0x676 src/ASF/common/utils/interrupt/interrupt_sam_nvic.o
 .debug_macro   0x00004717      0x72d src/ASF/sam/boards/same70_xplained/init.o
 .debug_macro   0x00004e44       0x58 src/ASF/sam/boards/same70_xplained/init.o
 .debug_macro   0x00004e9c       0x82 src/ASF/sam/boards/same70_xplained/init.o
 .debug_macro   0x00004f1e      0x68c src/ASF/sam/drivers/pio/pio.o
 .debug_macro   0x000055aa       0x8e src/ASF/sam/drivers/pio/pio.o
 .debug_macro   0x00005638      0x697 src/ASF/sam/drivers/pio/pio_handler.o
 .debug_macro   0x00005ccf      0x68c src/ASF/sam/drivers/pmc/pmc.o
 .debug_macro   0x0000635b       0x6a src/ASF/sam/drivers/pmc/pmc.o
 .debug_macro   0x000063c5      0x6a6 src/ASF/sam/drivers/pmc/sleep.o
 .debug_macro   0x00006a6b      0x685 src/ASF/sam/utils/cmsis/same70/source/templates/gcc/startup_same70.o
 .debug_macro   0x000070f0       0x10 src/ASF/sam/utils/cmsis/same70/source/templates/gcc/startup_same70.o
 .debug_macro   0x00007100      0x473 src/ASF/sam/utils/cmsis/same70/source/templates/system_same70.o

.debug_line     0x00000000     0xa828
 .debug_line    0x00000000      0xe81 src/main.o
 .debug_line    0x00000e81      0xdd7 src/ASF/common/services/spi/sam_spi/spi_master.o
 .debug_line    0x00001c58     0x1216 src/ASF/sam/components/display/ili9488/ili9488.o
 .debug_line    0x00002e6e      0xcbe src/ASF/sam/drivers/spi/spi.o
 .debug_line    0x00003b2c      0xc89 src/ASF/common/services/clock/same70/sysclk.o
 .debug_line    0x000047b5      0xa2a src/ASF/common/utils/interrupt/interrupt_sam_nvic.o
 .debug_line    0x000051df      0xd22 src/ASF/sam/boards/same70_xplained/init.o
 .debug_line    0x00005f01      0xe39 src/ASF/sam/drivers/pio/pio.o
 .debug_line    0x00006d3a      0xb3a src/ASF/sam/drivers/pio/pio_handler.o
 .debug_line    0x00007874     0x1116 src/ASF/sam/drivers/pmc/pmc.o
 .debug_line    0x0000898a      0xb7b src/ASF/sam/drivers/pmc/sleep.o
 .debug_line    0x00009505      0xae2 src/ASF/sam/utils/cmsis/same70/source/templates/gcc/startup_same70.o
 .debug_line    0x00009fe7      0x841 src/ASF/sam/utils/cmsis/same70/source/templates/system_same70.o

.debug_str      0x00000000    0x93a94
 .debug_str     0x00000000    0x9089a src/main.o
                              0x918f5 (size before relaxing)
 .debug_str     0x0009089a      0x64a src/ASF/common/services/spi/sam_spi/spi_master.o
                              0x8cf40 (size before relaxing)
 .debug_str     0x00090ee4      0x6f6 src/ASF/sam/components/display/ili9488/ili9488.o
                              0x8eb18 (size before relaxing)
 .debug_str     0x000915da      0x20e src/ASF/sam/drivers/spi/spi.o
                              0x8cb4d (size before relaxing)
 .debug_str     0x000917e8      0x484 src/ASF/common/services/clock/same70/sysclk.o
                              0x8cc48 (size before relaxing)
 .debug_str     0x00091c6c       0x94 src/ASF/common/utils/interrupt/interrupt_sam_nvic.o
                              0x88555 (size before relaxing)
 .debug_str     0x00091d00      0x732 src/ASF/sam/boards/same70_xplained/init.o
                              0x8d89e (size before relaxing)
 .debug_str     0x00092432      0x56a src/ASF/sam/drivers/pio/pio.o
                              0x890b7 (size before relaxing)
 .debug_str     0x0009299c      0x116 src/ASF/sam/drivers/pio/pio_handler.o
                              0x8927e (size before relaxing)
 .debug_str     0x00092ab2      0x63d src/ASF/sam/drivers/pmc/pmc.o
                              0x89246 (size before relaxing)
 .debug_str     0x000930ef      0x15b src/ASF/sam/drivers/pmc/sleep.o
                              0x8c51d (size before relaxing)
 .debug_str     0x0009324a      0x713 src/ASF/sam/utils/cmsis/same70/source/templates/gcc/startup_same70.o
                              0x88dee (size before relaxing)
 .debug_str     0x0009395d      0x137 src/ASF/sam/utils/cmsis/same70/source/templates/system_same70.o
                              0x7848e (size before relaxing)

.debug_frame    0x00000000     0x2928
 .debug_frame   0x00000000      0x110 src/main.o
 .debug_frame   0x00000110      0x3c0 src/ASF/common/services/spi/sam_spi/spi_master.o
 .debug_frame   0x000004d0      0x63c src/ASF/sam/components/display/ili9488/ili9488.o
 .debug_frame   0x00000b0c      0x2c8 src/ASF/sam/drivers/spi/spi.o
 .debug_frame   0x00000dd4      0x240 src/ASF/common/services/clock/same70/sysclk.o
 .debug_frame   0x00001014       0x58 src/ASF/common/utils/interrupt/interrupt_sam_nvic.o
 .debug_frame   0x0000106c      0x154 src/ASF/sam/boards/same70_xplained/init.o
 .debug_frame   0x000011c0      0x7c0 src/ASF/sam/drivers/pio/pio.o
 .debug_frame   0x00001980      0x1d0 src/ASF/sam/drivers/pio/pio_handler.o
 .debug_frame   0x00001b50      0xa68 src/ASF/sam/drivers/pmc/pmc.o
 .debug_frame   0x000025b8       0x7c src/ASF/sam/drivers/pmc/sleep.o
 .debug_frame   0x00002634       0xbc src/ASF/sam/utils/cmsis/same70/source/templates/gcc/startup_same70.o
 .debug_frame   0x000026f0       0x78 src/ASF/sam/utils/cmsis/same70/source/templates/system_same70.o
 .debug_frame   0x00002768       0x2c c:/program files (x86)/atmel/studio/7.0/toolchain/arm/arm-gnu-toolchain/bin/../lib/gcc/arm-none-eabi/6.3.1/../../../../arm-none-eabi/lib/thumb/v7e-m\libc.a(lib_a-init.o)
 .debug_frame   0x00002794       0x5c c:/program files (x86)/atmel/studio/7.0/toolchain/arm/arm-gnu-toolchain/bin/../lib/gcc/arm-none-eabi/6.3.1/../../../../arm-none-eabi/lib/thumb/v7e-m\libc.a(lib_a-__call_atexit.o)
 .debug_frame   0x000027f0       0x20 c:/program files (x86)/atmel/studio/7.0/toolchain/arm/arm-gnu-toolchain/bin/../lib/gcc/arm-none-eabi/6.3.1/../../../../arm-none-eabi/lib/thumb/v7e-m\libc.a(lib_a-atexit.o)
 .debug_frame   0x00002810       0x34 c:/program files (x86)/atmel/studio/7.0/toolchain/arm/arm-gnu-toolchain/bin/../lib/gcc/arm-none-eabi/6.3.1/../../../../arm-none-eabi/lib/thumb/v7e-m\libc.a(lib_a-fini.o)
 .debug_frame   0x00002844       0xb0 c:/program files (x86)/atmel/studio/7.0/toolchain/arm/arm-gnu-toolchain/bin/../lib/gcc/arm-none-eabi/6.3.1/../../../../arm-none-eabi/lib/thumb/v7e-m\libc.a(lib_a-lock.o)
 .debug_frame   0x000028f4       0x34 c:/program files (x86)/atmel/studio/7.0/toolchain/arm/arm-gnu-toolchain/bin/../lib/gcc/arm-none-eabi/6.3.1/../../../../arm-none-eabi/lib/thumb/v7e-m\libc.a(lib_a-__atexit.o)

Cross Reference Table

Symbol                                            File
ACC_Handler                                       src/ASF/sam/utils/cmsis/same70/source/templates/gcc/startup_same70.o
AES_Handler                                       src/ASF/sam/utils/cmsis/same70/source/templates/gcc/startup_same70.o
AFEC0_Handler                                     src/ASF/sam/utils/cmsis/same70/source/templates/gcc/startup_same70.o
AFEC1_Handler                                     src/ASF/sam/utils/cmsis/same70/source/templates/gcc/startup_same70.o
BUT_init                                          src/main.o
BusFault_Handler                                  src/ASF/sam/utils/cmsis/same70/source/templates/gcc/startup_same70.o
CCF_Handler                                       src/ASF/sam/utils/cmsis/same70/source/templates/gcc/startup_same70.o
CCW_Handler                                       src/ASF/sam/utils/cmsis/same70/source/templates/gcc/startup_same70.o
DACC_Handler                                      src/ASF/sam/utils/cmsis/same70/source/templates/gcc/startup_same70.o
DebugMon_Handler                                  src/ASF/sam/utils/cmsis/same70/source/templates/gcc/startup_same70.o
Dummy_Handler                                     src/ASF/sam/utils/cmsis/same70/source/templates/gcc/startup_same70.o
EFC_Handler                                       src/ASF/sam/utils/cmsis/same70/source/templates/gcc/startup_same70.o
FPU_Handler                                       src/ASF/sam/utils/cmsis/same70/source/templates/gcc/startup_same70.o
GMAC_Handler                                      src/ASF/sam/utils/cmsis/same70/source/templates/gcc/startup_same70.o
GMAC_Q1_Handler                                   src/ASF/sam/utils/cmsis/same70/source/templates/gcc/startup_same70.o
GMAC_Q2_Handler                                   src/ASF/sam/utils/cmsis/same70/source/templates/gcc/startup_same70.o
GMAC_Q3_Handler                                   src/ASF/sam/utils/cmsis/same70/source/templates/gcc/startup_same70.o
GMAC_Q4_Handler                                   src/ASF/sam/utils/cmsis/same70/source/templates/gcc/startup_same70.o
GMAC_Q5_Handler                                   src/ASF/sam/utils/cmsis/same70/source/templates/gcc/startup_same70.o
HSMCI_Handler                                     src/ASF/sam/utils/cmsis/same70/source/templates/gcc/startup_same70.o
HardFault_Handler                                 src/ASF/sam/utils/cmsis/same70/source/templates/gcc/startup_same70.o
I2SC0_Handler                                     src/ASF/sam/utils/cmsis/same70/source/templates/gcc/startup_same70.o
I2SC1_Handler                                     src/ASF/sam/utils/cmsis/same70/source/templates/gcc/startup_same70.o
ICM_Handler                                       src/ASF/sam/utils/cmsis/same70/source/templates/gcc/startup_same70.o
ISI_Handler                                       src/ASF/sam/utils/cmsis/same70/source/templates/gcc/startup_same70.o
IXC_Handler                                       src/ASF/sam/utils/cmsis/same70/source/templates/gcc/startup_same70.o
MCAN0_INT0_Handler                                src/ASF/sam/utils/cmsis/same70/source/templates/gcc/startup_same70.o
MCAN0_INT1_Handler                                src/ASF/sam/utils/cmsis/same70/source/templates/gcc/startup_same70.o
MCAN1_INT0_Handler                                src/ASF/sam/utils/cmsis/same70/source/templates/gcc/startup_same70.o
MCAN1_INT1_Handler                                src/ASF/sam/utils/cmsis/same70/source/templates/gcc/startup_same70.o
MemManage_Handler                                 src/ASF/sam/utils/cmsis/same70/source/templates/gcc/startup_same70.o
NMI_Handler                                       src/ASF/sam/utils/cmsis/same70/source/templates/gcc/startup_same70.o
PIOA_Handler                                      src/ASF/sam/drivers/pio/pio_handler.o
PIOB_Handler                                      src/ASF/sam/drivers/pio/pio_handler.o
PIOC_Handler                                      src/ASF/sam/drivers/pio/pio_handler.o
PIOD_Handler                                      src/ASF/sam/drivers/pio/pio_handler.o
PIOE_Handler                                      src/ASF/sam/drivers/pio/pio_handler.o
PMC_Handler                                       src/ASF/sam/utils/cmsis/same70/source/templates/gcc/startup_same70.o
PWM0_Handler                                      src/ASF/sam/utils/cmsis/same70/source/templates/gcc/startup_same70.o
PWM1_Handler                                      src/ASF/sam/utils/cmsis/same70/source/templates/gcc/startup_same70.o
PendSV_Handler                                    src/ASF/sam/utils/cmsis/same70/source/templates/gcc/startup_same70.o
QSPI_Handler                                      src/ASF/sam/utils/cmsis/same70/source/templates/gcc/startup_same70.o
RSTC_Handler                                      src/ASF/sam/utils/cmsis/same70/source/templates/gcc/startup_same70.o
RSWDT_Handler                                     src/ASF/sam/utils/cmsis/same70/source/templates/gcc/startup_same70.o
RTC_Handler                                       src/ASF/sam/utils/cmsis/same70/source/templates/gcc/startup_same70.o
RTT_Handler                                       src/ASF/sam/utils/cmsis/same70/source/templates/gcc/startup_same70.o
Reset_Handler                                     src/ASF/sam/utils/cmsis/same70/source/templates/gcc/startup_same70.o
SDRAMC_Handler                                    src/ASF/sam/utils/cmsis/same70/source/templates/gcc/startup_same70.o
SPI0_Handler                                      src/ASF/sam/utils/cmsis/same70/source/templates/gcc/startup_same70.o
SPI1_Handler                                      src/ASF/sam/utils/cmsis/same70/source/templates/gcc/startup_same70.o
SSC_Handler                                       src/ASF/sam/utils/cmsis/same70/source/templates/gcc/startup_same70.o
SUPC_Handler                                      src/ASF/sam/utils/cmsis/same70/source/templates/gcc/startup_same70.o
SVC_Handler                                       src/ASF/sam/utils/cmsis/same70/source/templates/gcc/startup_same70.o
SysTick_Handler                                   src/ASF/sam/utils/cmsis/same70/source/templates/gcc/startup_same70.o
SystemCoreClock                                   src/ASF/sam/utils/cmsis/same70/source/templates/system_same70.o
SystemCoreClockUpdate                             src/ASF/sam/utils/cmsis/same70/source/templates/system_same70.o
                                                  src/ASF/common/services/clock/same70/sysclk.o
SystemInit                                        src/ASF/sam/utils/cmsis/same70/source/templates/system_same70.o
TC0_Handler                                       src/ASF/sam/utils/cmsis/same70/source/templates/gcc/startup_same70.o
TC10_Handler                                      src/ASF/sam/utils/cmsis/same70/source/templates/gcc/startup_same70.o
TC11_Handler                                      src/ASF/sam/utils/cmsis/same70/source/templates/gcc/startup_same70.o
TC1_Handler                                       src/ASF/sam/utils/cmsis/same70/source/templates/gcc/startup_same70.o
TC2_Handler                                       src/ASF/sam/utils/cmsis/same70/source/templates/gcc/startup_same70.o
TC3_Handler                                       src/ASF/sam/utils/cmsis/same70/source/templates/gcc/startup_same70.o
TC4_Handler                                       src/ASF/sam/utils/cmsis/same70/source/templates/gcc/startup_same70.o
TC5_Handler                                       src/ASF/sam/utils/cmsis/same70/source/templates/gcc/startup_same70.o
TC6_Handler                                       src/ASF/sam/utils/cmsis/same70/source/templates/gcc/startup_same70.o
TC7_Handler                                       src/ASF/sam/utils/cmsis/same70/source/templates/gcc/startup_same70.o
TC8_Handler                                       src/ASF/sam/utils/cmsis/same70/source/templates/gcc/startup_same70.o
TC9_Handler                                       src/ASF/sam/utils/cmsis/same70/source/templates/gcc/startup_same70.o
TRNG_Handler                                      src/ASF/sam/utils/cmsis/same70/source/templates/gcc/startup_same70.o
TWIHS0_Handler                                    src/ASF/sam/utils/cmsis/same70/source/templates/gcc/startup_same70.o
TWIHS1_Handler                                    src/ASF/sam/utils/cmsis/same70/source/templates/gcc/startup_same70.o
TWIHS2_Handler                                    src/ASF/sam/utils/cmsis/same70/source/templates/gcc/startup_same70.o
UART0_Handler                                     src/ASF/sam/utils/cmsis/same70/source/templates/gcc/startup_same70.o
UART1_Handler                                     src/ASF/sam/utils/cmsis/same70/source/templates/gcc/startup_same70.o
UART2_Handler                                     src/ASF/sam/utils/cmsis/same70/source/templates/gcc/startup_same70.o
UART3_Handler                                     src/ASF/sam/utils/cmsis/same70/source/templates/gcc/startup_same70.o
UART4_Handler                                     src/ASF/sam/utils/cmsis/same70/source/templates/gcc/startup_same70.o
USART0_Handler                                    src/ASF/sam/utils/cmsis/same70/source/templates/gcc/startup_same70.o
USART1_Handler                                    src/ASF/sam/utils/cmsis/same70/source/templates/gcc/startup_same70.o
USART2_Handler                                    src/ASF/sam/utils/cmsis/same70/source/templates/gcc/startup_same70.o
USBHS_Handler                                     src/ASF/sam/utils/cmsis/same70/source/templates/gcc/startup_same70.o
UsageFault_Handler                                src/ASF/sam/utils/cmsis/same70/source/templates/gcc/startup_same70.o
WDT_Handler                                       src/ASF/sam/utils/cmsis/same70/source/templates/gcc/startup_same70.o
XDMAC_Handler                                     src/ASF/sam/utils/cmsis/same70/source/templates/gcc/startup_same70.o
_Jv_RegisterClasses                               c:/program files (x86)/atmel/studio/7.0/toolchain/arm/arm-gnu-toolchain/bin/../lib/gcc/arm-none-eabi/6.3.1/thumb/v7e-m/crtbegin.o
__atexit_recursive_mutex                          c:/program files (x86)/atmel/studio/7.0/toolchain/arm/arm-gnu-toolchain/bin/../lib/gcc/arm-none-eabi/6.3.1/../../../../arm-none-eabi/lib/thumb/v7e-m\libc.a(lib_a-__call_atexit.o)
                                                  c:/program files (x86)/atmel/studio/7.0/toolchain/arm/arm-gnu-toolchain/bin/../lib/gcc/arm-none-eabi/6.3.1/../../../../arm-none-eabi/lib/thumb/v7e-m\libc.a(lib_a-__atexit.o)
__bss_end__                                       c:/program files (x86)/atmel/studio/7.0/toolchain/arm/arm-gnu-toolchain/bin/../lib/gcc/arm-none-eabi/6.3.1/../../../../arm-none-eabi/lib/thumb/v7e-m/crt0.o
__bss_start__                                     c:/program files (x86)/atmel/studio/7.0/toolchain/arm/arm-gnu-toolchain/bin/../lib/gcc/arm-none-eabi/6.3.1/../../../../arm-none-eabi/lib/thumb/v7e-m/crt0.o
__call_exitprocs                                  c:/program files (x86)/atmel/studio/7.0/toolchain/arm/arm-gnu-toolchain/bin/../lib/gcc/arm-none-eabi/6.3.1/../../../../arm-none-eabi/lib/thumb/v7e-m\libc.a(lib_a-__call_atexit.o)
                                                  c:/program files (x86)/atmel/studio/7.0/toolchain/arm/arm-gnu-toolchain/bin/../lib/gcc/arm-none-eabi/6.3.1/../../../../arm-none-eabi/lib/thumb/v7e-m\libc.a(lib_a-exit.o)
__deregister_frame_info                           c:/program files (x86)/atmel/studio/7.0/toolchain/arm/arm-gnu-toolchain/bin/../lib/gcc/arm-none-eabi/6.3.1/thumb/v7e-m/crtbegin.o
__dso_handle                                      c:/program files (x86)/atmel/studio/7.0/toolchain/arm/arm-gnu-toolchain/bin/../lib/gcc/arm-none-eabi/6.3.1/thumb/v7e-m/crtbegin.o
__fini_array_end                                  c:/program files (x86)/atmel/studio/7.0/toolchain/arm/arm-gnu-toolchain/bin/../lib/gcc/arm-none-eabi/6.3.1/../../../../arm-none-eabi/lib/thumb/v7e-m\libc.a(lib_a-fini.o)
__fini_array_start                                c:/program files (x86)/atmel/studio/7.0/toolchain/arm/arm-gnu-toolchain/bin/../lib/gcc/arm-none-eabi/6.3.1/../../../../arm-none-eabi/lib/thumb/v7e-m\libc.a(lib_a-fini.o)
__init_array_end                                  c:/program files (x86)/atmel/studio/7.0/toolchain/arm/arm-gnu-toolchain/bin/../lib/gcc/arm-none-eabi/6.3.1/../../../../arm-none-eabi/lib/thumb/v7e-m\libc.a(lib_a-init.o)
__init_array_start                                c:/program files (x86)/atmel/studio/7.0/toolchain/arm/arm-gnu-toolchain/bin/../lib/gcc/arm-none-eabi/6.3.1/../../../../arm-none-eabi/lib/thumb/v7e-m\libc.a(lib_a-init.o)
__libc_fini                                       c:/program files (x86)/atmel/studio/7.0/toolchain/arm/arm-gnu-toolchain/bin/../lib/gcc/arm-none-eabi/6.3.1/../../../../arm-none-eabi/lib/thumb/v7e-m\libc.a(lib_a-__call_atexit.o)
__libc_fini_array                                 c:/program files (x86)/atmel/studio/7.0/toolchain/arm/arm-gnu-toolchain/bin/../lib/gcc/arm-none-eabi/6.3.1/../../../../arm-none-eabi/lib/thumb/v7e-m\libc.a(lib_a-fini.o)
                                                  c:/program files (x86)/atmel/studio/7.0/toolchain/arm/arm-gnu-toolchain/bin/../lib/gcc/arm-none-eabi/6.3.1/../../../../arm-none-eabi/lib/thumb/v7e-m\libc.a(lib_a-__call_atexit.o)
                                                  c:/program files (x86)/atmel/studio/7.0/toolchain/arm/arm-gnu-toolchain/bin/../lib/gcc/arm-none-eabi/6.3.1/../../../../arm-none-eabi/lib/thumb/v7e-m/crt0.o
__libc_init_array                                 c:/program files (x86)/atmel/studio/7.0/toolchain/arm/arm-gnu-toolchain/bin/../lib/gcc/arm-none-eabi/6.3.1/../../../../arm-none-eabi/lib/thumb/v7e-m\libc.a(lib_a-init.o)
                                                  src/ASF/sam/utils/cmsis/same70/source/templates/gcc/startup_same70.o
                                                  c:/program files (x86)/atmel/studio/7.0/toolchain/arm/arm-gnu-toolchain/bin/../lib/gcc/arm-none-eabi/6.3.1/../../../../arm-none-eabi/lib/thumb/v7e-m/crt0.o
__lock___arc4random_mutex                         c:/program files (x86)/atmel/studio/7.0/toolchain/arm/arm-gnu-toolchain/bin/../lib/gcc/arm-none-eabi/6.3.1/../../../../arm-none-eabi/lib/thumb/v7e-m\libc.a(lib_a-lock.o)
__lock___at_quick_exit_mutex                      c:/program files (x86)/atmel/studio/7.0/toolchain/arm/arm-gnu-toolchain/bin/../lib/gcc/arm-none-eabi/6.3.1/../../../../arm-none-eabi/lib/thumb/v7e-m\libc.a(lib_a-lock.o)
__lock___atexit_recursive_mutex                   c:/program files (x86)/atmel/studio/7.0/toolchain/arm/arm-gnu-toolchain/bin/../lib/gcc/arm-none-eabi/6.3.1/../../../../arm-none-eabi/lib/thumb/v7e-m\libc.a(lib_a-lock.o)
                                                  c:/program files (x86)/atmel/studio/7.0/toolchain/arm/arm-gnu-toolchain/bin/../lib/gcc/arm-none-eabi/6.3.1/../../../../arm-none-eabi/lib/thumb/v7e-m\libc.a(lib_a-__call_atexit.o)
__lock___dd_hash_mutex                            c:/program files (x86)/atmel/studio/7.0/toolchain/arm/arm-gnu-toolchain/bin/../lib/gcc/arm-none-eabi/6.3.1/../../../../arm-none-eabi/lib/thumb/v7e-m\libc.a(lib_a-lock.o)
__lock___env_recursive_mutex                      c:/program files (x86)/atmel/studio/7.0/toolchain/arm/arm-gnu-toolchain/bin/../lib/gcc/arm-none-eabi/6.3.1/../../../../arm-none-eabi/lib/thumb/v7e-m\libc.a(lib_a-lock.o)
__lock___malloc_recursive_mutex                   c:/program files (x86)/atmel/studio/7.0/toolchain/arm/arm-gnu-toolchain/bin/../lib/gcc/arm-none-eabi/6.3.1/../../../../arm-none-eabi/lib/thumb/v7e-m\libc.a(lib_a-lock.o)
__lock___sfp_recursive_mutex                      c:/program files (x86)/atmel/studio/7.0/toolchain/arm/arm-gnu-toolchain/bin/../lib/gcc/arm-none-eabi/6.3.1/../../../../arm-none-eabi/lib/thumb/v7e-m\libc.a(lib_a-lock.o)
__lock___sinit_recursive_mutex                    c:/program files (x86)/atmel/studio/7.0/toolchain/arm/arm-gnu-toolchain/bin/../lib/gcc/arm-none-eabi/6.3.1/../../../../arm-none-eabi/lib/thumb/v7e-m\libc.a(lib_a-lock.o)
__lock___tz_mutex                                 c:/program files (x86)/atmel/studio/7.0/toolchain/arm/arm-gnu-toolchain/bin/../lib/gcc/arm-none-eabi/6.3.1/../../../../arm-none-eabi/lib/thumb/v7e-m\libc.a(lib_a-lock.o)
__preinit_array_end                               c:/program files (x86)/atmel/studio/7.0/toolchain/arm/arm-gnu-toolchain/bin/../lib/gcc/arm-none-eabi/6.3.1/../../../../arm-none-eabi/lib/thumb/v7e-m\libc.a(lib_a-init.o)
__preinit_array_start                             c:/program files (x86)/atmel/studio/7.0/toolchain/arm/arm-gnu-toolchain/bin/../lib/gcc/arm-none-eabi/6.3.1/../../../../arm-none-eabi/lib/thumb/v7e-m\libc.a(lib_a-init.o)
__ram_end__                                       src/ASF/sam/utils/syscalls/gcc/syscalls.o
__register_exitproc                               c:/program files (x86)/atmel/studio/7.0/toolchain/arm/arm-gnu-toolchain/bin/../lib/gcc/arm-none-eabi/6.3.1/../../../../arm-none-eabi/lib/thumb/v7e-m\libc.a(lib_a-__atexit.o)
                                                  c:/program files (x86)/atmel/studio/7.0/toolchain/arm/arm-gnu-toolchain/bin/../lib/gcc/arm-none-eabi/6.3.1/../../../../arm-none-eabi/lib/thumb/v7e-m\libc.a(lib_a-atexit.o)
__register_frame_info                             c:/program files (x86)/atmel/studio/7.0/toolchain/arm/arm-gnu-toolchain/bin/../lib/gcc/arm-none-eabi/6.3.1/thumb/v7e-m/crtbegin.o
__retarget_lock_acquire                           c:/program files (x86)/atmel/studio/7.0/toolchain/arm/arm-gnu-toolchain/bin/../lib/gcc/arm-none-eabi/6.3.1/../../../../arm-none-eabi/lib/thumb/v7e-m\libc.a(lib_a-lock.o)
__retarget_lock_acquire_recursive                 c:/program files (x86)/atmel/studio/7.0/toolchain/arm/arm-gnu-toolchain/bin/../lib/gcc/arm-none-eabi/6.3.1/../../../../arm-none-eabi/lib/thumb/v7e-m\libc.a(lib_a-lock.o)
                                                  c:/program files (x86)/atmel/studio/7.0/toolchain/arm/arm-gnu-toolchain/bin/../lib/gcc/arm-none-eabi/6.3.1/../../../../arm-none-eabi/lib/thumb/v7e-m\libc.a(lib_a-__atexit.o)
                                                  c:/program files (x86)/atmel/studio/7.0/toolchain/arm/arm-gnu-toolchain/bin/../lib/gcc/arm-none-eabi/6.3.1/../../../../arm-none-eabi/lib/thumb/v7e-m\libc.a(lib_a-__call_atexit.o)
__retarget_lock_close                             c:/program files (x86)/atmel/studio/7.0/toolchain/arm/arm-gnu-toolchain/bin/../lib/gcc/arm-none-eabi/6.3.1/../../../../arm-none-eabi/lib/thumb/v7e-m\libc.a(lib_a-lock.o)
__retarget_lock_close_recursive                   c:/program files (x86)/atmel/studio/7.0/toolchain/arm/arm-gnu-toolchain/bin/../lib/gcc/arm-none-eabi/6.3.1/../../../../arm-none-eabi/lib/thumb/v7e-m\libc.a(lib_a-lock.o)
__retarget_lock_init                              c:/program files (x86)/atmel/studio/7.0/toolchain/arm/arm-gnu-toolchain/bin/../lib/gcc/arm-none-eabi/6.3.1/../../../../arm-none-eabi/lib/thumb/v7e-m\libc.a(lib_a-lock.o)
__retarget_lock_init_recursive                    c:/program files (x86)/atmel/studio/7.0/toolchain/arm/arm-gnu-toolchain/bin/../lib/gcc/arm-none-eabi/6.3.1/../../../../arm-none-eabi/lib/thumb/v7e-m\libc.a(lib_a-lock.o)
__retarget_lock_release                           c:/program files (x86)/atmel/studio/7.0/toolchain/arm/arm-gnu-toolchain/bin/../lib/gcc/arm-none-eabi/6.3.1/../../../../arm-none-eabi/lib/thumb/v7e-m\libc.a(lib_a-lock.o)
__retarget_lock_release_recursive                 c:/program files (x86)/atmel/studio/7.0/toolchain/arm/arm-gnu-toolchain/bin/../lib/gcc/arm-none-eabi/6.3.1/../../../../arm-none-eabi/lib/thumb/v7e-m\libc.a(lib_a-lock.o)
                                                  c:/program files (x86)/atmel/studio/7.0/toolchain/arm/arm-gnu-toolchain/bin/../lib/gcc/arm-none-eabi/6.3.1/../../../../arm-none-eabi/lib/thumb/v7e-m\libc.a(lib_a-__atexit.o)
                                                  c:/program files (x86)/atmel/studio/7.0/toolchain/arm/arm-gnu-toolchain/bin/../lib/gcc/arm-none-eabi/6.3.1/../../../../arm-none-eabi/lib/thumb/v7e-m\libc.a(lib_a-__call_atexit.o)
__retarget_lock_try_acquire                       c:/program files (x86)/atmel/studio/7.0/toolchain/arm/arm-gnu-toolchain/bin/../lib/gcc/arm-none-eabi/6.3.1/../../../../arm-none-eabi/lib/thumb/v7e-m\libc.a(lib_a-lock.o)
__retarget_lock_try_acquire_recursive             c:/program files (x86)/atmel/studio/7.0/toolchain/arm/arm-gnu-toolchain/bin/../lib/gcc/arm-none-eabi/6.3.1/../../../../arm-none-eabi/lib/thumb/v7e-m\libc.a(lib_a-lock.o)
__stack                                           c:/program files (x86)/atmel/studio/7.0/toolchain/arm/arm-gnu-toolchain/bin/../lib/gcc/arm-none-eabi/6.3.1/../../../../arm-none-eabi/lib/thumb/v7e-m/crt0.o
_close                                            src/ASF/sam/utils/syscalls/gcc/syscalls.o
_end                                              src/ASF/sam/utils/syscalls/gcc/syscalls.o
_erelocate                                        src/ASF/sam/utils/cmsis/same70/source/templates/gcc/startup_same70.o
_estack                                           src/ASF/sam/utils/cmsis/same70/source/templates/gcc/startup_same70.o
_etext                                            src/ASF/sam/utils/cmsis/same70/source/templates/gcc/startup_same70.o
_exit                                             src/ASF/sam/utils/syscalls/gcc/syscalls.o
                                                  c:/program files (x86)/atmel/studio/7.0/toolchain/arm/arm-gnu-toolchain/bin/../lib/gcc/arm-none-eabi/6.3.1/../../../../arm-none-eabi/lib/thumb/v7e-m\libc.a(lib_a-exit.o)
_ezero                                            src/ASF/sam/utils/cmsis/same70/source/templates/gcc/startup_same70.o
_fini                                             c:/program files (x86)/atmel/studio/7.0/toolchain/arm/arm-gnu-toolchain/bin/../lib/gcc/arm-none-eabi/6.3.1/thumb/v7e-m/crti.o
                                                  c:/program files (x86)/atmel/studio/7.0/toolchain/arm/arm-gnu-toolchain/bin/../lib/gcc/arm-none-eabi/6.3.1/../../../../arm-none-eabi/lib/thumb/v7e-m\libc.a(lib_a-fini.o)
_fstat                                            src/ASF/sam/utils/syscalls/gcc/syscalls.o
_getpid                                           src/ASF/sam/utils/syscalls/gcc/syscalls.o
_global_impure_ptr                                c:/program files (x86)/atmel/studio/7.0/toolchain/arm/arm-gnu-toolchain/bin/../lib/gcc/arm-none-eabi/6.3.1/../../../../arm-none-eabi/lib/thumb/v7e-m\libc.a(lib_a-impure.o)
                                                  c:/program files (x86)/atmel/studio/7.0/toolchain/arm/arm-gnu-toolchain/bin/../lib/gcc/arm-none-eabi/6.3.1/../../../../arm-none-eabi/lib/thumb/v7e-m\libc.a(lib_a-__atexit.o)
                                                  c:/program files (x86)/atmel/studio/7.0/toolchain/arm/arm-gnu-toolchain/bin/../lib/gcc/arm-none-eabi/6.3.1/../../../../arm-none-eabi/lib/thumb/v7e-m\libc.a(lib_a-__call_atexit.o)
                                                  c:/program files (x86)/atmel/studio/7.0/toolchain/arm/arm-gnu-toolchain/bin/../lib/gcc/arm-none-eabi/6.3.1/../../../../arm-none-eabi/lib/thumb/v7e-m\libc.a(lib_a-exit.o)
_impure_ptr                                       c:/program files (x86)/atmel/studio/7.0/toolchain/arm/arm-gnu-toolchain/bin/../lib/gcc/arm-none-eabi/6.3.1/../../../../arm-none-eabi/lib/thumb/v7e-m\libc.a(lib_a-impure.o)
_init                                             c:/program files (x86)/atmel/studio/7.0/toolchain/arm/arm-gnu-toolchain/bin/../lib/gcc/arm-none-eabi/6.3.1/thumb/v7e-m/crti.o
                                                  c:/program files (x86)/atmel/studio/7.0/toolchain/arm/arm-gnu-toolchain/bin/../lib/gcc/arm-none-eabi/6.3.1/../../../../arm-none-eabi/lib/thumb/v7e-m\libc.a(lib_a-init.o)
_isatty                                           src/ASF/sam/utils/syscalls/gcc/syscalls.o
_kill                                             src/ASF/sam/utils/syscalls/gcc/syscalls.o
_lseek                                            src/ASF/sam/utils/syscalls/gcc/syscalls.o
_mainCRTStartup                                   c:/program files (x86)/atmel/studio/7.0/toolchain/arm/arm-gnu-toolchain/bin/../lib/gcc/arm-none-eabi/6.3.1/../../../../arm-none-eabi/lib/thumb/v7e-m/crt0.o
_sbrk                                             src/ASF/sam/utils/syscalls/gcc/syscalls.o
_sfixed                                           src/ASF/sam/utils/cmsis/same70/source/templates/gcc/startup_same70.o
_srelocate                                        src/ASF/sam/utils/cmsis/same70/source/templates/gcc/startup_same70.o
_start                                            c:/program files (x86)/atmel/studio/7.0/toolchain/arm/arm-gnu-toolchain/bin/../lib/gcc/arm-none-eabi/6.3.1/../../../../arm-none-eabi/lib/thumb/v7e-m/crt0.o
_szero                                            src/ASF/sam/utils/cmsis/same70/source/templates/gcc/startup_same70.o
arial_72                                          src/main.o
atexit                                            c:/program files (x86)/atmel/studio/7.0/toolchain/arm/arm-gnu-toolchain/bin/../lib/gcc/arm-none-eabi/6.3.1/../../../../arm-none-eabi/lib/thumb/v7e-m\libc.a(lib_a-atexit.o)
                                                  c:/program files (x86)/atmel/studio/7.0/toolchain/arm/arm-gnu-toolchain/bin/../lib/gcc/arm-none-eabi/6.3.1/../../../../arm-none-eabi/lib/thumb/v7e-m\libc.a(lib_a-__call_atexit.o)
                                                  c:/program files (x86)/atmel/studio/7.0/toolchain/arm/arm-gnu-toolchain/bin/../lib/gcc/arm-none-eabi/6.3.1/../../../../arm-none-eabi/lib/thumb/v7e-m/crt0.o
board_init                                        src/ASF/sam/boards/same70_xplained/init.o
                                                  src/main.o
calibri_36                                        src/main.o
configure_lcd                                     src/main.o
cpu_irq_enter_critical                            src/ASF/common/utils/interrupt/interrupt_sam_nvic.o
cpu_irq_leave_critical                            src/ASF/common/utils/interrupt/interrupt_sam_nvic.o
exception_table                                   src/ASF/sam/utils/cmsis/same70/source/templates/gcc/startup_same70.o
exit                                              c:/program files (x86)/atmel/studio/7.0/toolchain/arm/arm-gnu-toolchain/bin/../lib/gcc/arm-none-eabi/6.3.1/../../../../arm-none-eabi/lib/thumb/v7e-m\libc.a(lib_a-exit.o)
                                                  c:/program files (x86)/atmel/studio/7.0/toolchain/arm/arm-gnu-toolchain/bin/../lib/gcc/arm-none-eabi/6.3.1/../../../../arm-none-eabi/lib/thumb/v7e-m/crt0.o
font_draw_text                                    src/main.o
free                                              c:/program files (x86)/atmel/studio/7.0/toolchain/arm/arm-gnu-toolchain/bin/../lib/gcc/arm-none-eabi/6.3.1/../../../../arm-none-eabi/lib/thumb/v7e-m\libc.a(lib_a-__call_atexit.o)
g_ili9488_display_opt                             src/main.o
g_interrupt_enabled                               src/ASF/common/utils/interrupt/interrupt_sam_nvic.o
                                                  src/ASF/sam/utils/cmsis/same70/source/templates/gcc/startup_same70.o
                                                  src/ASF/sam/drivers/pmc/sleep.o
                                                  src/ASF/sam/drivers/mpu/mpu.o
gfont                                             src/ASF/sam/components/display/ili9488/ili9488.o
hardware_init_hook                                c:/program files (x86)/atmel/studio/7.0/toolchain/arm/arm-gnu-toolchain/bin/../lib/gcc/arm-none-eabi/6.3.1/../../../../arm-none-eabi/lib/thumb/v7e-m/crt0.o
ili9488_copy_pixels_from_screen                   src/ASF/sam/components/display/ili9488/ili9488.o
ili9488_copy_pixels_to_screen                     src/ASF/sam/components/display/ili9488/ili9488.o
ili9488_delay                                     src/ASF/sam/components/display/ili9488/ili9488.o
ili9488_display_off                               src/ASF/sam/components/display/ili9488/ili9488.o
ili9488_display_on                                src/ASF/sam/components/display/ili9488/ili9488.o
ili9488_draw_circle                               src/ASF/sam/components/display/ili9488/ili9488.o
ili9488_draw_filled_circle                        src/ASF/sam/components/display/ili9488/ili9488.o
ili9488_draw_filled_rectangle                     src/ASF/sam/components/display/ili9488/ili9488.o
                                                  src/main.o
ili9488_draw_line                                 src/ASF/sam/components/display/ili9488/ili9488.o
ili9488_draw_pixel                                src/ASF/sam/components/display/ili9488/ili9488.o
ili9488_draw_pixmap                               src/ASF/sam/components/display/ili9488/ili9488.o
                                                  src/main.o
ili9488_draw_prepare                              src/ASF/sam/components/display/ili9488/ili9488.o
ili9488_draw_rectangle                            src/ASF/sam/components/display/ili9488/ili9488.o
ili9488_draw_string                               src/ASF/sam/components/display/ili9488/ili9488.o
ili9488_duplicate_pixel                           src/ASF/sam/components/display/ili9488/ili9488.o
ili9488_fill                                      src/ASF/sam/components/display/ili9488/ili9488.o
ili9488_get_pixel                                 src/ASF/sam/components/display/ili9488/ili9488.o
ili9488_init                                      src/ASF/sam/components/display/ili9488/ili9488.o
                                                  src/main.o
ili9488_read_gram                                 src/ASF/sam/components/display/ili9488/ili9488.o
ili9488_scroll                                    src/ASF/sam/components/display/ili9488/ili9488.o
ili9488_set_bottom_right_limit                    src/ASF/sam/components/display/ili9488/ili9488.o
ili9488_set_cursor_position                       src/ASF/sam/components/display/ili9488/ili9488.o
ili9488_set_display_direction                     src/ASF/sam/components/display/ili9488/ili9488.o
ili9488_set_foreground_color                      src/ASF/sam/components/display/ili9488/ili9488.o
ili9488_set_limits                                src/ASF/sam/components/display/ili9488/ili9488.o
ili9488_set_orientation                           src/ASF/sam/components/display/ili9488/ili9488.o
ili9488_set_scroll_address                        src/ASF/sam/components/display/ili9488/ili9488.o
ili9488_set_top_left_limit                        src/ASF/sam/components/display/ili9488/ili9488.o
ili9488_set_window                                src/ASF/sam/components/display/ili9488/ili9488.o
ili9488_write_brightness                          src/ASF/sam/components/display/ili9488/ili9488.o
ili9488_write_gram                                src/ASF/sam/components/display/ili9488/ili9488.o
link                                              src/ASF/sam/utils/syscalls/gcc/syscalls.o
main                                              src/main.o
                                                  src/ASF/sam/utils/cmsis/same70/source/templates/gcc/startup_same70.o
                                                  c:/program files (x86)/atmel/studio/7.0/toolchain/arm/arm-gnu-toolchain/bin/../lib/gcc/arm-none-eabi/6.3.1/../../../../arm-none-eabi/lib/thumb/v7e-m/crt0.o
malloc                                            c:/program files (x86)/atmel/studio/7.0/toolchain/arm/arm-gnu-toolchain/bin/../lib/gcc/arm-none-eabi/6.3.1/../../../../arm-none-eabi/lib/thumb/v7e-m\libc.a(lib_a-__atexit.o)
memset                                            c:/program files (x86)/atmel/studio/7.0/toolchain/arm/arm-gnu-toolchain/bin/../lib/gcc/arm-none-eabi/6.3.1/../../../../arm-none-eabi/lib/thumb/v7e-m\libc.a(lib_a-memset.o)
                                                  c:/program files (x86)/atmel/studio/7.0/toolchain/arm/arm-gnu-toolchain/bin/../lib/gcc/arm-none-eabi/6.3.1/../../../../arm-none-eabi/lib/thumb/v7e-m/crt0.o
mpu_cal_mpu_region_size                           src/ASF/sam/drivers/mpu/mpu.o
mpu_disable_region                                src/ASF/sam/drivers/mpu/mpu.o
mpu_enable                                        src/ASF/sam/drivers/mpu/mpu.o
mpu_set_region                                    src/ASF/sam/drivers/mpu/mpu.o
mpu_set_region_num                                src/ASF/sam/drivers/mpu/mpu.o
mpu_update_regions                                src/ASF/sam/drivers/mpu/mpu.o
p_uc_charset10x14                                 src/ASF/sam/components/display/ili9488/ili9488.o
pio_capture_disable                               src/ASF/sam/drivers/pio/pio.o
pio_capture_disable_interrupt                     src/ASF/sam/drivers/pio/pio.o
pio_capture_enable                                src/ASF/sam/drivers/pio/pio.o
pio_capture_enable_flag                           src/ASF/sam/drivers/pio/pio.o
pio_capture_enable_interrupt                      src/ASF/sam/drivers/pio/pio.o
pio_capture_get_interrupt_mask                    src/ASF/sam/drivers/pio/pio.o
pio_capture_get_interrupt_status                  src/ASF/sam/drivers/pio/pio.o
pio_capture_read                                  src/ASF/sam/drivers/pio/pio.o
pio_capture_set_mode                              src/ASF/sam/drivers/pio/pio.o
pio_clear                                         src/ASF/sam/drivers/pio/pio.o
pio_configure                                     src/ASF/sam/drivers/pio/pio.o
pio_configure_interrupt                           src/ASF/sam/drivers/pio/pio.o
                                                  src/ASF/sam/drivers/pio/pio_handler.o
pio_configure_pin                                 src/ASF/sam/drivers/pio/pio.o
pio_configure_pin_group                           src/ASF/sam/drivers/pio/pio.o
pio_disable_interrupt                             src/ASF/sam/drivers/pio/pio.o
                                                  src/ASF/sam/drivers/pio/pio_handler.o
pio_disable_output_write                          src/ASF/sam/drivers/pio/pio.o
pio_disable_pin_interrupt                         src/ASF/sam/drivers/pio/pio.o
pio_enable_interrupt                              src/ASF/sam/drivers/pio/pio.o
                                                  src/ASF/sam/drivers/pio/pio_handler.o
                                                  src/main.o
pio_enable_output_write                           src/ASF/sam/drivers/pio/pio.o
pio_enable_pin_interrupt                          src/ASF/sam/drivers/pio/pio.o
pio_get                                           src/ASF/sam/drivers/pio/pio.o
pio_get_interrupt_mask                            src/ASF/sam/drivers/pio/pio.o
                                                  src/ASF/sam/drivers/pio/pio_handler.o
pio_get_interrupt_status                          src/ASF/sam/drivers/pio/pio.o
                                                  src/ASF/sam/drivers/pio/pio_handler.o
pio_get_multi_driver_status                       src/ASF/sam/drivers/pio/pio.o
pio_get_output_data_status                        src/ASF/sam/drivers/pio/pio.o
pio_get_output_write_status                       src/ASF/sam/drivers/pio/pio.o
pio_get_pin_group                                 src/ASF/sam/drivers/pio/pio.o
                                                  src/ASF/sam/drivers/pio/pio_handler.o
pio_get_pin_group_id                              src/ASF/sam/drivers/pio/pio.o
                                                  src/ASF/sam/drivers/pio/pio_handler.o
pio_get_pin_group_mask                            src/ASF/sam/drivers/pio/pio.o
                                                  src/ASF/sam/drivers/pio/pio_handler.o
pio_get_pin_value                                 src/ASF/sam/drivers/pio/pio.o
pio_get_schmitt_trigger                           src/ASF/sam/drivers/pio/pio.o
pio_get_writeprotect_status                       src/ASF/sam/drivers/pio/pio.o
pio_handler_process                               src/ASF/sam/drivers/pio/pio_handler.o
pio_handler_set                                   src/ASF/sam/drivers/pio/pio_handler.o
                                                  src/main.o
pio_handler_set_pin                               src/ASF/sam/drivers/pio/pio_handler.o
pio_handler_set_priority                          src/ASF/sam/drivers/pio/pio_handler.o
pio_pull_down                                     src/ASF/sam/drivers/pio/pio.o
pio_pull_up                                       src/ASF/sam/drivers/pio/pio.o
pio_set                                           src/ASF/sam/drivers/pio/pio.o
pio_set_additional_interrupt_mode                 src/ASF/sam/drivers/pio/pio.o
pio_set_debounce_filter                           src/ASF/sam/drivers/pio/pio.o
pio_set_input                                     src/ASF/sam/drivers/pio/pio.o
                                                  src/main.o
pio_set_io_drive                                  src/ASF/sam/drivers/pio/pio.o
pio_set_multi_driver                              src/ASF/sam/drivers/pio/pio.o
pio_set_output                                    src/ASF/sam/drivers/pio/pio.o
pio_set_peripheral                                src/ASF/sam/drivers/pio/pio.o
pio_set_pin_group_high                            src/ASF/sam/drivers/pio/pio.o
pio_set_pin_group_low                             src/ASF/sam/drivers/pio/pio.o
pio_set_pin_high                                  src/ASF/sam/drivers/pio/pio.o
                                                  src/ASF/sam/components/display/ili9488/ili9488.o
pio_set_pin_low                                   src/ASF/sam/drivers/pio/pio.o
                                                  src/ASF/sam/components/display/ili9488/ili9488.o
pio_set_schmitt_trigger                           src/ASF/sam/drivers/pio/pio.o
pio_set_writeprotect                              src/ASF/sam/drivers/pio/pio.o
pio_sync_output_write                             src/ASF/sam/drivers/pio/pio.o
pio_toggle_pin                                    src/ASF/sam/drivers/pio/pio.o
pio_toggle_pin_group                              src/ASF/sam/drivers/pio/pio.o
pmc_clr_fast_startup_input                        src/ASF/sam/drivers/pmc/pmc.o
pmc_disable_all_pck                               src/ASF/sam/drivers/pmc/pmc.o
pmc_disable_all_periph_clk                        src/ASF/sam/drivers/pmc/pmc.o
pmc_disable_clock_failure_detector                src/ASF/sam/drivers/pmc/pmc.o
pmc_disable_interrupt                             src/ASF/sam/drivers/pmc/pmc.o
pmc_disable_pck                                   src/ASF/sam/drivers/pmc/pmc.o
pmc_disable_periph_clk                            src/ASF/sam/drivers/pmc/pmc.o
                                                  src/ASF/sam/drivers/spi/spi.o
pmc_disable_pllack                                src/ASF/sam/drivers/pmc/pmc.o
                                                  src/ASF/sam/drivers/pmc/sleep.o
                                                  src/ASF/common/services/clock/same70/sysclk.o
pmc_disable_sclk_osc_freq_monitor                 src/ASF/sam/drivers/pmc/pmc.o
pmc_disable_sleepwalking                          src/ASF/sam/drivers/pmc/pmc.o
pmc_disable_udpck                                 src/ASF/sam/drivers/pmc/pmc.o
                                                  src/ASF/common/services/clock/same70/sysclk.o
pmc_disable_upll_clock                            src/ASF/sam/drivers/pmc/pmc.o
pmc_enable_all_pck                                src/ASF/sam/drivers/pmc/pmc.o
pmc_enable_all_periph_clk                         src/ASF/sam/drivers/pmc/pmc.o