Archive member included to satisfy reference by file (symbol)

c:/program files (x86)/atmel/studio/7.0/toolchain/arm/arm-gnu-toolchain/bin/../lib/gcc/arm-none-eabi/6.3.1/../../../../arm-none-eabi/lib/thumb/v7e-m\libc.a(lib_a-exit.o)
                              c:/program files (x86)/atmel/studio/7.0/toolchain/arm/arm-gnu-toolchain/bin/../lib/gcc/arm-none-eabi/6.3.1/../../../../arm-none-eabi/lib/thumb/v7e-m/crt0.o (exit)
c:/program files (x86)/atmel/studio/7.0/toolchain/arm/arm-gnu-toolchain/bin/../lib/gcc/arm-none-eabi/6.3.1/../../../../arm-none-eabi/lib/thumb/v7e-m\libc.a(lib_a-impure.o)
                              c:/program files (x86)/atmel/studio/7.0/toolchain/arm/arm-gnu-toolchain/bin/../lib/gcc/arm-none-eabi/6.3.1/../../../../arm-none-eabi/lib/thumb/v7e-m\libc.a(lib_a-exit.o) (_global_impure_ptr)
c:/program files (x86)/atmel/studio/7.0/toolchain/arm/arm-gnu-toolchain/bin/../lib/gcc/arm-none-eabi/6.3.1/../../../../arm-none-eabi/lib/thumb/v7e-m\libc.a(lib_a-init.o)
                              c:/program files (x86)/atmel/studio/7.0/toolchain/arm/arm-gnu-toolchain/bin/../lib/gcc/arm-none-eabi/6.3.1/../../../../arm-none-eabi/lib/thumb/v7e-m/crt0.o (__libc_init_array)
c:/program files (x86)/atmel/studio/7.0/toolchain/arm/arm-gnu-toolchain/bin/../lib/gcc/arm-none-eabi/6.3.1/../../../../arm-none-eabi/lib/thumb/v7e-m\libc.a(lib_a-memset.o)
                              c:/program files (x86)/atmel/studio/7.0/toolchain/arm/arm-gnu-toolchain/bin/../lib/gcc/arm-none-eabi/6.3.1/../../../../arm-none-eabi/lib/thumb/v7e-m/crt0.o (memset)
c:/program files (x86)/atmel/studio/7.0/toolchain/arm/arm-gnu-toolchain/bin/../lib/gcc/arm-none-eabi/6.3.1/../../../../arm-none-eabi/lib/thumb/v7e-m\libc.a(lib_a-__call_atexit.o)
                              c:/program files (x86)/atmel/studio/7.0/toolchain/arm/arm-gnu-toolchain/bin/../lib/gcc/arm-none-eabi/6.3.1/../../../../arm-none-eabi/lib/thumb/v7e-m\libc.a(lib_a-exit.o) (__call_exitprocs)
c:/program files (x86)/atmel/studio/7.0/toolchain/arm/arm-gnu-toolchain/bin/../lib/gcc/arm-none-eabi/6.3.1/../../../../arm-none-eabi/lib/thumb/v7e-m\libc.a(lib_a-atexit.o)
                              c:/program files (x86)/atmel/studio/7.0/toolchain/arm/arm-gnu-toolchain/bin/../lib/gcc/arm-none-eabi/6.3.1/../../../../arm-none-eabi/lib/thumb/v7e-m\libc.a(lib_a-__call_atexit.o) (atexit)
c:/program files (x86)/atmel/studio/7.0/toolchain/arm/arm-gnu-toolchain/bin/../lib/gcc/arm-none-eabi/6.3.1/../../../../arm-none-eabi/lib/thumb/v7e-m\libc.a(lib_a-fini.o)
                              c:/program files (x86)/atmel/studio/7.0/toolchain/arm/arm-gnu-toolchain/bin/../lib/gcc/arm-none-eabi/6.3.1/../../../../arm-none-eabi/lib/thumb/v7e-m\libc.a(lib_a-__call_atexit.o) (__libc_fini_array)
c:/program files (x86)/atmel/studio/7.0/toolchain/arm/arm-gnu-toolchain/bin/../lib/gcc/arm-none-eabi/6.3.1/../../../../arm-none-eabi/lib/thumb/v7e-m\libc.a(lib_a-lock.o)
                              c:/program files (x86)/atmel/studio/7.0/toolchain/arm/arm-gnu-toolchain/bin/../lib/gcc/arm-none-eabi/6.3.1/../../../../arm-none-eabi/lib/thumb/v7e-m\libc.a(lib_a-__call_atexit.o) (__retarget_lock_acquire_recursive)
c:/program files (x86)/atmel/studio/7.0/toolchain/arm/arm-gnu-toolchain/bin/../lib/gcc/arm-none-eabi/6.3.1/../../../../arm-none-eabi/lib/thumb/v7e-m\libc.a(lib_a-__atexit.o)
                              c:/program files (x86)/atmel/studio/7.0/toolchain/arm/arm-gnu-toolchain/bin/../lib/gcc/arm-none-eabi/6.3.1/../../../../arm-none-eabi/lib/thumb/v7e-m\libc.a(lib_a-atexit.o) (__register_exitproc)

Allocating common symbols
Common symbol       size              file

__lock___atexit_recursive_mutex
                    0x1               c:/program files (x86)/atmel/studio/7.0/toolchain/arm/arm-gnu-toolchain/bin/../lib/gcc/arm-none-eabi/6.3.1/../../../../arm-none-eabi/lib/thumb/v7e-m\libc.a(lib_a-lock.o)
__lock___arc4random_mutex
                    0x1               c:/program files (x86)/atmel/studio/7.0/toolchain/arm/arm-gnu-toolchain/bin/../lib/gcc/arm-none-eabi/6.3.1/../../../../arm-none-eabi/lib/thumb/v7e-m\libc.a(lib_a-lock.o)
__lock___env_recursive_mutex
                    0x1               c:/program files (x86)/atmel/studio/7.0/toolchain/arm/arm-gnu-toolchain/bin/../lib/gcc/arm-none-eabi/6.3.1/../../../../arm-none-eabi/lib/thumb/v7e-m\libc.a(lib_a-lock.o)
__lock___sinit_recursive_mutex
                    0x1               c:/program files (x86)/atmel/studio/7.0/toolchain/arm/arm-gnu-toolchain/bin/../lib/gcc/arm-none-eabi/6.3.1/../../../../arm-none-eabi/lib/thumb/v7e-m\libc.a(lib_a-lock.o)
__lock___malloc_recursive_mutex
                    0x1               c:/program files (x86)/atmel/studio/7.0/toolchain/arm/arm-gnu-toolchain/bin/../lib/gcc/arm-none-eabi/6.3.1/../../../../arm-none-eabi/lib/thumb/v7e-m\libc.a(lib_a-lock.o)
pio_capture_enable_flag
                    0x4               src/ASF/sam/drivers/pio/pio.o
g_ili9488_display_opt
                    0x10              src/main.o
[...]
Memory Configuration

Name             Origin             Length             Attributes
rom              0x00400000         0x00200000         xr
ram              0x20400000         0x00060000         xrw
*default*        0x00000000         0xffffffff

Linker script and memory map

LOAD c:/program files (x86)/atmel/studio/7.0/toolchain/arm/arm-gnu-toolchain/bin/../lib/gcc/arm-none-eabi/6.3.1/thumb/v7e-m/crti.o
LOAD c:/program files (x86)/atmel/studio/7.0/toolchain/arm/arm-gnu-toolchain/bin/../lib/gcc/arm-none-eabi/6.3.1/thumb/v7e-m/crtbegin.o
LOAD c:/program files (x86)/atmel/studio/7.0/toolchain/arm/arm-gnu-toolchain/bin/../lib/gcc/arm-none-eabi/6.3.1/../../../../arm-none-eabi/lib/thumb/v7e-m/crt0.o
LOAD src/ASF/sam/drivers/tc/tc.o
LOAD src/main.o
LOAD src/ASF/common/services/delay/sam/cycle_counter.o
LOAD src/ASF/common/services/spi/sam_spi/spi_master.o
LOAD src/ASF/sam/components/display/ili9488/ili9488.o
LOAD src/ASF/sam/drivers/spi/spi.o
LOAD src/ASF/common/services/clock/same70/sysclk.o
LOAD src/ASF/common/utils/interrupt/interrupt_sam_nvic.o
LOAD src/ASF/sam/boards/same70_xplained/init.o
LOAD src/ASF/sam/drivers/mpu/mpu.o
LOAD src/ASF/sam/drivers/pio/pio.o
LOAD src/ASF/sam/drivers/pio/pio_handler.o
LOAD src/ASF/sam/drivers/pmc/pmc.o
LOAD src/ASF/sam/drivers/pmc/sleep.o
LOAD src/ASF/sam/utils/cmsis/same70/source/templates/gcc/startup_same70.o
LOAD src/ASF/sam/utils/cmsis/same70/source/templates/system_same70.o
LOAD src/ASF/sam/utils/syscalls/gcc/syscalls.o
START GROUP
LOAD ../src/ASF/thirdparty/CMSIS/Lib/GCC\libarm_cortexM7lfsp_math_softfp.a
LOAD c:/program files (x86)/atmel/studio/7.0/toolchain/arm/arm-gnu-toolchain/bin/../lib/gcc/arm-none-eabi/6.3.1/../../../../arm-none-eabi/lib/thumb/v7e-m\libm.a
END GROUP
START GROUP
LOAD c:/program files (x86)/atmel/studio/7.0/toolchain/arm/arm-gnu-toolchain/bin/../lib/gcc/arm-none-eabi/6.3.1/thumb/v7e-m\libgcc.a
LOAD c:/program files (x86)/atmel/studio/7.0/toolchain/arm/arm-gnu-toolchain/bin/../lib/gcc/arm-none-eabi/6.3.1/../../../../arm-none-eabi/lib/thumb/v7e-m\libc.a
END GROUP
LOAD c:/program files (x86)/atmel/studio/7.0/toolchain/arm/arm-gnu-toolchain/bin/../lib/gcc/arm-none-eabi/6.3.1/thumb/v7e-m/crtend.o
LOAD c:/program files (x86)/atmel/studio/7.0/toolchain/arm/arm-gnu-toolchain/bin/../lib/gcc/arm-none-eabi/6.3.1/thumb/v7e-m/crtn.o
                0x00002000                STACK_SIZE = DEFINED (STACK_SIZE)?STACK_SIZE:0x2000
                0x2045fffc                __ram_end__ = ((ORIGIN (ram) + LENGTH (ram)) - 0x4)
                0x00000200                HEAP_SIZE = DEFINED (HEAP_SIZE)?HEAP_SIZE:0x200

.text           0x00400000    0x4a44c
                0x00400000                . = ALIGN (0x4)
                0x00400000                _sfixed = .
 *(.vectors .vectors.*)
 .vectors       0x00400000      0x168 src/ASF/sam/utils/cmsis/same70/source/templates/gcc/startup_same70.o
                0x00400000                exception_table
 *(.text .text.* .gnu.linkonce.t.*)
 .text          0x00400168       0x6c c:/program files (x86)/atmel/studio/7.0/toolchain/arm/arm-gnu-toolchain/bin/../lib/gcc/arm-none-eabi/6.3.1/thumb/v7e-m/crtbegin.o
 .text.NVIC_EnableIRQ
                0x004001d4       0x34 src/main.o
 .text.NVIC_SetPriority
                0x00400208       0x54 src/main.o
 .text.Button_callback
                0x0040025c       0x20 src/main.o
 .text.BUT_init
                0x0040027c       0x6c src/main.o
                0x0040027c                BUT_init
 .text.configure_lcd
                0x004002e8       0x4c src/main.o
                0x004002e8                configure_lcd
 .text.font_draw_text
                0x00400334       0x88 src/main.o
                0x00400334                font_draw_text
 .text.main     0x004003bc       0xa0 src/main.o
                0x004003bc                main
 .text.osc_get_rate
                0x0040045c       0x74 src/ASF/common/services/spi/sam_spi/spi_master.o
 .text.sysclk_get_main_hz
                0x004004d0       0x20 src/ASF/common/services/spi/sam_spi/spi_master.o
 .text.sysclk_get_peripheral_hz
                0x004004f0       0x14 src/ASF/common/services/spi/sam_spi/spi_master.o
 .text.spi_reset
                0x00400504       0x1a src/ASF/common/services/spi/sam_spi/spi_master.o
 .text.spi_set_master_mode
                0x0040051e       0x20 src/ASF/common/services/spi/sam_spi/spi_master.o
 .text.spi_set_fixed_peripheral_select
                0x0040053e       0x20 src/ASF/common/services/spi/sam_spi/spi_master.o
 .text.spi_disable_peripheral_select_decode
                0x0040055e       0x20 src/ASF/common/services/spi/sam_spi/spi_master.o
 .text.spi_get_peripheral_select_decode_setting
                0x0040057e       0x26 src/ASF/common/services/spi/sam_spi/spi_master.o
 .text.spi_disable_mode_fault_detect
                0x004005a4       0x20 src/ASF/common/services/spi/sam_spi/spi_master.o
 .text.spi_disable_loopback
                0x004005c4       0x20 src/ASF/common/services/spi/sam_spi/spi_master.o
 .text.spi_put  0x004005e4       0x1e src/ASF/common/services/spi/sam_spi/spi_master.o
 .text.spi_get  0x00400602       0x1a src/ASF/common/services/spi/sam_spi/spi_master.o
 .text.spi_is_tx_ready
                0x0040061c       0x26 src/ASF/common/services/spi/sam_spi/spi_master.o
 .text.spi_is_rx_ready
                0x00400642       0x2c src/ASF/common/services/spi/sam_spi/spi_master.o
 *fill*         0x0040066e        0x2 
 .text.spi_write_single
                0x00400670       0x24 src/ASF/common/services/spi/sam_spi/spi_master.o
 .text.spi_read_single
                0x00400694       0x24 src/ASF/common/services/spi/sam_spi/spi_master.o
 .text.spi_master_init
                0x004006b8       0x70 src/ASF/common/services/spi/sam_spi/spi_master.o
                0x004006b8                spi_master_init
 .text.spi_master_setup_device
                0x00400728       0xb4 src/ASF/common/services/spi/sam_spi/spi_master.o
                0x00400728                spi_master_setup_device
 .text.spi_select_device
                0x004007dc       0x58 src/ASF/common/services/spi/sam_spi/spi_master.o
                0x004007dc                spi_select_device
 .text.spi_write_packet
                0x00400834       0x74 src/ASF/common/services/spi/sam_spi/spi_master.o
                0x00400834                spi_write_packet
 .text.spi_read_packet
                0x004008a8       0xac src/ASF/common/services/spi/sam_spi/spi_master.o
                0x004008a8                spi_read_packet
 .text.spi_enable
                0x00400954       0x1a src/ASF/sam/components/display/ili9488/ili9488.o
 .text.spi_enable_interrupt
                0x0040096e       0x1c src/ASF/sam/components/display/ili9488/ili9488.o
 *fill*         0x0040098a        0x2 
 .text.ili9488_write_ram_prepare
                0x0040098c       0x40 src/ASF/sam/components/display/ili9488/ili9488.o
 .text.ili9488_write_ram_buffer
                0x004009cc       0x40 src/ASF/sam/components/display/ili9488/ili9488.o
 .text.ili9488_write_register
                0x00400a0c       0x78 src/ASF/sam/components/display/ili9488/ili9488.o
 .text.ili9488_read_chipid
                0x00400a84       0xcc src/ASF/sam/components/display/ili9488/ili9488.o
 .text.ili9488_delay
                0x00400b50       0x40 src/ASF/sam/components/display/ili9488/ili9488.o
                0x00400b50                ili9488_delay
 .text.ili9488_check_box_coordinates
                0x00400b90       0xa2 src/ASF/sam/components/display/ili9488/ili9488.o
 *fill*         0x00400c32        0x2 
 .text.ili9488_set_display_direction
                0x00400c34       0x34 src/ASF/sam/components/display/ili9488/ili9488.o
                0x00400c34                ili9488_set_display_direction
 .text.ili9488_set_window
                0x00400c68       0xc8 src/ASF/sam/components/display/ili9488/ili9488.o
                0x00400c68                ili9488_set_window
 .text.ili9488_init
                0x00400d30      0x15c src/ASF/sam/components/display/ili9488/ili9488.o
                0x00400d30                ili9488_init
 .text.ili9488_display_on
                0x00400e8c       0x18 src/ASF/sam/components/display/ili9488/ili9488.o
                0x00400e8c                ili9488_display_on
 .text.ili9488_set_foreground_color
                0x00400ea4       0x54 src/ASF/sam/components/display/ili9488/ili9488.o
                0x00400ea4                ili9488_set_foreground_color
 .text.ili9488_set_cursor_position
                0x00400ef8       0x84 src/ASF/sam/components/display/ili9488/ili9488.o
                0x00400ef8                ili9488_set_cursor_position
 .text.ili9488_draw_filled_rectangle
                0x00400f7c       0xdc src/ASF/sam/components/display/ili9488/ili9488.o
                0x00400f7c                ili9488_draw_filled_rectangle
 .text.ili9488_draw_pixmap
                0x00401058       0xb4 src/ASF/sam/components/display/ili9488/ili9488.o
                0x00401058                ili9488_draw_pixmap
 .text.spi_get_peripheral_select_mode
                0x0040110c       0x26 src/ASF/sam/drivers/spi/spi.o
 *fill*         0x00401132        0x2 
 .text.sysclk_enable_peripheral_clock
                0x00401134       0x1c src/ASF/sam/drivers/spi/spi.o
 .text.spi_enable_clock
                0x00401150       0x3c src/ASF/sam/drivers/spi/spi.o
                0x00401150                spi_enable_clock
 .text.spi_set_peripheral_chip_select_value
                0x0040118c       0x34 src/ASF/sam/drivers/spi/spi.o
                0x0040118c                spi_set_peripheral_chip_select_value
 .text.spi_set_delay_between_chip_select
                0x004011c0       0x30 src/ASF/sam/drivers/spi/spi.o
                0x004011c0                spi_set_delay_between_chip_select
 .text.spi_write
                0x004011f0       0x80 src/ASF/sam/drivers/spi/spi.o
                0x004011f0                spi_write
 .text.spi_set_clock_polarity
                0x00401270       0x50 src/ASF/sam/drivers/spi/spi.o
                0x00401270                spi_set_clock_polarity
 .text.spi_set_clock_phase
                0x004012c0       0x50 src/ASF/sam/drivers/spi/spi.o
                0x004012c0                spi_set_clock_phase
 .text.spi_configure_cs_behavior
                0x00401310       0xa6 src/ASF/sam/drivers/spi/spi.o
                0x00401310                spi_configure_cs_behavior
 .text.spi_set_bits_per_transfer
                0x004013b6       0x4a src/ASF/sam/drivers/spi/spi.o
                0x004013b6                spi_set_bits_per_transfer
 .text.spi_calc_baudrate_div
                0x00401400       0x3c src/ASF/sam/drivers/spi/spi.o
                0x00401400                spi_calc_baudrate_div
 .text.spi_set_baudrate_div
                0x0040143c       0x5e src/ASF/sam/drivers/spi/spi.o
                0x0040143c                spi_set_baudrate_div
 .text.spi_set_transfer_delay
                0x0040149a       0x5e src/ASF/sam/drivers/spi/spi.o
                0x0040149a                spi_set_transfer_delay
 .text.osc_enable
                0x004014f8       0x88 src/ASF/common/services/clock/same70/sysclk.o
 .text.osc_is_ready
                0x00401580       0x70 src/ASF/common/services/clock/same70/sysclk.o
 .text.osc_get_rate
                0x004015f0       0x74 src/ASF/common/services/clock/same70/sysclk.o
 .text.osc_wait_ready
                0x00401664       0x2c src/ASF/common/services/clock/same70/sysclk.o
 .text.pll_config_init
                0x00401690       0x6c src/ASF/common/services/clock/same70/sysclk.o
 .text.pll_enable
                0x004016fc       0x40 src/ASF/common/services/clock/same70/sysclk.o
 .text.pll_is_locked
                0x0040173c       0x2c src/ASF/common/services/clock/same70/sysclk.o
 .text.pll_enable_source
                0x00401768       0x38 src/ASF/common/services/clock/same70/sysclk.o
 .text.pll_wait_for_lock
                0x004017a0       0x24 src/ASF/common/services/clock/same70/sysclk.o
 .text.sysclk_get_main_hz
                0x004017c4       0x20 src/ASF/common/services/clock/same70/sysclk.o
 .text.sysclk_get_cpu_hz
                0x004017e4       0x14 src/ASF/common/services/clock/same70/sysclk.o
 .text.sysclk_init
                0x004017f8       0x7c src/ASF/common/services/clock/same70/sysclk.o
                0x004017f8                sysclk_init
 .text.sysclk_enable_peripheral_clock
                0x00401874       0x1c src/ASF/sam/boards/same70_xplained/init.o
 .text.ioport_init
                0x00401890       0x2c src/ASF/sam/boards/same70_xplained/init.o
 .text.ioport_disable_pin
                0x004018bc       0x4c src/ASF/sam/boards/same70_xplained/init.o
 .text.ioport_set_pin_mode
                0x00401908      0x11c src/ASF/sam/boards/same70_xplained/init.o
 .text.ioport_set_pin_dir
                0x00401a24       0x88 src/ASF/sam/boards/same70_xplained/init.o
 .text.ioport_set_pin_level
                0x00401aac       0x6c src/ASF/sam/boards/same70_xplained/init.o
 .text.ioport_set_pin_sense_mode
                0x00401b18       0xd0 src/ASF/sam/boards/same70_xplained/init.o
 .text.tcm_disable
                0x00401be8       0x44 src/ASF/sam/boards/same70_xplained/init.o
 .text.board_init
                0x00401c2c       0xa8 src/ASF/sam/boards/same70_xplained/init.o
                0x00401c2c                board_init
 .text.pio_pull_up
                0x00401cd4       0x2c src/ASF/sam/drivers/pio/pio.o
                0x00401cd4                pio_pull_up
 .text.pio_set_input
                0x00401d00       0x80 src/ASF/sam/drivers/pio/pio.o
                0x00401d00                pio_set_input
 .text.pio_configure_interrupt
                0x00401d80       0x6c src/ASF/sam/drivers/pio/pio.o
                0x00401d80                pio_configure_interrupt
 .text.pio_enable_interrupt
                0x00401dec       0x1c src/ASF/sam/drivers/pio/pio.o
                0x00401dec                pio_enable_interrupt
 .text.pio_disable_interrupt
                0x00401e08       0x1c src/ASF/sam/drivers/pio/pio.o
                0x00401e08                pio_disable_interrupt
 .text.pio_get_interrupt_status
                0x00401e24       0x18 src/ASF/sam/drivers/pio/pio.o
                0x00401e24                pio_get_interrupt_status
 .text.pio_get_interrupt_mask
                0x00401e3c       0x18 src/ASF/sam/drivers/pio/pio.o
                0x00401e3c                pio_get_interrupt_mask
 .text.pio_set_pin_high
                0x00401e54       0x30 src/ASF/sam/drivers/pio/pio.o
                0x00401e54                pio_set_pin_high
 .text.pio_set_pin_low
                0x00401e84       0x30 src/ASF/sam/drivers/pio/pio.o
                0x00401e84                pio_set_pin_low
 .text.pio_get_pin_group
                0x00401eb4       0x28 src/ASF/sam/drivers/pio/pio.o
                0x00401eb4                pio_get_pin_group
 .text.pio_handler_process
                0x00401edc       0xb4 src/ASF/sam/drivers/pio/pio_handler.o
                0x00401edc                pio_handler_process
 .text.pio_handler_set
                0x00401f90       0xa0 src/ASF/sam/drivers/pio/pio_handler.o
                0x00401f90                pio_handler_set
 .text.PIOA_Handler
                0x00402030       0x18 src/ASF/sam/drivers/pio/pio_handler.o
                0x00402030                PIOA_Handler
 .text.PIOB_Handler
                0x00402048       0x18 src/ASF/sam/drivers/pio/pio_handler.o
                0x00402048                PIOB_Handler
 .text.PIOC_Handler
                0x00402060       0x18 src/ASF/sam/drivers/pio/pio_handler.o
                0x00402060                PIOC_Handler
 .text.PIOD_Handler
                0x00402078       0x18 src/ASF/sam/drivers/pio/pio_handler.o
                0x00402078                PIOD_Handler
 .text.PIOE_Handler
                0x00402090       0x18 src/ASF/sam/drivers/pio/pio_handler.o
                0x00402090                PIOE_Handler
 .text.pmc_mck_set_division
                0x004020a8       0x7c src/ASF/sam/drivers/pmc/pmc.o
                0x004020a8                pmc_mck_set_division
 .text.pmc_switch_mck_to_pllack
                0x00402124       0x84 src/ASF/sam/drivers/pmc/pmc.o
                0x00402124                pmc_switch_mck_to_pllack
 .text.pmc_switch_sclk_to_32kxtal
                0x004021a8       0x38 src/ASF/sam/drivers/pmc/pmc.o
                0x004021a8                pmc_switch_sclk_to_32kxtal
 .text.pmc_osc_is_ready_32kxtal
                0x004021e0       0x34 src/ASF/sam/drivers/pmc/pmc.o
                0x004021e0                pmc_osc_is_ready_32kxtal
 .text.pmc_switch_mainck_to_fastrc
                0x00402214       0x70 src/ASF/sam/drivers/pmc/pmc.o
                0x00402214                pmc_switch_mainck_to_fastrc
 .text.pmc_switch_mainck_to_xtal
                0x00402284       0x78 src/ASF/sam/drivers/pmc/pmc.o
                0x00402284                pmc_switch_mainck_to_xtal
 .text.pmc_osc_is_ready_mainck
                0x004022fc       0x1c src/ASF/sam/drivers/pmc/pmc.o
                0x004022fc                pmc_osc_is_ready_mainck
 .text.pmc_disable_pllack
                0x00402318       0x1c src/ASF/sam/drivers/pmc/pmc.o
                0x00402318                pmc_disable_pllack
 .text.pmc_is_locked_pllack
                0x00402334       0x1c src/ASF/sam/drivers/pmc/pmc.o
                0x00402334                pmc_is_locked_pllack
 .text.pmc_is_locked_upll
                0x00402350       0x1c src/ASF/sam/drivers/pmc/pmc.o
                0x00402350                pmc_is_locked_upll
 .text.pmc_enable_periph_clk
                0x0040236c       0x3c src/ASF/sam/drivers/pmc/pmc.o
                0x0040236c                pmc_enable_periph_clk
 .text.pmc_set_flash_in_wait_mode
                0x004023a8       0x20 src/ASF/sam/drivers/pmc/pmc.o
                0x004023a8                pmc_set_flash_in_wait_mode
 .text.pmc_enable_waitmode
                0x004023c8       0x90 src/ASF/sam/drivers/pmc/pmc.o
                0x004023c8                pmc_enable_waitmode
 .text.pmc_sleep
                0x00402458      0x398 src/ASF/sam/drivers/pmc/sleep.o
                0x00402458                pmc_sleep
 .text.cpu_irq_save
                0x004027f0       0x38 src/ASF/sam/utils/cmsis/same70/source/templates/gcc/startup_same70.o
 .text.cpu_irq_is_enabled_flags
                0x00402828       0x20 src/ASF/sam/utils/cmsis/same70/source/templates/gcc/startup_same70.o
 .text.cpu_irq_restore
                0x00402848       0x30 src/ASF/sam/utils/cmsis/same70/source/templates/gcc/startup_same70.o
 .text.Reset_Handler
                0x00402878       0xb0 src/ASF/sam/utils/cmsis/same70/source/templates/gcc/startup_same70.o
                0x00402878                Reset_Handler
 .text.Dummy_Handler
                0x00402928        0x6 src/ASF/sam/utils/cmsis/same70/source/templates/gcc/startup_same70.o
                0x00402928                DACC_Handler
                0x00402928                DebugMon_Handler
                0x00402928                UART3_Handler
                0x00402928                UART2_Handler
                0x00402928                TRNG_Handler
                0x00402928                HardFault_Handler
                0x00402928                TC2_Handler
                0x00402928                SysTick_Handler
                0x00402928                AFEC1_Handler
                0x00402928                PendSV_Handler
                0x00402928                NMI_Handler
                0x00402928                TC7_Handler
                0x00402928                QSPI_Handler
                0x00402928                ISI_Handler
                0x00402928                MCAN0_INT0_Handler
                0x00402928                TC9_Handler
                0x00402928                RSWDT_Handler
                0x00402928                USART0_Handler
                0x00402928                RTT_Handler
                0x00402928                USBHS_Handler
                0x00402928                IXC_Handler
                0x00402928                CCF_Handler
                0x00402928                RTC_Handler
                0x00402928                UsageFault_Handler
                0x00402928                TC6_Handler
                0x00402928                WDT_Handler
                0x00402928                MCAN1_INT1_Handler
                0x00402928                TC4_Handler
                0x00402928                TC1_Handler
                0x00402928                HSMCI_Handler
                0x00402928                UART1_Handler
                0x00402928                TC3_Handler
                0x00402928                Dummy_Handler
                0x00402928                TWIHS1_Handler
                0x00402928                XDMAC_Handler
                0x00402928                UART4_Handler
                0x00402928                PWM1_Handler
                0x00402928                USART1_Handler
                0x00402928                PWM0_Handler
                0x00402928                AFEC0_Handler
                0x00402928                CCW_Handler
                0x00402928                TC11_Handler
                0x00402928                SSC_Handler
                0x00402928                ACC_Handler
                0x00402928                PMC_Handler
                0x00402928                GMAC_Handler
                0x00402928                MCAN0_INT1_Handler
                0x00402928                GMAC_Q5_Handler
                0x00402928                MemManage_Handler
                0x00402928                SUPC_Handler
                0x00402928                SVC_Handler
                0x00402928                TC8_Handler
                0x00402928                MCAN1_INT0_Handler
                0x00402928                EFC_Handler
                0x00402928                GMAC_Q1_Handler
                0x00402928                USART2_Handler
                0x00402928                SDRAMC_Handler
                0x00402928                GMAC_Q2_Handler
                0x00402928                SPI1_Handler
                0x00402928                TC10_Handler
                0x00402928                GMAC_Q3_Handler
                0x00402928                TWIHS2_Handler
                0x00402928                I2SC0_Handler
                0x00402928                UART0_Handler
                0x00402928                I2SC1_Handler
                0x00402928                GMAC_Q4_Handler
                0x00402928                FPU_Handler
                0x00402928                BusFault_Handler
                0x00402928                RSTC_Handler
                0x00402928                TC0_Handler
                0x00402928                TC5_Handler
                0x00402928                AES_Handler
                0x00402928                ICM_Handler
                0x00402928                TWIHS0_Handler
                0x00402928                SPI0_Handler
 *fill*         0x0040292e        0x2 
 .text.SystemCoreClockUpdate
                0x00402930      0x168 src/ASF/sam/utils/cmsis/same70/source/templates/system_same70.o
                0x00402930                SystemCoreClockUpdate
 .text.system_init_flash
                0x00402a98       0xb0 src/ASF/sam/utils/cmsis/same70/source/templates/system_same70.o
                0x00402a98                system_init_flash
 .text.__libc_init_array
                0x00402b48       0x50 c:/program files (x86)/atmel/studio/7.0/toolchain/arm/arm-gnu-toolchain/bin/../lib/gcc/arm-none-eabi/6.3.1/../../../../arm-none-eabi/lib/thumb/v7e-m\libc.a(lib_a-init.o)
                0x00402b48                __libc_init_array
 .text.startup.register_fini
                0x00402b98       0x14 c:/program files (x86)/atmel/studio/7.0/toolchain/arm/arm-gnu-toolchain/bin/../lib/gcc/arm-none-eabi/6.3.1/../../../../arm-none-eabi/lib/thumb/v7e-m\libc.a(lib_a-__call_atexit.o)
 .text.atexit   0x00402bac        0xc c:/program files (x86)/atmel/studio/7.0/toolchain/arm/arm-gnu-toolchain/bin/../lib/gcc/arm-none-eabi/6.3.1/../../../../arm-none-eabi/lib/thumb/v7e-m\libc.a(lib_a-atexit.o)
                0x00402bac                atexit
 .text.__libc_fini_array
                0x00402bb8       0x34 c:/program files (x86)/atmel/studio/7.0/toolchain/arm/arm-gnu-toolchain/bin/../lib/gcc/arm-none-eabi/6.3.1/../../../../arm-none-eabi/lib/thumb/v7e-m\libc.a(lib_a-fini.o)
                0x00402bb8                __libc_fini_array
 .text.__retarget_lock_acquire_recursive
                0x00402bec        0x4 c:/program files (x86)/atmel/studio/7.0/toolchain/arm/arm-gnu-toolchain/bin/../lib/gcc/arm-none-eabi/6.3.1/../../../../arm-none-eabi/lib/thumb/v7e-m\libc.a(lib_a-lock.o)
                0x00402bec                __retarget_lock_acquire_recursive
 .text.__retarget_lock_release_recursive
                0x00402bf0        0x4 c:/program files (x86)/atmel/studio/7.0/toolchain/arm/arm-gnu-toolchain/bin/../lib/gcc/arm-none-eabi/6.3.1/../../../../arm-none-eabi/lib/thumb/v7e-m\libc.a(lib_a-lock.o)
                0x00402bf0                __retarget_lock_release_recursive
 .text.__register_exitproc
                0x00402bf4       0xc4 c:/program files (x86)/atmel/studio/7.0/toolchain/arm/arm-gnu-toolchain/bin/../lib/gcc/arm-none-eabi/6.3.1/../../../../arm-none-eabi/lib/thumb/v7e-m\libc.a(lib_a-__atexit.o)
                0x00402bf4                __register_exitproc
 *(.glue_7t)
 .glue_7t       0x00402cb8        0x0 linker stubs
 *(.glue_7)
 .glue_7        0x00402cb8        0x0 linker stubs
 *(.rodata .rodata* .gnu.linkonce.r.*)
 .rodata.image_data_sourcecodepro_28_0x41
                0x00402cb8      0x138 src/main.o
 .rodata.sourcecodepro_28_0x41
                0x00402df0       0x10 src/main.o
 .rodata.image_data_sourcecodepro_28_0x42
                0x00402e00      0x138 src/main.o
 .rodata.sourcecodepro_28_0x42
                0x00402f38       0x10 src/main.o
 .rodata.image_data_sourcecodepro_28_0x43
                0x00402f48      0x15f src/main.o
 *fill*         0x004030a7        0x1 
 .rodata.sourcecodepro_28_0x43
                0x004030a8       0x10 src/main.o
 .rodata.image_data_sourcecodepro_28_0x44
                0x004030b8      0x186 src/main.o
 *fill*         0x0040323e        0x2 
 .rodata.sourcecodepro_28_0x44
                0x00403240       0x10 src/main.o
 .rodata.image_data_sourcecodepro_28_0x45
                0x00403250      0x138 src/main.o
 .rodata.sourcecodepro_28_0x45
                0x00403388       0x10 src/main.o
 .rodata.image_data_sourcecodepro_28_0x46
                0x00403398      0x111 src/main.o
 *fill*         0x004034a9        0x3 
 .rodata.sourcecodepro_28_0x46
                0x004034ac       0x10 src/main.o
 .rodata.image_data_sourcecodepro_28_0x47
                0x004034bc      0x15f src/main.o
 *fill*         0x0040361b        0x1 
 .rodata.sourcecodepro_28_0x47
                0x0040361c       0x10 src/main.o
 .rodata.image_data_sourcecodepro_28_0x48
                0x0040362c      0x15f src/main.o
 *fill*         0x0040378b        0x1 
 .rodata.sourcecodepro_28_0x48
                0x0040378c       0x10 src/main.o
 .rodata.image_data_sourcecodepro_28_0x49
                0x0040379c       0x9c src/main.o
 .rodata.sourcecodepro_28_0x49
                0x00403838       0x10 src/main.o
 .rodata.image_data_sourcecodepro_28_0x4a
                0x00403848       0xea src/main.o
 *fill*         0x00403932        0x2 
 .rodata.sourcecodepro_28_0x4a
                0x00403934       0x10 src/main.o
 .rodata.image_data_sourcecodepro_28_0x4b
                0x00403944      0x138 src/main.o
 .rodata.sourcecodepro_28_0x4b
                0x00403a7c       0x10 src/main.o
 .rodata.image_data_sourcecodepro_28_0x4c
                0x00403a8c      0x111 src/main.o
 *fill*         0x00403b9d        0x3 
 .rodata.sourcecodepro_28_0x4c
                0x00403ba0       0x10 src/main.o
 .rodata.image_data_sourcecodepro_28_0x4d
                0x00403bb0      0x186 src/main.o
 *fill*         0x00403d36        0x2 
 .rodata.sourcecodepro_28_0x4d
                0x00403d38       0x10 src/main.o
 .rodata.image_data_sourcecodepro_28_0x4e
                0x00403d48      0x15f src/main.o
 *fill*         0x00403ea7        0x1 
 .rodata.sourcecodepro_28_0x4e
                0x00403ea8       0x10 src/main.o
 .rodata.image_data_sourcecodepro_28_0x4f
                0x00403eb8      0x186 src/main.o
 *fill*         0x0040403e        0x2 
 .rodata.sourcecodepro_28_0x4f
                0x00404040       0x10 src/main.o
 .rodata.image_data_sourcecodepro_28_0x50
                0x00404050      0x138 src/main.o
 .rodata.sourcecodepro_28_0x50
                0x00404188       0x10 src/main.o
 .rodata.image_data_sourcecodepro_28_0x51
                0x00404198      0x186 src/main.o
 *fill*         0x0040431e        0x2 
 .rodata.sourcecodepro_28_0x51
                0x00404320       0x10 src/main.o
 .rodata.image_data_sourcecodepro_28_0x52
                0x00404330      0x15f src/main.o
 *fill*         0x0040448f        0x1 
 .rodata.sourcecodepro_28_0x52
                0x00404490       0x10 src/main.o
 .rodata.image_data_sourcecodepro_28_0x53
                0x004044a0      0x138 src/main.o
 .rodata.sourcecodepro_28_0x53
                0x004045d8       0x10 src/main.o
 .rodata.image_data_sourcecodepro_28_0x54
                0x004045e8      0x138 src/main.o
 .rodata.sourcecodepro_28_0x54
                0x00404720       0x10 src/main.o
 .rodata.image_data_sourcecodepro_28_0x55
                0x00404730      0x15f src/main.o
 *fill*         0x0040488f        0x1 
 .rodata.sourcecodepro_28_0x55
                0x00404890       0x10 src/main.o
 .rodata.image_data_sourcecodepro_28_0x56
                0x004048a0      0x138 src/main.o
 .rodata.sourcecodepro_28_0x56
                0x004049d8       0x10 src/main.o
 .rodata.image_data_sourcecodepro_28_0x57
                0x004049e8      0x222 src/main.o
 *fill*         0x00404c0a        0x2 
 .rodata.sourcecodepro_28_0x57
                0x00404c0c       0x10 src/main.o
 .rodata.image_data_sourcecodepro_28_0x58
                0x00404c1c      0x138 src/main.o
 .rodata.sourcecodepro_28_0x58
                0x00404d54       0x10 src/main.o
 .rodata.image_data_sourcecodepro_28_0x59
                0x00404d64      0x138 src/main.o
 .rodata.sourcecodepro_28_0x59
                0x00404e9c       0x10 src/main.o
 .rodata.image_data_sourcecodepro_28_0x5a
                0x00404eac      0x138 src/main.o
 .rodata.sourcecodepro_28_0x5a
                0x00404fe4       0x10 src/main.o
 .rodata.sourcecodepro_28_array
                0x00404ff4       0xd0 src/main.o
 .rodata.sourcecodepro_28
                0x004050c4        0xc src/main.o
                0x004050c4                sourcecodepro_28
 .rodata.image_data_calibri_36_0x20
                0x004050d0      0x378 src/main.o
 .rodata.calibri_36_0x20
                0x00405448       0x10 src/main.o
 .rodata.image_data_calibri_36_0x21
                0x00405458      0x534 src/main.o
 .rodata.calibri_36_0x21
                0x0040598c       0x10 src/main.o
 .rodata.image_data_calibri_36_0x22
                0x0040599c      0x612 src/main.o
 *fill*         0x00405fae        0x2 
 .rodata.calibri_36_0x22
                0x00405fb0       0x10 src/main.o
 .rodata.image_data_calibri_36_0x23
                0x00405fc0      0x7ce src/main.o
 *fill*         0x0040678e        0x2 
 .rodata.calibri_36_0x23
                0x00406790       0x10 src/main.o
 .rodata.image_data_calibri_36_0x24
                0x004067a0      0x7ce src/main.o
 *fill*         0x00406f6e        0x2 
 .rodata.calibri_36_0x24
                0x00406f70       0x10 src/main.o
 .rodata.image_data_calibri_36_0x25
                0x00406f80      0xb46 src/main.o
 *fill*         0x00407ac6        0x2 
 .rodata.calibri_36_0x25
                0x00407ac8       0x10 src/main.o
 .rodata.image_data_calibri_36_0x26
                0x00407ad8      0xad7 src/main.o
 *fill*         0x004085af        0x1 
 .rodata.calibri_36_0x26
                0x004085b0       0x10 src/main.o
 .rodata.image_data_calibri_36_0x27
                0x004085c0      0x378 src/main.o
 .rodata.calibri_36_0x27
                0x00408938       0x10 src/main.o
 .rodata.image_data_calibri_36_0x28
                0x00408948      0x4c5 src/main.o
 *fill*         0x00408e0d        0x3 
 .rodata.calibri_36_0x28
                0x00408e10       0x10 src/main.o
 .rodata.image_data_calibri_36_0x29
                0x00408e20      0x4c5 src/main.o
 *fill*         0x004092e5        0x3 
 .rodata.calibri_36_0x29
                0x004092e8       0x10 src/main.o
 .rodata.image_data_calibri_36_0x2a
                0x004092f8      0x7ce src/main.o
 *fill*         0x00409ac6        0x2 
 .rodata.calibri_36_0x2a
                0x00409ac8       0x10 src/main.o
 .rodata.image_data_calibri_36_0x2b
                0x00409ad8      0x7ce src/main.o
 *fill*         0x0040a2a6        0x2 
 .rodata.calibri_36_0x2b
                0x0040a2a8       0x10 src/main.o
 .rodata.image_data_calibri_36_0x2c
                0x0040a2b8      0x3e7 src/main.o
 *fill*         0x0040a69f        0x1 
 .rodata.calibri_36_0x2c
                0x0040a6a0       0x10 src/main.o
 .rodata.image_data_calibri_36_0x2d
                0x0040a6b0      0x4c5 src/main.o
 *fill*         0x0040ab75        0x3 
 .rodata.calibri_36_0x2d
                0x0040ab78       0x10 src/main.o
 .rodata.image_data_calibri_36_0x2e
                0x0040ab88      0x3e7 src/main.o
 *fill*         0x0040af6f        0x1 
 .rodata.calibri_36_0x2e
                0x0040af70       0x10 src/main.o
 .rodata.image_data_calibri_36_0x2f
                0x0040af80      0x612 src/main.o
 *fill*         0x0040b592        0x2 
 .rodata.calibri_36_0x2f
                0x0040b594       0x10 src/main.o
 .rodata.image_data_calibri_36_0x30
                0x0040b5a4      0x7ce src/main.o
 *fill*         0x0040bd72        0x2 
 .rodata.calibri_36_0x30
                0x0040bd74       0x10 src/main.o
 .rodata.image_data_calibri_36_0x31
                0x0040bd84      0x7ce src/main.o
 *fill*         0x0040c552        0x2 
 .rodata.calibri_36_0x31
                0x0040c554       0x10 src/main.o
 .rodata.image_data_calibri_36_0x32
                0x0040c564      0x7ce src/main.o
 *fill*         0x0040cd32        0x2 
 .rodata.calibri_36_0x32
                0x0040cd34       0x10 src/main.o
 .rodata.image_data_calibri_36_0x33
                0x0040cd44      0x7ce src/main.o
 *fill*         0x0040d512        0x2 
 .rodata.calibri_36_0x33
                0x0040d514       0x10 src/main.o
 .rodata.image_data_calibri_36_0x34
                0x0040d524      0x7ce src/main.o
 *fill*         0x0040dcf2        0x2 
 .rodata.calibri_36_0x34
                0x0040dcf4       0x10 src/main.o
 .rodata.image_data_calibri_36_0x35
                0x0040dd04      0x7ce src/main.o
 *fill*         0x0040e4d2        0x2 
 .rodata.calibri_36_0x35
                0x0040e4d4       0x10 src/main.o
 .rodata.image_data_calibri_36_0x36
                0x0040e4e4      0x7ce src/main.o
 *fill*         0x0040ecb2        0x2 
 .rodata.calibri_36_0x36
                0x0040ecb4       0x10 src/main.o
 .rodata.image_data_calibri_36_0x37
                0x0040ecc4      0x7ce src/main.o
 *fill*         0x0040f492        0x2 
 .rodata.calibri_36_0x37
                0x0040f494       0x10 src/main.o
 .rodata.image_data_calibri_36_0x38
                0x0040f4a4      0x7ce src/main.o
 *fill*         0x0040fc72        0x2 
 .rodata.calibri_36_0x38
                0x0040fc74       0x10 src/main.o
 .rodata.image_data_calibri_36_0x39
                0x0040fc84      0x7ce src/main.o
 *fill*         0x00410452        0x2 
 .rodata.calibri_36_0x39
                0x00410454       0x10 src/main.o
 .rodata.image_data_calibri_36_0x3a
                0x00410464      0x456 src/main.o
 *fill*         0x004108ba        0x2 
 .rodata.calibri_36_0x3a
                0x004108bc       0x10 src/main.o
 .rodata.image_data_calibri_36_0x3b
                0x004108cc      0x456 src/main.o
 *fill*         0x00410d22        0x2 
 .rodata.calibri_36_0x3b
                0x00410d24       0x10 src/main.o
 .rodata.image_data_calibri_36_0x3c
                0x00410d34      0x7ce src/main.o
 *fill*         0x00411502        0x2 
 .rodata.calibri_36_0x3c
                0x00411504       0x10 src/main.o
 .rodata.image_data_calibri_36_0x3d
                0x00411514      0x7ce src/main.o
 *fill*         0x00411ce2        0x2 
 .rodata.calibri_36_0x3d
                0x00411ce4       0x10 src/main.o
 .rodata.image_data_calibri_36_0x3e
                0x00411cf4      0x7ce src/main.o
 *fill*         0x004124c2        0x2 
 .rodata.calibri_36_0x3e
                0x004124c4       0x10 src/main.o
 .rodata.image_data_calibri_36_0x3f
                0x004124d4      0x75f src/main.o
 *fill*         0x00412c33        0x1 
 .rodata.calibri_36_0x3f
                0x00412c34       0x10 src/main.o
 .rodata.image_data_calibri_36_0x40
                0x00412c44      0xde0 src/main.o
 .rodata.calibri_36_0x40
                0x00413a24       0x10 src/main.o
 .rodata.image_data_calibri_36_0x41
                0x00413a34      0x91b src/main.o
 *fill*         0x0041434f        0x1 
 .rodata.calibri_36_0x41
                0x00414350       0x10 src/main.o
 .rodata.image_data_calibri_36_0x42
                0x00414360      0x8ac src/main.o
 .rodata.calibri_36_0x42
                0x00414c0c       0x10 src/main.o
 .rodata.image_data_calibri_36_0x43
                0x00414c1c      0x83d src/main.o
 *fill*         0x00415459        0x3 
 .rodata.calibri_36_0x43
                0x0041545c       0x10 src/main.o
 .rodata.image_data_calibri_36_0x44
                0x0041546c      0x98a src/main.o
 *fill*         0x00415df6        0x2 
 .rodata.calibri_36_0x44
                0x00415df8       0x10 src/main.o
 .rodata.image_data_calibri_36_0x45
                0x00415e08      0x7ce src/main.o
 *fill*         0x004165d6        0x2 
 .rodata.calibri_36_0x45
                0x004165d8       0x10 src/main.o
 .rodata.image_data_calibri_36_0x46
                0x004165e8      0x75f src/main.o
 *fill*         0x00416d47        0x1 
 .rodata.calibri_36_0x46
                0x00416d48       0x10 src/main.o
 .rodata.image_data_calibri_36_0x47
                0x00416d58      0x9f9 src/main.o
 *fill*         0x00417751        0x3 
 .rodata.calibri_36_0x47
                0x00417754       0x10 src/main.o
 .rodata.image_data_calibri_36_0x48
                0x00417764      0x98a src/main.o
 *fill*         0x004180ee        0x2 
 .rodata.calibri_36_0x48
                0x004180f0       0x10 src/main.o
 .rodata.image_data_calibri_36_0x49
                0x00418100      0x3e7 src/main.o
 *fill*         0x004184e7        0x1 
 .rodata.calibri_36_0x49
                0x004184e8       0x10 src/main.o
 .rodata.image_data_calibri_36_0x4a
                0x004184f8      0x4c5 src/main.o
 *fill*         0x004189bd        0x3 
 .rodata.calibri_36_0x4a
                0x004189c0       0x10 src/main.o
 .rodata.image_data_calibri_36_0x4b
                0x004189d0      0x83d src/main.o
 *fill*         0x0041920d        0x3 
 .rodata.calibri_36_0x4b
                0x00419210       0x10 src/main.o
 .rodata.image_data_calibri_36_0x4c
                0x00419220      0x681 src/main.o
 *fill*         0x004198a1        0x3 
 .rodata.calibri_36_0x4c
                0x004198a4       0x10 src/main.o
 .rodata.image_data_calibri_36_0x4d
                0x004198b4      0xd71 src/main.o
 *fill*         0x0041a625        0x3 
 .rodata.calibri_36_0x4d
                0x0041a628       0x10 src/main.o
 .rodata.image_data_calibri_36_0x4e
                0x0041a638      0x9f9 src/main.o
 *fill*         0x0041b031        0x3 
 .rodata.calibri_36_0x4e
                0x0041b034       0x10 src/main.o
 .rodata.image_data_calibri_36_0x4f
                0x0041b044      0xa68 src/main.o
 .rodata.calibri_36_0x4f
                0x0041baac       0x10 src/main.o
 .rodata.image_data_calibri_36_0x50
                0x0041babc      0x83d src/main.o
 *fill*         0x0041c2f9        0x3 
 .rodata.calibri_36_0x50
                0x0041c2fc       0x10 src/main.o
 .rodata.image_data_calibri_36_0x51
                0x0041c30c      0xad7 src/main.o
 *fill*         0x0041cde3        0x1 
 .rodata.calibri_36_0x51
                0x0041cde4       0x10 src/main.o
 .rodata.image_data_calibri_36_0x52
                0x0041cdf4      0x8ac src/main.o
 .rodata.calibri_36_0x52
                0x0041d6a0       0x10 src/main.o
 .rodata.image_data_calibri_36_0x53
                0x0041d6b0      0x75f src/main.o
 *fill*         0x0041de0f        0x1 
 .rodata.calibri_36_0x53
                0x0041de10       0x10 src/main.o
 .rodata.image_data_calibri_36_0x54
                0x0041de20      0x7ce src/main.o
 *fill*         0x0041e5ee        0x2 
 .rodata.calibri_36_0x54
                0x0041e5f0       0x10 src/main.o
 .rodata.image_data_calibri_36_0x55
                0x0041e600      0x9f9 src/main.o
 *fill*         0x0041eff9        0x3 
 .rodata.calibri_36_0x55
                0x0041effc       0x10 src/main.o
 .rodata.image_data_calibri_36_0x56
                0x0041f00c      0x8ac src/main.o
 .rodata.calibri_36_0x56
                0x0041f8b8       0x10 src/main.o
 .rodata.image_data_calibri_36_0x57
                0x0041f8c8      0xde0 src/main.o
 .rodata.calibri_36_0x57
                0x004206a8       0x10 src/main.o
 .rodata.image_data_calibri_36_0x58
                0x004206b8      0x83d src/main.o
 *fill*         0x00420ef5        0x3 
 .rodata.calibri_36_0x58
                0x00420ef8       0x10 src/main.o
 .rodata.image_data_calibri_36_0x59
                0x00420f08      0x7ce src/main.o
 *fill*         0x004216d6        0x2 
 .rodata.calibri_36_0x59
                0x004216d8       0x10 src/main.o
 .rodata.image_data_calibri_36_0x5a
                0x004216e8      0x75f src/main.o
 *fill*         0x00421e47        0x1 
 .rodata.calibri_36_0x5a
                0x00421e48       0x10 src/main.o
 .rodata.image_data_calibri_36_0x5b
                0x00421e58      0x4c5 src/main.o
 *fill*         0x0042231d        0x3 
 .rodata.calibri_36_0x5b
                0x00422320       0x10 src/main.o
 .rodata.image_data_calibri_36_0x5c
                0x00422330      0x612 src/main.o
 *fill*         0x00422942        0x2 
 .rodata.calibri_36_0x5c
                0x00422944       0x10 src/main.o
 .rodata.image_data_calibri_36_0x5d
                0x00422954      0x4c5 src/main.o
 *fill*         0x00422e19        0x3 
 .rodata.calibri_36_0x5d
                0x00422e1c       0x10 src/main.o
 .rodata.image_data_calibri_36_0x5e
                0x00422e2c      0x7ce src/main.o
 *fill*         0x004235fa        0x2 
 .rodata.calibri_36_0x5e
                0x004235fc       0x10 src/main.o
 .rodata.image_data_calibri_36_0x5f
                0x0042360c      0x7ce src/main.o
 *fill*         0x00423dda        0x2 
 .rodata.calibri_36_0x5f
                0x00423ddc       0x10 src/main.o
 .rodata.image_data_calibri_36_0x60
                0x00423dec      0x456 src/main.o
 *fill*         0x00424242        0x2 
 .rodata.calibri_36_0x60
                0x00424244       0x10 src/main.o
 .rodata.image_data_calibri_36_0x61
                0x00424254      0x75f src/main.o
 *fill*         0x004249b3        0x1 
 .rodata.calibri_36_0x61
                0x004249b4       0x10 src/main.o
 .rodata.image_data_calibri_36_0x62
                0x004249c4      0x83d src/main.o
 *fill*         0x00425201        0x3 
 .rodata.calibri_36_0x62
                0x00425204       0x10 src/main.o
 .rodata.image_data_calibri_36_0x63
                0x00425214      0x681 src/main.o
 *fill*         0x00425895        0x3 
 .rodata.calibri_36_0x63
                0x00425898       0x10 src/main.o
 .rodata.image_data_calibri_36_0x64
                0x004258a8      0x83d src/main.o
 *fill*         0x004260e5        0x3 
 .rodata.calibri_36_0x64
                0x004260e8       0x10 src/main.o
 .rodata.image_data_calibri_36_0x65
                0x004260f8      0x7ce src/main.o
 *fill*         0x004268c6        0x2 
 .rodata.calibri_36_0x65
                0x004268c8       0x10 src/main.o
 .rodata.image_data_calibri_36_0x66
                0x004268d8      0x4c5 src/main.o
 *fill*         0x00426d9d        0x3 
 .rodata.calibri_36_0x66
                0x00426da0       0x10 src/main.o
 .rodata.image_data_calibri_36_0x67
                0x00426db0      0x75f src/main.o
 *fill*         0x0042750f        0x1 
 .rodata.calibri_36_0x67
                0x00427510       0x10 src/main.o
 .rodata.image_data_calibri_36_0x68
                0x00427520      0x83d src/main.o
 *fill*         0x00427d5d        0x3 
 .rodata.calibri_36_0x68
                0x00427d60       0x10 src/main.o
 .rodata.image_data_calibri_36_0x69
                0x00427d70      0x378 src/main.o
 .rodata.calibri_36_0x69
                0x004280e8       0x10 src/main.o
 .rodata.image_data_calibri_36_0x6a
                0x004280f8      0x3e7 src/main.o
 *fill*         0x004284df        0x1 
 .rodata.calibri_36_0x6a
                0x004284e0       0x10 src/main.o
 .rodata.image_data_calibri_36_0x6b
                0x004284f0      0x6f0 src/main.o
 .rodata.calibri_36_0x6b
                0x00428be0       0x10 src/main.o
 .rodata.image_data_calibri_36_0x6c
                0x00428bf0      0x378 src/main.o
 .rodata.calibri_36_0x6c
                0x00428f68       0x10 src/main.o
 .rodata.image_data_calibri_36_0x6d
                0x00428f78      0xc93 src/main.o
 *fill*         0x00429c0b        0x1 
 .rodata.calibri_36_0x6d
                0x00429c0c       0x10 src/main.o
 .rodata.image_data_calibri_36_0x6e
                0x00429c1c      0x83d src/main.o
 *fill*         0x0042a459        0x3 
 .rodata.calibri_36_0x6e
                0x0042a45c       0x10 src/main.o
 .rodata.image_data_calibri_36_0x6f
                0x0042a46c      0x83d src/main.o
 *fill*         0x0042aca9        0x3 
 .rodata.calibri_36_0x6f
                0x0042acac       0x10 src/main.o
 .rodata.image_data_calibri_36_0x70
                0x0042acbc      0x83d src/main.o
 *fill*         0x0042b4f9        0x3 
 .rodata.calibri_36_0x70
                0x0042b4fc       0x10 src/main.o
 .rodata.image_data_calibri_36_0x71
                0x0042b50c      0x83d src/main.o
 *fill*         0x0042bd49        0x3 
 .rodata.calibri_36_0x71
                0x0042bd4c       0x10 src/main.o
 .rodata.image_data_calibri_36_0x72
                0x0042bd5c      0x5a3 src/main.o
 *fill*         0x0042c2ff        0x1 
 .rodata.calibri_36_0x72
                0x0042c300       0x10 src/main.o
 .rodata.image_data_calibri_36_0x73
                0x0042c310      0x612 src/main.o
 *fill*         0x0042c922        0x2 
 .rodata.calibri_36_0x73
                0x0042c924       0x10 src/main.o
 .rodata.image_data_calibri_36_0x74
                0x0042c934      0x534 src/main.o
 .rodata.calibri_36_0x74
                0x0042ce68       0x10 src/main.o
 .rodata.image_data_calibri_36_0x75
                0x0042ce78      0x83d src/main.o
 *fill*         0x0042d6b5        0x3 
 .rodata.calibri_36_0x75
                0x0042d6b8       0x10 src/main.o
 .rodata.image_data_calibri_36_0x76
                0x0042d6c8      0x6f0 src/main.o
 .rodata.calibri_36_0x76
                0x0042ddb8       0x10 src/main.o
 .rodata.image_data_calibri_36_0x77
                0x0042ddc8      0xb46 src/main.o
 *fill*         0x0042e90e        0x2 
 .rodata.calibri_36_0x77
                0x0042e910       0x10 src/main.o
 .rodata.image_data_calibri_36_0x78
                0x0042e920      0x6f0 src/main.o
 .rodata.calibri_36_0x78
                0x0042f010       0x10 src/main.o
 .rodata.image_data_calibri_36_0x79
                0x0042f020      0x6f0 src/main.o
 .rodata.calibri_36_0x79
                0x0042f710       0x10 src/main.o
 .rodata.image_data_calibri_36_0x7a
                0x0042f720      0x612 src/main.o
 *fill*         0x0042fd32        0x2 
 .rodata.calibri_36_0x7a
                0x0042fd34       0x10 src/main.o
 .rodata.image_data_calibri_36_0x7b
                0x0042fd44      0x4c5 src/main.o
 *fill*         0x00430209        0x3 
 .rodata.calibri_36_0x7b
                0x0043020c       0x10 src/main.o
 .rodata.image_data_calibri_36_0x7c
                0x0043021c      0x75f src/main.o
 *fill*         0x0043097b        0x1 
 .rodata.calibri_36_0x7c
                0x0043097c       0x10 src/main.o
 .rodata.image_data_calibri_36_0x7d
                0x0043098c      0x4c5 src/main.o
 *fill*         0x00430e51        0x3 
 .rodata.calibri_36_0x7d
                0x00430e54       0x10 src/main.o
 .rodata.image_data_calibri_36_0x7e
                0x00430e64      0x7ce src/main.o
 *fill*         0x00431632        0x2 
 .rodata.calibri_36_0x7e
                0x00431634       0x10 src/main.o
 .rodata.calibri_36_array
                0x00431644      0x2f8 src/main.o
 .rodata.calibri_36
                0x0043193c        0xc src/main.o
                0x0043193c                calibri_36
 .rodata.image_data_arial_72_0x30
                0x00431948     0x2760 src/main.o
 .rodata.arial_72_0x30
                0x004340a8       0x10 src/main.o
 .rodata.image_data_arial_72_0x31
                0x004340b8     0x2760 src/main.o
 .rodata.arial_72_0x31
                0x00436818       0x10 src/main.o
 .rodata.image_data_arial_72_0x32
                0x00436828     0x2760 src/main.o
 .rodata.arial_72_0x32
                0x00438f88       0x10 src/main.o
 .rodata.image_data_arial_72_0x33
                0x00438f98     0x2760 src/main.o
 .rodata.arial_72_0x33
                0x0043b6f8       0x10 src/main.o
 .rodata.image_data_arial_72_0x34
                0x0043b708     0x2760 src/main.o
 .rodata.arial_72_0x34
                0x0043de68       0x10 src/main.o
 .rodata.image_data_arial_72_0x35
                0x0043de78     0x2760 src/main.o
 .rodata.arial_72_0x35
                0x004405d8       0x10 src/main.o
 .rodata.image_data_arial_72_0x36
                0x004405e8     0x2760 src/main.o
 .rodata.arial_72_0x36
                0x00442d48       0x10 src/main.o
 .rodata.image_data_arial_72_0x37
                0x00442d58     0x2760 src/main.o
 .rodata.arial_72_0x37
                0x004454b8       0x10 src/main.o
 .rodata.image_data_arial_72_0x38
                0x004454c8     0x2760 src/main.o
 .rodata.arial_72_0x38
                0x00447c28       0x10 src/main.o
 .rodata.image_data_arial_72_0x39
                0x00447c38     0x2760 src/main.o
 .rodata.arial_72_0x39
                0x0044a398       0x10 src/main.o
 .rodata.arial_72_array
                0x0044a3a8       0x50 src/main.o
 .rodata.arial_72
                0x0044a3f8        0xc src/main.o
                0x0044a3f8                arial_72
 .rodata        0x0044a404       0x1f src/main.o
 *fill*         0x0044a423        0x1 
 .rodata._global_impure_ptr
                0x0044a424        0x4 c:/program files (x86)/atmel/studio/7.0/toolchain/arm/arm-gnu-toolchain/bin/../lib/gcc/arm-none-eabi/6.3.1/../../../../arm-none-eabi/lib/thumb/v7e-m\libc.a(lib_a-impure.o)
                0x0044a424                _global_impure_ptr
 *(.ARM.extab* .gnu.linkonce.armextab.*)
                0x0044a428                . = ALIGN (0x4)
 *(.init)
 .init          0x0044a428        0x4 c:/program files (x86)/atmel/studio/7.0/toolchain/arm/arm-gnu-toolchain/bin/../lib/gcc/arm-none-eabi/6.3.1/thumb/v7e-m/crti.o
                0x0044a428                _init
 .init          0x0044a42c        0x8 c:/program files (x86)/atmel/studio/7.0/toolchain/arm/arm-gnu-toolchain/bin/../lib/gcc/arm-none-eabi/6.3.1/thumb/v7e-m/crtn.o
                0x0044a434                . = ALIGN (0x4)
                0x0044a434                __preinit_array_start = .
 *(.preinit_array)
                0x0044a434                __preinit_array_end = .
                0x0044a434                . = ALIGN (0x4)
                0x0044a434                __init_array_start = .
 *(SORT(.init_array.*))
 .init_array.00000
                0x0044a434        0x4 c:/program files (x86)/atmel/studio/7.0/toolchain/arm/arm-gnu-toolchain/bin/../lib/gcc/arm-none-eabi/6.3.1/../../../../arm-none-eabi/lib/thumb/v7e-m\libc.a(lib_a-__call_atexit.o)
 *(.init_array)
 .init_array    0x0044a438        0x4 c:/program files (x86)/atmel/studio/7.0/toolchain/arm/arm-gnu-toolchain/bin/../lib/gcc/arm-none-eabi/6.3.1/thumb/v7e-m/crtbegin.o
                0x0044a43c                __init_array_end = .
                0x0044a43c                . = ALIGN (0x4)
 *crtbegin.o(.ctors)
 *(EXCLUDE_FILE(*crtend.o) .ctors)
 *(SORT(.ctors.*))
 *crtend.o(.ctors)
                0x0044a43c                . = ALIGN (0x4)
 *(.fini)
 .fini          0x0044a43c        0x4 c:/program files (x86)/atmel/studio/7.0/toolchain/arm/arm-gnu-toolchain/bin/../lib/gcc/arm-none-eabi/6.3.1/thumb/v7e-m/crti.o
                0x0044a43c                _fini
 .fini          0x0044a440        0x8 c:/program files (x86)/atmel/studio/7.0/toolchain/arm/arm-gnu-toolchain/bin/../lib/gcc/arm-none-eabi/6.3.1/thumb/v7e-m/crtn.o
                0x0044a448                . = ALIGN (0x4)
                0x0044a448                __fini_array_start = .
 *(.fini_array)
 .fini_array    0x0044a448        0x4 c:/program files (x86)/atmel/studio/7.0/toolchain/arm/arm-gnu-toolchain/bin/../lib/gcc/arm-none-eabi/6.3.1/thumb/v7e-m/crtbegin.o
 *(SORT(.fini_array.*))
                0x0044a44c                __fini_array_end = .
 *crtbegin.o(.dtors)
 *(EXCLUDE_FILE(*crtend.o) .dtors)
 *(SORT(.dtors.*))
 *crtend.o(.dtors)
                0x0044a44c                . = ALIGN (0x4)
                0x0044a44c                _efixed = .
                [!provide]                PROVIDE (__exidx_start, .)

.vfp11_veneer   0x0044a44c        0x0
 .vfp11_veneer  0x0044a44c        0x0 linker stubs

.v4_bx          0x0044a44c        0x0
 .v4_bx         0x0044a44c        0x0 linker stubs

.iplt           0x0044a44c        0x0
 .iplt          0x0044a44c        0x0 c:/program files (x86)/atmel/studio/7.0/toolchain/arm/arm-gnu-toolchain/bin/../lib/gcc/arm-none-eabi/6.3.1/thumb/v7e-m/crtbegin.o

.eh_frame       0x0044a44c        0x0
 .eh_frame      0x0044a44c        0x0 c:/program files (x86)/atmel/studio/7.0/toolchain/arm/arm-gnu-toolchain/bin/../lib/gcc/arm-none-eabi/6.3.1/thumb/v7e-m/crtbegin.o

.rel.dyn        0x0044a44c        0x0
 .rel.iplt      0x0044a44c        0x0 c:/program files (x86)/atmel/studio/7.0/toolchain/arm/arm-gnu-toolchain/bin/../lib/gcc/arm-none-eabi/6.3.1/thumb/v7e-m/crtbegin.o

.jcr            0x0044a44c        0x0
 .jcr           0x0044a44c        0x0 c:/program files (x86)/atmel/studio/7.0/toolchain/arm/arm-gnu-toolchain/bin/../lib/gcc/arm-none-eabi/6.3.1/thumb/v7e-m/crtbegin.o

.igot.plt       0x0044a44c        0x0
 .igot.plt      0x0044a44c        0x0 c:/program files (x86)/atmel/studio/7.0/toolchain/arm/arm-gnu-toolchain/bin/../lib/gcc/arm-none-eabi/6.3.1/thumb/v7e-m/crtbegin.o

.ARM.exidx
 *(.ARM.exidx* .gnu.linkonce.armexidx.*)
                [!provide]                PROVIDE (__exidx_end, .)
                0x0044a44c                . = ALIGN (0x4)
                0x0044a44c                _etext = .

.relocate       0x20400000      0x43c load address 0x0044a44c
                0x20400000                . = ALIGN (0x4)
                0x20400000                _srelocate = .
 *(.ramfunc .ramfunc.*)
 *(.data .data.*)
 .data.g_interrupt_enabled
                0x20400000        0x1 src/ASF/common/utils/interrupt/interrupt_sam_nvic.o
                0x20400000                g_interrupt_enabled
 *fill*         0x20400001        0x3 
 .data.ul_flash_in_wait_mode
                0x20400004        0x4 src/ASF/sam/drivers/pmc/pmc.o
 .data.SystemCoreClock
                0x20400008        0x4 src/ASF/sam/utils/cmsis/same70/source/templates/system_same70.o
                0x20400008                SystemCoreClock
 *fill*         0x2040000c        0x4 
 .data.impure_data
                0x20400010      0x428 c:/program files (x86)/atmel/studio/7.0/toolchain/arm/arm-gnu-toolchain/bin/../lib/gcc/arm-none-eabi/6.3.1/../../../../arm-none-eabi/lib/thumb/v7e-m\libc.a(lib_a-impure.o)
 .data.__atexit_recursive_mutex
                0x20400438        0x4 c:/program files (x86)/atmel/studio/7.0/toolchain/arm/arm-gnu-toolchain/bin/../lib/gcc/arm-none-eabi/6.3.1/../../../../arm-none-eabi/lib/thumb/v7e-m\libc.a(lib_a-__call_atexit.o)
                0x20400438                __atexit_recursive_mutex
                0x2040043c                . = ALIGN (0x4)
                0x2040043c                _erelocate = .

.bss            0x2040043c      0x490 load address 0x0044a888
                0x2040043c                . = ALIGN (0x4)
                0x2040043c                _sbss = .
                0x2040043c                _szero = .
 *(.bss .bss.*)
 .bss           0x2040043c       0x1c c:/program files (x86)/atmel/studio/7.0/toolchain/arm/arm-gnu-toolchain/bin/../lib/gcc/arm-none-eabi/6.3.1/thumb/v7e-m/crtbegin.o
 .bss.pulsos    0x20400458        0x1 src/main.o
                0x20400458                pulsos
 *fill*         0x20400459        0x3 
 .bss.g_ul_pixel_cache
                0x2040045c      0x3c0 src/ASF/sam/components/display/ili9488/ili9488.o
 .bss.gs_interrupt_sources
                0x2040081c       0x70 src/ASF/sam/drivers/pio/pio_handler.o
 .bss.gs_ul_nb_sources
                0x2040088c        0x4 src/ASF/sam/drivers/pio/pio_handler.o
 .bss.b_is_sleep_clock_used
                0x20400890        0x1 src/ASF/sam/drivers/pmc/sleep.o
 *fill*         0x20400891        0x3 
 .bss.callback_clocks_restored
                0x20400894        0x4 src/ASF/sam/drivers/pmc/sleep.o
 *(COMMON)
 COMMON         0x20400898       0x10 src/main.o
                0x20400898                g_ili9488_display_opt
 COMMON         0x204008a8       0x21 c:/program files (x86)/atmel/studio/7.0/toolchain/arm/arm-gnu-toolchain/bin/../lib/gcc/arm-none-eabi/6.3.1/../../../../arm-none-eabi/lib/thumb/v7e-m\libc.a(lib_a-lock.o)
                0x204008a8                __lock___atexit_recursive_mutex
                0x204008ac                __lock___arc4random_mutex
                0x204008b0                __lock___env_recursive_mutex
                0x204008b4                __lock___sinit_recursive_mutex
                0x204008b8                __lock___malloc_recursive_mutex
                0x204008bc                __lock___at_quick_exit_mutex
                0x204008c0                __lock___dd_hash_mutex
                0x204008c4                __lock___tz_mutex
                0x204008c8                __lock___sfp_recursive_mutex
                0x204008cc                . = ALIGN (0x4)
 *fill*         0x204008c9        0x3 
                0x204008cc                _ebss = .
                0x204008cc                _ezero = .

.stack          0x204008cc     0x2004 load address 0x0044ad18
                0x204008d0                . = ALIGN (0x8)
 *fill*         0x204008cc        0x4 
                0x204008d0                _sstack = .
                0x204028d0                . = (. + STACK_SIZE)
 *fill*         0x204008d0     0x2000 
                0x204028d0                . = ALIGN (0x8)
                0x204028d0                _estack = .

.heap           0x204028d0      0x200 load address 0x0044cd1c
                0x204028d0                . = ALIGN (0x8)
                0x204028d0                _sheap = .
                0x20402ad0                . = (. + HEAP_SIZE)
 *fill*         0x204028d0      0x200 
                0x20402ad0                . = ALIGN (0x8)
                0x20402ad0                _eheap = .
                0x20402ad0                . = ALIGN (0x4)
                0x20402ad0                _end = .
                0x2045ffff                _ram_end_ = ((ORIGIN (ram) + LENGTH (ram)) - 0x1)
OUTPUT(SAME70_FONTS.elf elf32-littlearm)

.ARM.attributes
                0x00000000       0x2e
 .ARM.attributes
                0x00000000       0x1e c:/program files (x86)/atmel/studio/7.0/toolchain/arm/arm-gnu-toolchain/bin/../lib/gcc/arm-none-eabi/6.3.1/thumb/v7e-m/crti.o
 .ARM.attributes
                0x0000001e       0x2e c:/program files (x86)/atmel/studio/7.0/toolchain/arm/arm-gnu-toolchain/bin/../lib/gcc/arm-none-eabi/6.3.1/thumb/v7e-m/crtbegin.o
 .ARM.attributes
                0x0000004c       0x37 src/main.o
 .ARM.attributes
                0x00000083       0x37 src/ASF/common/services/spi/sam_spi/spi_master.o
 .ARM.attributes
                0x000000ba       0x37 src/ASF/sam/components/display/ili9488/ili9488.o
 .ARM.attributes
                0x000000f1       0x37 src/ASF/sam/drivers/spi/spi.o
 .ARM.attributes
                0x00000128       0x37 src/ASF/common/services/clock/same70/sysclk.o
 .ARM.attributes
                0x0000015f       0x37 src/ASF/common/utils/interrupt/interrupt_sam_nvic.o
 .ARM.attributes
                0x00000196       0x37 src/ASF/sam/boards/same70_xplained/init.o
 .ARM.attributes
                0x000001cd       0x37 src/ASF/sam/drivers/pio/pio.o
 .ARM.attributes
                0x00000204       0x37 src/ASF/sam/drivers/pio/pio_handler.o
 .ARM.attributes
                0x0000023b       0x37 src/ASF/sam/drivers/pmc/pmc.o
 .ARM.attributes
                0x00000272       0x37 src/ASF/sam/drivers/pmc/sleep.o
 .ARM.attributes
                0x000002a9       0x37 src/ASF/sam/utils/cmsis/same70/source/templates/gcc/startup_same70.o
 .ARM.attributes
                0x000002e0       0x37 src/ASF/sam/utils/cmsis/same70/source/templates/system_same70.o
 .ARM.attributes
                0x00000317       0x2e c:/program files (x86)/atmel/studio/7.0/toolchain/arm/arm-gnu-toolchain/bin/../lib/gcc/arm-none-eabi/6.3.1/../../../../arm-none-eabi/lib/thumb/v7e-m\libc.a(lib_a-impure.o)
 .ARM.attributes
                0x00000345       0x2e c:/program files (x86)/atmel/studio/7.0/toolchain/arm/arm-gnu-toolchain/bin/../lib/gcc/arm-none-eabi/6.3.1/../../../../arm-none-eabi/lib/thumb/v7e-m\libc.a(lib_a-init.o)
 .ARM.attributes
                0x00000373       0x2e c:/program files (x86)/atmel/studio/7.0/toolchain/arm/arm-gnu-toolchain/bin/../lib/gcc/arm-none-eabi/6.3.1/../../../../arm-none-eabi/lib/thumb/v7e-m\libc.a(lib_a-__call_atexit.o)
 .ARM.attributes
                0x000003a1       0x2e c:/program files (x86)/atmel/studio/7.0/toolchain/arm/arm-gnu-toolchain/bin/../lib/gcc/arm-none-eabi/6.3.1/../../../../arm-none-eabi/lib/thumb/v7e-m\libc.a(lib_a-atexit.o)
 .ARM.attributes
                0x000003cf       0x2e c:/program files (x86)/atmel/studio/7.0/toolchain/arm/arm-gnu-toolchain/bin/../lib/gcc/arm-none-eabi/6.3.1/../../../../arm-none-eabi/lib/thumb/v7e-m\libc.a(lib_a-fini.o)
 .ARM.attributes
                0x000003fd       0x2e c:/program files (x86)/atmel/studio/7.0/toolchain/arm/arm-gnu-toolchain/bin/../lib/gcc/arm-none-eabi/6.3.1/../../../../arm-none-eabi/lib/thumb/v7e-m\libc.a(lib_a-lock.o)
 .ARM.attributes
                0x0000042b       0x2e c:/program files (x86)/atmel/studio/7.0/toolchain/arm/arm-gnu-toolchain/bin/../lib/gcc/arm-none-eabi/6.3.1/../../../../arm-none-eabi/lib/thumb/v7e-m\libc.a(lib_a-__atexit.o)
 .ARM.attributes
                0x00000459       0x1e c:/program files (x86)/atmel/studio/7.0/toolchain/arm/arm-gnu-toolchain/bin/../lib/gcc/arm-none-eabi/6.3.1/thumb/v7e-m/crtn.o

.comment        0x00000000       0x59
 .comment       0x00000000       0x59 src/main.o
                                 0x5a (size before relaxing)
 .comment       0x00000059       0x5a src/ASF/common/services/spi/sam_spi/spi_master.o
 .comment       0x00000059       0x5a src/ASF/sam/components/display/ili9488/ili9488.o
 .comment       0x00000059       0x5a src/ASF/sam/drivers/spi/spi.o
 .comment       0x00000059       0x5a src/ASF/common/services/clock/same70/sysclk.o
 .comment       0x00000059       0x5a src/ASF/common/utils/interrupt/interrupt_sam_nvic.o
 .comment       0x00000059       0x5a src/ASF/sam/boards/same70_xplained/init.o
 .comment       0x00000059       0x5a src/ASF/sam/drivers/pio/pio.o
 .comment       0x00000059       0x5a src/ASF/sam/drivers/pio/pio_handler.o
 .comment       0x00000059       0x5a src/ASF/sam/drivers/pmc/pmc.o
 .comment       0x00000059       0x5a src/ASF/sam/drivers/pmc/sleep.o
 .comment       0x00000059       0x5a src/ASF/sam/utils/cmsis/same70/source/templates/gcc/startup_same70.o
 .comment       0x00000059       0x5a src/ASF/sam/utils/cmsis/same70/source/templates/system_same70.o

.debug_info     0x00000000    0x13d04
 .debug_info    0x00000000     0x3176 src/main.o
 .debug_info    0x00003176     0x143e src/ASF/common/services/spi/sam_spi/spi_master.o
 .debug_info    0x000045b4     0x208c src/ASF/sam/components/display/ili9488/ili9488.o
 .debug_info    0x00006640     0x1123 src/ASF/sam/drivers/spi/spi.o
 .debug_info    0x00007763     0x1311 src/ASF/common/services/clock/same70/sysclk.o
 .debug_info    0x00008a74      0xb06 src/ASF/common/utils/interrupt/interrupt_sam_nvic.o
 .debug_info    0x0000957a     0x1ea1 src/ASF/sam/boards/same70_xplained/init.o
 .debug_info    0x0000b41b     0x1ce3 src/ASF/sam/drivers/pio/pio.o
 .debug_info    0x0000d0fe     0x1a74 src/ASF/sam/drivers/pio/pio_handler.o
 .debug_info    0x0000eb72     0x1eed src/ASF/sam/drivers/pmc/pmc.o
 .debug_info    0x00010a5f     0x16bf src/ASF/sam/drivers/pmc/sleep.o
 .debug_info    0x0001211e     0x1612 src/ASF/sam/utils/cmsis/same70/source/templates/gcc/startup_same70.o
 .debug_info    0x00013730      0x5d4 src/ASF/sam/utils/cmsis/same70/source/templates/system_same70.o

.debug_abbrev   0x00000000     0x230e
 .debug_abbrev  0x00000000      0x2f7 src/main.o
 .debug_abbrev  0x000002f7      0x305 src/ASF/common/services/spi/sam_spi/spi_master.o
 .debug_abbrev  0x000005fc      0x2f4 src/ASF/sam/components/display/ili9488/ili9488.o
 .debug_abbrev  0x000008f0      0x2cf src/ASF/sam/drivers/spi/spi.o
 .debug_abbrev  0x00000bbf      0x296 src/ASF/common/services/clock/same70/sysclk.o
 .debug_abbrev  0x00000e55      0x214 src/ASF/common/utils/interrupt/interrupt_sam_nvic.o
 .debug_abbrev  0x00001069      0x3af src/ASF/sam/boards/same70_xplained/init.o
 .debug_abbrev  0x00001418      0x296 src/ASF/sam/drivers/pio/pio.o
 .debug_abbrev  0x000016ae      0x2c9 src/ASF/sam/drivers/pio/pio_handler.o
 .debug_abbrev  0x00001977      0x2ce src/ASF/sam/drivers/pmc/pmc.o
 .debug_abbrev  0x00001c45      0x2df src/ASF/sam/drivers/pmc/sleep.o
 .debug_abbrev  0x00001f24      0x2e8 src/ASF/sam/utils/cmsis/same70/source/templates/gcc/startup_same70.o
 .debug_abbrev  0x0000220c      0x102 src/ASF/sam/utils/cmsis/same70/source/templates/system_same70.o

.debug_loc      0x00000000     0x54f2
 .debug_loc     0x00000000      0x200 src/main.o
 .debug_loc     0x00000200      0x830 src/ASF/common/services/spi/sam_spi/spi_master.o
 .debug_loc     0x00000a30      0xd20 src/ASF/sam/components/display/ili9488/ili9488.o
 .debug_loc     0x00001750      0x630 src/ASF/sam/drivers/spi/spi.o
 .debug_loc     0x00001d80      0x4a0 src/ASF/common/services/clock/same70/sysclk.o
 .debug_loc     0x00002220       0xa0 src/ASF/common/utils/interrupt/interrupt_sam_nvic.o
 .debug_loc     0x000022c0      0x2b8 src/ASF/sam/boards/same70_xplained/init.o
 .debug_loc     0x00002578     0x1174 src/ASF/sam/drivers/pio/pio.o
 .debug_loc     0x000036ec      0x38c src/ASF/sam/drivers/pio/pio_handler.o
 .debug_loc     0x00003a78     0x1744 src/ASF/sam/drivers/pmc/pmc.o
 .debug_loc     0x000051bc       0xe6 src/ASF/sam/drivers/pmc/sleep.o
 .debug_loc     0x000052a2      0x16c src/ASF/sam/utils/cmsis/same70/source/templates/gcc/startup_same70.o
 .debug_loc     0x0000540e       0xe4 src/ASF/sam/utils/cmsis/same70/source/templates/system_same70.o

.debug_aranges  0x00000000      0x978
 .debug_aranges
                0x00000000       0x50 src/main.o
 .debug_aranges
                0x00000050       0xe0 src/ASF/common/services/spi/sam_spi/spi_master.o
 .debug_aranges
                0x00000130      0x168 src/ASF/sam/components/display/ili9488/ili9488.o
 .debug_aranges
                0x00000298       0xa8 src/ASF/sam/drivers/spi/spi.o
 .debug_aranges
                0x00000340       0x98 src/ASF/common/services/clock/same70/sysclk.o
 .debug_aranges
                0x000003d8       0x28 src/ASF/common/utils/interrupt/interrupt_sam_nvic.o
 .debug_aranges
                0x00000400       0x60 src/ASF/sam/boards/same70_xplained/init.o
 .debug_aranges
                0x00000460      0x1a8 src/ASF/sam/drivers/pio/pio.o
 .debug_aranges
                0x00000608       0x80 src/ASF/sam/drivers/pio/pio_handler.o
 .debug_aranges
                0x00000688      0x250 src/ASF/sam/drivers/pmc/pmc.o
 .debug_aranges
                0x000008d8       0x30 src/ASF/sam/drivers/pmc/sleep.o
 .debug_aranges
                0x00000908       0x40 src/ASF/sam/utils/cmsis/same70/source/templates/gcc/startup_same70.o
 .debug_aranges
                0x00000948       0x30 src/ASF/sam/utils/cmsis/same70/source/templates/system_same70.o

.debug_ranges   0x00000000      0x920
 .debug_ranges  0x00000000       0x40 src/main.o
 .debug_ranges  0x00000040       0xd0 src/ASF/common/services/spi/sam_spi/spi_master.o
 .debug_ranges  0x00000110      0x158 src/ASF/sam/components/display/ili9488/ili9488.o
 .debug_ranges  0x00000268       0x98 src/ASF/sam/drivers/spi/spi.o
 .debug_ranges  0x00000300       0x88 src/ASF/common/services/clock/same70/sysclk.o
 .debug_ranges  0x00000388       0x18 src/ASF/common/utils/interrupt/interrupt_sam_nvic.o
 .debug_ranges  0x000003a0       0xc8 src/ASF/sam/boards/same70_xplained/init.o
 .debug_ranges  0x00000468      0x198 src/ASF/sam/drivers/pio/pio.o
 .debug_ranges  0x00000600       0x70 src/ASF/sam/drivers/pio/pio_handler.o
 .debug_ranges  0x00000670      0x240 src/ASF/sam/drivers/pmc/pmc.o
 .debug_ranges  0x000008b0       0x20 src/ASF/sam/drivers/pmc/sleep.o
 .debug_ranges  0x000008d0       0x30 src/ASF/sam/utils/cmsis/same70/source/templates/gcc/startup_same70.o
 .debug_ranges  0x00000900       0x20 src/ASF/sam/utils/cmsis/same70/source/templates/system_same70.o

.debug_macro    0x00000000     0x7573
 .debug_macro   0x00000000      0x805 src/main.o
 .debug_macro   0x00000805       0x87 src/main.o
 .debug_macro   0x0000088c       0x51 src/main.o
 .debug_macro   0x000008dd       0x58 src/main.o
 .debug_macro   0x00000935       0x16 src/main.o
 .debug_macro   0x0000094b       0x3a src/main.o
 .debug_macro   0x00000985      0x2c3 src/main.o
 .debug_macro   0x00000c48      0xa91 src/main.o
 .debug_macro   0x000016d9       0x70 src/main.o
 .debug_macro   0x00001749       0x64 src/main.o
 .debug_macro   0x000017ad       0x5f src/main.o
 .debug_macro   0x0000180c       0xac src/main.o
 .debug_macro   0x000018b8       0x28 src/main.o
 .debug_macro   0x000018e0       0x22 src/main.o
 .debug_macro   0x00001902       0x16 src/main.o
 .debug_macro   0x00001918      0x41e src/main.o
 .debug_macro   0x00001d36       0x94 src/main.o
 .debug_macro   0x00001dca       0x40 src/main.o
 .debug_macro   0x00001e0a       0x88 src/main.o
 .debug_macro   0x00001e92      0x1c8 src/main.o
 .debug_macro   0x0000205a       0x34 src/main.o
 .debug_macro   0x0000208e       0x16 src/main.o
 .debug_macro   0x000020a4       0x1c src/main.o
 .debug_macro   0x000020c0       0x16 src/main.o
 .debug_macro   0x000020d6       0x28 src/main.o
 .debug_macro   0x000020fe       0x2e src/main.o
 .debug_macro   0x0000212c      0x733 src/ASF/common/services/spi/sam_spi/spi_master.o
 .debug_macro   0x0000285f      0x772 src/ASF/sam/components/display/ili9488/ili9488.o
 .debug_macro   0x00002fd1       0x16 src/ASF/sam/components/display/ili9488/ili9488.o
 .debug_macro   0x00002fe7      0x6fb src/ASF/sam/drivers/spi/spi.o
 .debug_macro   0x000036e2       0x10 src/ASF/sam/drivers/spi/spi.o
 .debug_macro   0x000036f2      0x6f2 src/ASF/common/services/clock/same70/sysclk.o
 .debug_macro   0x00003de4      0x2bd src/ASF/common/services/clock/same70/sysclk.o
 .debug_macro   0x000040a1      0x676 src/ASF/common/utils/interrupt/interrupt_sam_nvic.o
 .debug_macro   0x00004717      0x72d src/ASF/sam/boards/same70_xplained/init.o
 .debug_macro   0x00004e44       0x58 src/ASF/sam/boards/same70_xplained/init.o
 .debug_macro   0x00004e9c       0x82 src/ASF/sam/boards/same70_xplained/init.o
 .debug_macro   0x00004f1e      0x68c src/ASF/sam/drivers/pio/pio.o
 .debug_macro   0x000055aa       0x8e src/ASF/sam/drivers/pio/pio.o
 .debug_macro   0x00005638      0x697 src/ASF/sam/drivers/pio/pio_handler.o
 .debug_macro   0x00005ccf      0x68c src/ASF/sam/drivers/pmc/pmc.o
 .debug_macro   0x0000635b       0x6a src/ASF/sam/drivers/pmc/pmc.o
 .debug_macro   0x000063c5      0x6a6 src/ASF/sam/drivers/pmc/sleep.o
 .debug_macro   0x00006a6b      0x685 src/ASF/sam/utils/cmsis/same70/source/templates/gcc/startup_same70.o
 .debug_macro   0x000070f0       0x10 src/ASF/sam/utils/cmsis/same70/source/templates/gcc/startup_same70.o
 .debug_macro   0x00007100      0x473 src/ASF/sam/utils/cmsis/same70/source/templates/system_same70.o

.debug_line     0x00000000     0xa82b
 .debug_line    0x00000000      0xe84 src/main.o
 .debug_line    0x00000e84      0xdd7 src/ASF/common/services/spi/sam_spi/spi_master.o
 .debug_line    0x00001c5b     0x1216 src/ASF/sam/components/display/ili9488/ili9488.o
 .debug_line    0x00002e71      0xcbe src/ASF/sam/drivers/spi/spi.o
 .debug_line    0x00003b2f      0xc89 src/ASF/common/services/clock/same70/sysclk.o
 .debug_line    0x000047b8      0xa2a src/ASF/common/utils/interrupt/interrupt_sam_nvic.o
 .debug_line    0x000051e2      0xd22 src/ASF/sam/boards/same70_xplained/init.o
 .debug_line    0x00005f04      0xe39 src/ASF/sam/drivers/pio/pio.o
 .debug_line    0x00006d3d      0xb3a src/ASF/sam/drivers/pio/pio_handler.o
 .debug_line    0x00007877     0x1116 src/ASF/sam/drivers/pmc/pmc.o
 .debug_line    0x0000898d      0xb7b src/ASF/sam/drivers/pmc/sleep.o
 .debug_line    0x00009508      0xae2 src/ASF/sam/utils/cmsis/same70/source/templates/gcc/startup_same70.o
 .debug_line    0x00009fea      0x841 src/ASF/sam/utils/cmsis/same70/source/templates/system_same70.o

.debug_str      0x00000000    0x93b4c
 .debug_str     0x00000000    0x90952 src/main.o
                              0x919ad (size before relaxing)
 .debug_str     0x00090952      0x64a src/ASF/common/services/spi/sam_spi/spi_master.o
                              0x8cf40 (size before relaxing)
 .debug_str     0x00090f9c      0x6f6 src/ASF/sam/components/display/ili9488/ili9488.o
                              0x8eb18 (size before relaxing)
 .debug_str     0x00091692      0x20e src/ASF/sam/drivers/spi/spi.o
                              0x8cb4d (size before relaxing)
 .debug_str     0x000918a0      0x484 src/ASF/common/services/clock/same70/sysclk.o
                              0x8cc48 (size before relaxing)
 .debug_str     0x00091d24       0x94 src/ASF/common/utils/interrupt/interrupt_sam_nvic.o
                              0x88555 (size before relaxing)
 .debug_str     0x00091db8      0x732 src/ASF/sam/boards/same70_xplained/init.o
                              0x8d89e (size before relaxing)
 .debug_str     0x000924ea      0x56a src/ASF/sam/drivers/pio/pio.o
                              0x890b7 (size before relaxing)
 .debug_str     0x00092a54      0x116 src/ASF/sam/drivers/pio/pio_handler.o
                              0x8927e (size before relaxing)
 .debug_str     0x00092b6a      0x63d src/ASF/sam/drivers/pmc/pmc.o
                              0x89246 (size before relaxing)
 .debug_str     0x000931a7      0x15b src/ASF/sam/drivers/pmc/sleep.o
                              0x8c51d (size before relaxing)
 .debug_str     0x00093302      0x713 src/ASF/sam/utils/cmsis/same70/source/templates/gcc/startup_same70.o
                              0x88dee (size before relaxing)
 .debug_str     0x00093a15      0x137 src/ASF/sam/utils/cmsis/same70/source/templates/system_same70.o
                              0x7848e (size before relaxing)

.debug_frame    0x00000000     0x2928
 .debug_frame   0x00000000      0x110 src/main.o
 .debug_frame   0x00000110      0x3c0 src/ASF/common/services/spi/sam_spi/spi_master.o
 .debug_frame   0x000004d0      0x63c src/ASF/sam/components/display/ili9488/ili9488.o
 .debug_frame   0x00000b0c      0x2c8 src/ASF/sam/drivers/spi/spi.o
 .debug_frame   0x00000dd4      0x240 src/ASF/common/services/clock/same70/sysclk.o
 .debug_frame   0x00001014       0x58 src/ASF/common/utils/interrupt/interrupt_sam_nvic.o
 .debug_frame   0x0000106c      0x154 src/ASF/sam/boards/same70_xplained/init.o
 .debug_frame   0x000011c0      0x7c0 src/ASF/sam/drivers/pio/pio.o
 .debug_frame   0x00001980      0x1d0 src/ASF/sam/drivers/pio/pio_handler.o
 .debug_frame   0x00001b50      0xa68 src/ASF/sam/drivers/pmc/pmc.o
 .debug_frame   0x000025b8       0x7c src/ASF/sam/drivers/pmc/sleep.o
 .debug_frame   0x00002634       0xbc src/ASF/sam/utils/cmsis/same70/source/templates/gcc/startup_same70.o
 .debug_frame   0x000026f0       0x78 src/ASF/sam/utils/cmsis/same70/source/templates/system_same70.o
 .debug_frame   0x00002768       0x2c c:/program files (x86)/atmel/studio/7.0/toolchain/arm/arm-gnu-toolchain/bin/../lib/gcc/arm-none-eabi/6.3.1/../../../../arm-none-eabi/lib/thumb/v7e-m\libc.a(lib_a-init.o)
 .debug_frame   0x00002794       0x5c c:/program files (x86)/atmel/studio/7.0/toolchain/arm/arm-gnu-toolchain/bin/../lib/gcc/arm-none-eabi/6.3.1/../../../../arm-none-eabi/lib/thumb/v7e-m\libc.a(lib_a-__call_atexit.o)
 .debug_frame   0x000027f0       0x20 c:/program files (x86)/atmel/studio/7.0/toolchain/arm/arm-gnu-toolchain/bin/../lib/gcc/arm-none-eabi/6.3.1/../../../../arm-none-eabi/lib/thumb/v7e-m\libc.a(lib_a-atexit.o)
 .debug_frame   0x00002810       0x34 c:/program files (x86)/atmel/studio/7.0/toolchain/arm/arm-gnu-toolchain/bin/../lib/gcc/arm-none-eabi/6.3.1/../../../../arm-none-eabi/lib/thumb/v7e-m\libc.a(lib_a-fini.o)
 .debug_frame   0x00002844       0xb0 c:/program files (x86)/atmel/studio/7.0/toolchain/arm/arm-gnu-toolchain/bin/../lib/gcc/arm-none-eabi/6.3.1/../../../../arm-none-eabi/lib/thumb/v7e-m\libc.a(lib_a-lock.o)
 .debug_frame   0x000028f4       0x34 c:/program files (x86)/atmel/studio/7.0/toolchain/arm/arm-gnu-toolchain/bin/../lib/gcc/arm-none-eabi/6.3.1/../../../../arm-none-eabi/lib/thumb/v7e-m\libc.a(lib_a-__atexit.o)

Cross Reference Table

Symbol                                            File
ACC_Handler                                       src/ASF/sam/utils/cmsis/same70/source/templates/gcc/startup_same70.o
AES_Handler                                       src/ASF/sam/utils/cmsis/same70/source/templates/gcc/startup_same70.o
AFEC0_Handler                                     src/ASF/sam/utils/cmsis/same70/source/templates/gcc/startup_same70.o
AFEC1_Handler                                     src/ASF/sam/utils/cmsis/same70/source/templates/gcc/startup_same70.o
BUT_init                                          src/main.o
BusFault_Handler                                  src/ASF/sam/utils/cmsis/same70/source/templates/gcc/startup_same70.o
CCF_Handler                                       src/ASF/sam/utils/cmsis/same70/source/templates/gcc/startup_same70.o
CCW_Handler                                       src/ASF/sam/utils/cmsis/same70/source/templates/gcc/startup_same70.o
DACC_Handler                                      src/ASF/sam/utils/cmsis/same70/source/templates/gcc/startup_same70.o
DebugMon_Handler                                  src/ASF/sam/utils/cmsis/same70/source/templates/gcc/startup_same70.o
Dummy_Handler                                     src/ASF/sam/utils/cmsis/same70/source/templates/gcc/startup_same70.o
EFC_Handler                                       src/ASF/sam/utils/cmsis/same70/source/templates/gcc/startup_same70.o
FPU_Handler                                       src/ASF/sam/utils/cmsis/same70/source/templates/gcc/startup_same70.o
GMAC_Handler                                      src/ASF/sam/utils/cmsis/same70/source/templates/gcc/startup_same70.o
GMAC_Q1_Handler                                   src/ASF/sam/utils/cmsis/same70/source/templates/gcc/startup_same70.o
GMAC_Q2_Handler                                   src/ASF/sam/utils/cmsis/same70/source/templates/gcc/startup_same70.o
GMAC_Q3_Handler                                   src/ASF/sam/utils/cmsis/same70/source/templates/gcc/startup_same70.o
GMAC_Q4_Handler                                   src/ASF/sam/utils/cmsis/same70/source/templates/gcc/startup_same70.o
GMAC_Q5_Handler                                   src/ASF/sam/utils/cmsis/same70/source/templates/gcc/startup_same70.o
HSMCI_Handler                                     src/ASF/sam/utils/cmsis/same70/source/templates/gcc/startup_same70.o
HardFault_Handler                                 src/ASF/sam/utils/cmsis/same70/source/templates/gcc/startup_same70.o
I2SC0_Handler                                     src/ASF/sam/utils/cmsis/same70/source/templates/gcc/startup_same70.o
I2SC1_Handler                                     src/ASF/sam/utils/cmsis/same70/source/templates/gcc/startup_same70.o
ICM_Handler                                       src/ASF/sam/utils/cmsis/same70/source/templates/gcc/startup_same70.o
ISI_Handler                                       src/ASF/sam/utils/cmsis/same70/source/templates/gcc/startup_same70.o
IXC_Handler                                       src/ASF/sam/utils/cmsis/same70/source/templates/gcc/startup_same70.o
MCAN0_INT0_Handler                                src/ASF/sam/utils/cmsis/same70/source/templates/gcc/startup_same70.o
MCAN0_INT1_Handler                                src/ASF/sam/utils/cmsis/same70/source/templates/gcc/startup_same70.o
MCAN1_INT0_Handler                                src/ASF/sam/utils/cmsis/same70/source/templates/gcc/startup_same70.o
MCAN1_INT1_Handler                                src/ASF/sam/utils/cmsis/same70/source/templates/gcc/startup_same70.o
MemManage_Handler                                 src/ASF/sam/utils/cmsis/same70/source/templates/gcc/startup_same70.o
NMI_Handler                                       src/ASF/sam/utils/cmsis/same70/source/templates/gcc/startup_same70.o
PIOA_Handler                                      src/ASF/sam/drivers/pio/pio_handler.o
PIOB_Handler                                      src/ASF/sam/drivers/pio/pio_handler.o
PIOC_Handler                                      src/ASF/sam/drivers/pio/pio_handler.o
PIOD_Handler                                      src/ASF/sam/drivers/pio/pio_handler.o
PIOE_Handler                                      src/ASF/sam/drivers/pio/pio_handler.o
PMC_Handler                                       src/ASF/sam/utils/cmsis/same70/source/templates/gcc/startup_same70.o
PWM0_Handler                                      src/ASF/sam/utils/cmsis/same70/source/templates/gcc/startup_same70.o
PWM1_Handler                                      src/ASF/sam/utils/cmsis/same70/source/templates/gcc/startup_same70.o
PendSV_Handler                                    src/ASF/sam/utils/cmsis/same70/source/templates/gcc/startup_same70.o
QSPI_Handler                                      src/ASF/sam/utils/cmsis/same70/source/templates/gcc/startup_same70.o
RSTC_Handler                                      src/ASF/sam/utils/cmsis/same70/source/templates/gcc/startup_same70.o
RSWDT_Handler                                     src/ASF/sam/utils/cmsis/same70/source/templates/gcc/startup_same70.o
RTC_Handler                                       src/ASF/sam/utils/cmsis/same70/source/templates/gcc/startup_same70.o
RTT_Handler                                       src/ASF/sam/utils/cmsis/same70/source/templates/gcc/startup_same70.o
Reset_Handler                                     src/ASF/sam/utils/cmsis/same70/source/templates/gcc/startup_same70.o
SDRAMC_Handler                                    src/ASF/sam/utils/cmsis/same70/source/templates/gcc/startup_same70.o
SPI0_Handler                                      src/ASF/sam/utils/cmsis/same70/source/templates/gcc/startup_same70.o
SPI1_Handler                                      src/ASF/sam/utils/cmsis/same70/source/templates/gcc/startup_same70.o
SSC_Handler                                       src/ASF/sam/utils/cmsis/same70/source/templates/gcc/startup_same70.o
SUPC_Handler                                      src/ASF/sam/utils/cmsis/same70/source/templates/gcc/startup_same70.o
SVC_Handler                                       src/ASF/sam/utils/cmsis/same70/source/templates/gcc/startup_same70.o
SysTick_Handler                                   src/ASF/sam/utils/cmsis/same70/source/templates/gcc/startup_same70.o
SystemCoreClock                                   src/ASF/sam/utils/cmsis/same70/source/templates/system_same70.o
SystemCoreClockUpdate                             src/ASF/sam/utils/cmsis/same70/source/templates/system_same70.o
                                                  src/ASF/common/services/clock/same70/sysclk.o
SystemInit                                        src/ASF/sam/utils/cmsis/same70/source/templates/system_same70.o
TC0_Handler                                       src/ASF/sam/utils/cmsis/same70/source/templates/gcc/startup_same70.o
TC10_Handler                                      src/ASF/sam/utils/cmsis/same70/source/templates/gcc/startup_same70.o
TC11_Handler                                      src/ASF/sam/utils/cmsis/same70/source/templates/gcc/startup_same70.o
TC1_Handler                                       src/ASF/sam/utils/cmsis/same70/source/templates/gcc/startup_same70.o
TC2_Handler                                       src/ASF/sam/utils/cmsis/same70/source/templates/gcc/startup_same70.o
TC3_Handler                                       src/ASF/sam/utils/cmsis/same70/source/templates/gcc/startup_same70.o
TC4_Handler                                       src/ASF/sam/utils/cmsis/same70/source/templates/gcc/startup_same70.o
TC5_Handler                                       src/ASF/sam/utils/cmsis/same70/source/templates/gcc/startup_same70.o
TC6_Handler                                       src/ASF/sam/utils/cmsis/same70/source/templates/gcc/startup_same70.o
TC7_Handler                                       src/ASF/sam/utils/cmsis/same70/source/templates/gcc/startup_same70.o
TC8_Handler                                       src/ASF/sam/utils/cmsis/same70/source/templates/gcc/startup_same70.o
TC9_Handler                                       src/ASF/sam/utils/cmsis/same70/source/templates/gcc/startup_same70.o
TC_init                                           src/main.o
TRNG_Handler                                      src/ASF/sam/utils/cmsis/same70/source/templates/gcc/startup_same70.o
TWIHS0_Handler                                    src/ASF/sam/utils/cmsis/same70/source/templates/gcc/startup_same70.o
TWIHS1_Handler                                    src/ASF/sam/utils/cmsis/same70/source/templates/gcc/startup_same70.o
TWIHS2_Handler                                    src/ASF/sam/utils/cmsis/same70/source/templates/gcc/startup_same70.o
UART0_Handler                                     src/ASF/sam/utils/cmsis/same70/source/templates/gcc/startup_same70.o
UART1_Handler                                     src/ASF/sam/utils/cmsis/same70/source/templates/gcc/startup_same70.o
UART2_Handler                                     src/ASF/sam/utils/cmsis/same70/source/templates/gcc/startup_same70.o
UART3_Handler                                     src/ASF/sam/utils/cmsis/same70/source/templates/gcc/startup_same70.o
UART4_Handler                                     src/ASF/sam/utils/cmsis/same70/source/templates/gcc/startup_same70.o
USART0_Handler                                    src/ASF/sam/utils/cmsis/same70/source/templates/gcc/startup_same70.o
USART1_Handler                                    src/ASF/sam/utils/cmsis/same70/source/templates/gcc/startup_same70.o
USART2_Handler                                    src/ASF/sam/utils/cmsis/same70/source/templates/gcc/startup_same70.o
USBHS_Handler                                     src/ASF/sam/utils/cmsis/same70/source/templates/gcc/startup_same70.o
UsageFault_Handler                                src/ASF/sam/utils/cmsis/same70/source/templates/gcc/startup_same70.o
WDT_Handler                                       src/ASF/sam/utils/cmsis/same70/source/templates/gcc/startup_same70.o
XDMAC_Handler                                     src/ASF/sam/utils/cmsis/same70/source/templates/gcc/startup_same70.o
_Jv_RegisterClasses                               c:/program files (x86)/atmel/studio/7.0/toolchain/arm/arm-gnu-toolchain/bin/../lib/gcc/arm-none-eabi/6.3.1/thumb/v7e-m/crtbegin.o
__atexit_recursive_mutex                          c:/program files (x86)/atmel/studio/7.0/toolchain/arm/arm-gnu-toolchain/bin/../lib/gcc/arm-none-eabi/6.3.1/../../../../arm-none-eabi/lib/thumb/v7e-m\libc.a(lib_a-__call_atexit.o)
                                                  c:/program files (x86)/atmel/studio/7.0/toolchain/arm/arm-gnu-toolchain/bin/../lib/gcc/arm-none-eabi/6.3.1/../../../../arm-none-eabi/lib/thumb/v7e-m\libc.a(lib_a-__atexit.o)
__bss_end__                                       c:/program files (x86)/atmel/studio/7.0/toolchain/arm/arm-gnu-toolchain/bin/../lib/gcc/arm-none-eabi/6.3.1/../../../../arm-none-eabi/lib/thumb/v7e-m/crt0.o
__bss_start__                                     c:/program files (x86)/atmel/studio/7.0/toolchain/arm/arm-gnu-toolchain/bin/../lib/gcc/arm-none-eabi/6.3.1/../../../../arm-none-eabi/lib/thumb/v7e-m/crt0.o
__call_exitprocs                                  c:/program files (x86)/atmel/studio/7.0/toolchain/arm/arm-gnu-toolchain/bin/../lib/gcc/arm-none-eabi/6.3.1/../../../../arm-none-eabi/lib/thumb/v7e-m\libc.a(lib_a-__call_atexit.o)
                                                  c:/program files (x86)/atmel/studio/7.0/toolchain/arm/arm-gnu-toolchain/bin/../lib/gcc/arm-none-eabi/6.3.1/../../../../arm-none-eabi/lib/thumb/v7e-m\libc.a(lib_a-exit.o)
__deregister_frame_info                           c:/program files (x86)/atmel/studio/7.0/toolchain/arm/arm-gnu-toolchain/bin/../lib/gcc/arm-none-eabi/6.3.1/thumb/v7e-m/crtbegin.o
__dso_handle                                      c:/program files (x86)/atmel/studio/7.0/toolchain/arm/arm-gnu-toolchain/bin/../lib/gcc/arm-none-eabi/6.3.1/thumb/v7e-m/crtbegin.o
__fini_array_end                                  c:/program files (x86)/atmel/studio/7.0/toolchain/arm/arm-gnu-toolchain/bin/../lib/gcc/arm-none-eabi/6.3.1/../../../../arm-none-eabi/lib/thumb/v7e-m\libc.a(lib_a-fini.o)
__fini_array_start                                c:/program files (x86)/atmel/studio/7.0/toolchain/arm/arm-gnu-toolchain/bin/../lib/gcc/arm-none-eabi/6.3.1/../../../../arm-none-eabi/lib/thumb/v7e-m\libc.a(lib_a-fini.o)
__init_array_end                                  c:/program files (x86)/atmel/studio/7.0/toolchain/arm/arm-gnu-toolchain/bin/../lib/gcc/arm-none-eabi/6.3.1/../../../../arm-none-eabi/lib/thumb/v7e-m\libc.a(lib_a-init.o)
__init_array_start                                c:/program files (x86)/atmel/studio/7.0/toolchain/arm/arm-gnu-toolchain/bin/../lib/gcc/arm-none-eabi/6.3.1/../../../../arm-none-eabi/lib/thumb/v7e-m\libc.a(lib_a-init.o)
__libc_fini                                       c:/program files (x86)/atmel/studio/7.0/toolchain/arm/arm-gnu-toolchain/bin/../lib/gcc/arm-none-eabi/6.3.1/../../../../arm-none-eabi/lib/thumb/v7e-m\libc.a(lib_a-__call_atexit.o)
__libc_fini_array                                 c:/program files (x86)/atmel/studio/7.0/toolchain/arm/arm-gnu-toolchain/bin/../lib/gcc/arm-none-eabi/6.3.1/../../../../arm-none-eabi/lib/thumb/v7e-m\libc.a(lib_a-fini.o)
                                                  c:/program files (x86)/atmel/studio/7.0/toolchain/arm/arm-gnu-toolchain/bin/../lib/gcc/arm-none-eabi/6.3.1/../../../../arm-none-eabi/lib/thumb/v7e-m\libc.a(lib_a-__call_atexit.o)
                                                  c:/program files (x86)/atmel/studio/7.0/toolchain/arm/arm-gnu-toolchain/bin/../lib/gcc/arm-none-eabi/6.3.1/../../../../arm-none-eabi/lib/thumb/v7e-m/crt0.o
__libc_init_array                                 c:/program files (x86)/atmel/studio/7.0/toolchain/arm/arm-gnu-toolchain/bin/../lib/gcc/arm-none-eabi/6.3.1/../../../../arm-none-eabi/lib/thumb/v7e-m\libc.a(lib_a-init.o)
                                                  src/ASF/sam/utils/cmsis/same70/source/templates/gcc/startup_same70.o
                                                  c:/program files (x86)/atmel/studio/7.0/toolchain/arm/arm-gnu-toolchain/bin/../lib/gcc/arm-none-eabi/6.3.1/../../../../arm-none-eabi/lib/thumb/v7e-m/crt0.o
__lock___arc4random_mutex                         c:/program files (x86)/atmel/studio/7.0/toolchain/arm/arm-gnu-toolchain/bin/../lib/gcc/arm-none-eabi/6.3.1/../../../../arm-none-eabi/lib/thumb/v7e-m\libc.a(lib_a-lock.o)
__lock___at_quick_exit_mutex                      c:/program files (x86)/atmel/studio/7.0/toolchain/arm/arm-gnu-toolchain/bin/../lib/gcc/arm-none-eabi/6.3.1/../../../../arm-none-eabi/lib/thumb/v7e-m\libc.a(lib_a-lock.o)
__lock___atexit_recursive_mutex                   c:/program files (x86)/atmel/studio/7.0/toolchain/arm/arm-gnu-toolchain/bin/../lib/gcc/arm-none-eabi/6.3.1/../../../../arm-none-eabi/lib/thumb/v7e-m\libc.a(lib_a-lock.o)
                                                  c:/program files (x86)/atmel/studio/7.0/toolchain/arm/arm-gnu-toolchain/bin/../lib/gcc/arm-none-eabi/6.3.1/../../../../arm-none-eabi/lib/thumb/v7e-m\libc.a(lib_a-__call_atexit.o)
__lock___dd_hash_mutex                            c:/program files (x86)/atmel/studio/7.0/toolchain/arm/arm-gnu-toolchain/bin/../lib/gcc/arm-none-eabi/6.3.1/../../../../arm-none-eabi/lib/thumb/v7e-m\libc.a(lib_a-lock.o)
__lock___env_recursive_mutex                      c:/program files (x86)/atmel/studio/7.0/toolchain/arm/arm-gnu-toolchain/bin/../lib/gcc/arm-none-eabi/6.3.1/../../../../arm-none-eabi/lib/thumb/v7e-m\libc.a(lib_a-lock.o)
__lock___malloc_recursive_mutex                   c:/program files (x86)/atmel/studio/7.0/toolchain/arm/arm-gnu-toolchain/bin/../lib/gcc/arm-none-eabi/6.3.1/../../../../arm-none-eabi/lib/thumb/v7e-m\libc.a(lib_a-lock.o)
__lock___sfp_recursive_mutex                      c:/program files (x86)/atmel/studio/7.0/toolchain/arm/arm-gnu-toolchain/bin/../lib/gcc/arm-none-eabi/6.3.1/../../../../arm-none-eabi/lib/thumb/v7e-m\libc.a(lib_a-lock.o)